Archive member included to satisfy reference by file (symbol)

C:\Users\sanka\SimplicityStudio\v4_workspace\soc-btmesh-empty\protocol\bluetooth\lib\EFR32XG13X\GCC\libbluetooth_mesh.a(bgapi.c.obj)
                              ./gecko_main.o (symbol from plugin) (gecko_cmd_msg_buf)
C:\Users\sanka\SimplicityStudio\v4_workspace\soc-btmesh-empty\protocol\bluetooth\lib\EFR32XG13X\GCC\libbluetooth_mesh.a(bgapi_gatt_lib.c.obj)
                              ./gecko_main.o (symbol from plugin) (sli_bt_cmd_gatt_server_write_attribute_value)
C:\Users\sanka\SimplicityStudio\v4_workspace\soc-btmesh-empty\protocol\bluetooth\lib\EFR32XG13X\GCC\libbluetooth_mesh.a(bgapi_hardware.c.obj)
                              ./gecko_main.o (symbol from plugin) (sli_bt_cmd_hardware_set_soft_timer)
C:\Users\sanka\SimplicityStudio\v4_workspace\soc-btmesh-empty\protocol\bluetooth\lib\EFR32XG13X\GCC\libbluetooth_mesh.a(bgapi_le_connection.c.obj)
                              ./gecko_main.o (symbol from plugin) (sli_bt_cmd_le_connection_close)
C:\Users\sanka\SimplicityStudio\v4_workspace\soc-btmesh-empty\protocol\bluetooth\lib\EFR32XG13X\GCC\libbluetooth_mesh.a(bgapi_ps.c.obj)
                              ./gecko_main.o (symbol from plugin) (sli_bt_cmd_flash_ps_erase_all)
C:\Users\sanka\SimplicityStudio\v4_workspace\soc-btmesh-empty\protocol\bluetooth\lib\EFR32XG13X\GCC\libbluetooth_mesh.a(bgapi_system.c.obj)
                              ./gecko_main.o (symbol from plugin) (sli_bt_cmd_system_get_bt_address)
C:\Users\sanka\SimplicityStudio\v4_workspace\soc-btmesh-empty\protocol\bluetooth\lib\EFR32XG13X\GCC\libbluetooth_mesh.a(bglib.c.obj)
                              ./src/main.o (symbol from plugin) (gecko_wait_event)
C:\Users\sanka\SimplicityStudio\v4_workspace\soc-btmesh-empty\protocol\bluetooth\lib\EFR32XG13X\GCC\libbluetooth_mesh.a(bondingdb.c.obj)
                              bglib.c.obj (symbol from plugin) (bondingdb_get_max_bonds)
C:\Users\sanka\SimplicityStudio\v4_workspace\soc-btmesh-empty\protocol\bluetooth\lib\EFR32XG13X\GCC\libbluetooth_mesh.a(btl_interface.c.obj)
                              bgapi.c.obj (symbol from plugin) (bootloader_getInfo)
C:\Users\sanka\SimplicityStudio\v4_workspace\soc-btmesh-empty\protocol\bluetooth\lib\EFR32XG13X\GCC\libbluetooth_mesh.a(efr32xg1x.c.obj)
                              bglib.c.obj (symbol from plugin) (bg_hal_set_ctune)
C:\Users\sanka\SimplicityStudio\v4_workspace\soc-btmesh-empty\protocol\bluetooth\lib\EFR32XG13X\GCC\libbluetooth_mesh.a(gap.c.obj)
                              bglib.c.obj (symbol from plugin) (gap_reset_state)
C:\Users\sanka\SimplicityStudio\v4_workspace\soc-btmesh-empty\protocol\bluetooth\lib\EFR32XG13X\GCC\libbluetooth_mesh.a(gap_adv.c.obj)
                              gap.c.obj (symbol from plugin) (gap_adv_update)
C:\Users\sanka\SimplicityStudio\v4_workspace\soc-btmesh-empty\protocol\bluetooth\lib\EFR32XG13X\GCC\libbluetooth_mesh.a(gap_periodic_adv-stubs.c.obj)
                              bglib.c.obj (symbol from plugin) (ubt_gap_alloc_periodic_adv)
C:\Users\sanka\SimplicityStudio\v4_workspace\soc-btmesh-empty\protocol\bluetooth\lib\EFR32XG13X\GCC\libbluetooth_mesh.a(gap_periodic_scan-stubs.c.obj)
                              bglib.c.obj (symbol from plugin) (ubt_gap_alloc_periodic_scan)
C:\Users\sanka\SimplicityStudio\v4_workspace\soc-btmesh-empty\protocol\bluetooth\lib\EFR32XG13X\GCC\libbluetooth_mesh.a(gap_resolver.c.obj)
                              gap.c.obj (symbol from plugin) (gap_address_resolver_step)
C:\Users\sanka\SimplicityStudio\v4_workspace\soc-btmesh-empty\protocol\bluetooth\lib\EFR32XG13X\GCC\libbluetooth_mesh.a(gap_scan.c.obj)
                              gap.c.obj (symbol from plugin) (gap_status_set_scan_packet)
C:\Users\sanka\SimplicityStudio\v4_workspace\soc-btmesh-empty\protocol\bluetooth\lib\EFR32XG13X\GCC\libbluetooth_mesh.a(gap_whitelist-stubs.c.obj)
                              bondingdb.c.obj (symbol from plugin) (gap_whitelist_clear_list)
C:\Users\sanka\SimplicityStudio\v4_workspace\soc-btmesh-empty\protocol\bluetooth\lib\EFR32XG13X\GCC\libbluetooth_mesh.a(gatt.c.obj)
                              gap.c.obj (symbol from plugin) (gatt_init_connection)
C:\Users\sanka\SimplicityStudio\v4_workspace\soc-btmesh-empty\protocol\bluetooth\lib\EFR32XG13X\GCC\libbluetooth_mesh.a(gatt_client.c.obj)
                              bgapi_gatt_lib.c.obj (symbol from plugin) (gatt_client_init)
C:\Users\sanka\SimplicityStudio\v4_workspace\soc-btmesh-empty\protocol\bluetooth\lib\EFR32XG13X\GCC\libbluetooth_mesh.a(gatt_db_minimal.c.obj)
                              gap_adv.c.obj (symbol from plugin) (gatt_db_handle_active)
C:\Users\sanka\SimplicityStudio\v4_workspace\soc-btmesh-empty\protocol\bluetooth\lib\EFR32XG13X\GCC\libbluetooth_mesh.a(gatt_server.c.obj)
                              gatt_db_minimal.c.obj (symbol from plugin) (gatt_server_send_attribute_value_event)
[...]
Memory Configuration

Name             Origin             Length             Attributes
FLASH_BOOTLOADER 0x0fe10000         0x00004000         xr
FLASH            0x00000000         0x00080000         xr
RAM              0x20000000         0x00010000         xrw
*default*        0x00000000         0xffffffff

Linker script and memory map

LOAD e:/simplicity studio/developer/toolchains/gnu_arm/7.2_2017q4/bin/../lib/gcc/arm-none-eabi/7.2.1/thumb/v7e-m/fpv4-sp/softfp/crti.o
LOAD e:/simplicity studio/developer/toolchains/gnu_arm/7.2_2017q4/bin/../lib/gcc/arm-none-eabi/7.2.1/thumb/v7e-m/fpv4-sp/softfp/crtbegin.o
LOAD e:/simplicity studio/developer/toolchains/gnu_arm/7.2_2017q4/bin/../lib/gcc/arm-none-eabi/7.2.1/../../../../arm-none-eabi/lib/thumb/v7e-m/fpv4-sp/softfp/crt0.o
START GROUP
LOAD C:\Users\sanka\AppData\Local\Temp\ccNhfWoE.ltrans0.ltrans.o
LOAD C:\Users\sanka\AppData\Local\Temp\ccNhfWoE.ltrans1.ltrans.o
LOAD C:\Users\sanka\AppData\Local\Temp\ccNhfWoE.ltrans2.ltrans.o
LOAD C:\Users\sanka\AppData\Local\Temp\ccNhfWoE.ltrans3.ltrans.o
LOAD C:\Users\sanka\AppData\Local\Temp\ccNhfWoE.ltrans4.ltrans.o
LOAD C:\Users\sanka\AppData\Local\Temp\ccNhfWoE.ltrans5.ltrans.o
LOAD C:\Users\sanka\AppData\Local\Temp\ccNhfWoE.ltrans6.ltrans.o
LOAD C:\Users\sanka\AppData\Local\Temp\ccNhfWoE.ltrans7.ltrans.o
LOAD C:\Users\sanka\AppData\Local\Temp\ccNhfWoE.ltrans8.ltrans.o
LOAD C:\Users\sanka\SimplicityStudio\v4_workspace\soc-btmesh-empty\protocol\bluetooth\lib\EFR32XG13X\GCC\libbluetooth_mesh.a
LOAD C:\Users\sanka\SimplicityStudio\v4_workspace\soc-btmesh-empty\protocol\bluetooth\lib\EFR32XG13X\GCC\libcoex.a
LOAD C:\Users\sanka\SimplicityStudio\v4_workspace\soc-btmesh-empty\protocol\bluetooth\lib\EFR32XG13X\GCC\binapploader.o
LOAD C:\Users\sanka\SimplicityStudio\v4_workspace\soc-btmesh-empty\protocol\bluetooth\lib\EFR32XG13X\GCC\libpsstore.a
LOAD C:\Users\sanka\SimplicityStudio\v4_workspace\soc-btmesh-empty\platform\radio\rail_lib\autogen\librail_release\librail_efr32xg13_gcc_release.a
LOAD e:/simplicity studio/developer/toolchains/gnu_arm/7.2_2017q4/bin/../lib/gcc/arm-none-eabi/7.2.1/../../../../arm-none-eabi/lib/thumb/v7e-m/fpv4-sp/softfp\libm.a
END GROUP
START GROUP
LOAD e:/simplicity studio/developer/toolchains/gnu_arm/7.2_2017q4/bin/../lib/gcc/arm-none-eabi/7.2.1/thumb/v7e-m/fpv4-sp/softfp\libgcc.a
LOAD e:/simplicity studio/developer/toolchains/gnu_arm/7.2_2017q4/bin/../lib/gcc/arm-none-eabi/7.2.1/../../../../arm-none-eabi/lib/thumb/v7e-m/fpv4-sp/softfp\libc_nano.a
LOAD e:/simplicity studio/developer/toolchains/gnu_arm/7.2_2017q4/bin/../lib/gcc/arm-none-eabi/7.2.1/../../../../arm-none-eabi/lib/thumb/v7e-m/fpv4-sp/softfp\libnosys.a
END GROUP
START GROUP
LOAD e:/simplicity studio/developer/toolchains/gnu_arm/7.2_2017q4/bin/../lib/gcc/arm-none-eabi/7.2.1/thumb/v7e-m/fpv4-sp/softfp\libgcc.a
LOAD e:/simplicity studio/developer/toolchains/gnu_arm/7.2_2017q4/bin/../lib/gcc/arm-none-eabi/7.2.1/../../../../arm-none-eabi/lib/thumb/v7e-m/fpv4-sp/softfp\libg_nano.a
LOAD e:/simplicity studio/developer/toolchains/gnu_arm/7.2_2017q4/bin/../lib/gcc/arm-none-eabi/7.2.1/../../../../arm-none-eabi/lib/thumb/v7e-m/fpv4-sp/softfp\libc_nano.a
END GROUP
START GROUP
LOAD e:/simplicity studio/developer/toolchains/gnu_arm/7.2_2017q4/bin/../lib/gcc/arm-none-eabi/7.2.1/thumb/v7e-m/fpv4-sp/softfp\libgcc.a
LOAD e:/simplicity studio/developer/toolchains/gnu_arm/7.2_2017q4/bin/../lib/gcc/arm-none-eabi/7.2.1/../../../../arm-none-eabi/lib/thumb/v7e-m/fpv4-sp/softfp\libc_nano.a
END GROUP
LOAD e:/simplicity studio/developer/toolchains/gnu_arm/7.2_2017q4/bin/../lib/gcc/arm-none-eabi/7.2.1/thumb/v7e-m/fpv4-sp/softfp/crtend.o
LOAD e:/simplicity studio/developer/toolchains/gnu_arm/7.2_2017q4/bin/../lib/gcc/arm-none-eabi/7.2.1/thumb/v7e-m/fpv4-sp/softfp/crtn.o

.text_bootloader
                0x0fe10000        0x0
 *(.binbootloader*)
                0x0fe10000                . = ALIGN (0x4000)

.text_apploader
                0x00000000     0xafc0
 *(.binapploader*)
 .binapploader  0x00000000     0xafc0 C:\Users\sanka\SimplicityStudio\v4_workspace\soc-btmesh-empty\protocol\bluetooth\lib\EFR32XG13X\GCC\binapploader.o

.text_signature
                0x0000afc0       0x40
                0x0000b000                . = ALIGN (0x800)
 *fill*         0x0000afc0       0x40 
                0x0000b000                __text_start__ = .

.text_application
                0x0000b000    0x42524
 *(.vectors)
 .vectors       0x0000b000       0xfc C:\Users\sanka\AppData\Local\Temp\ccNhfWoE.ltrans0.ltrans.o
                0x0000b000                __Vectors
                0x0000b0fc                __Vectors_End = .
                0x000000fc                __Vectors_Size = (__Vectors_End - __Vectors)
                0x0000b0fc                __end__ = .
 *(.application_properties)
 .application_properties
                0x0000b0fc       0x40 C:\Users\sanka\AppData\Local\Temp\ccNhfWoE.ltrans0.ltrans.o
                0x0000b0fc                bg_application_properties
 *(.gecko_configuration)
 *(.xo_configuration)
 *(.gatt_header)
 .gatt_header   0x0000b13c       0x34 C:\Users\sanka\AppData\Local\Temp\ccNhfWoE.ltrans6.ltrans.o
                0x0000b13c                bg_gattdb_data
 *(.gatt_data)
 .gatt_data     0x0000b170      0x2cc C:\Users\sanka\AppData\Local\Temp\ccNhfWoE.ltrans6.ltrans.o
                0x0000b170                bg_gattdb_data_attributes_map
                0x0000b2e4                bg_gattdb_data_attribute_field_30
                0x0000b2ec                bg_gattdb_data_attribute_field_29
                0x0000b302                bg_gattdb_data_attribute_field_28
                0x0000b314                bg_gattdb_data_attribute_field_26
                0x0000b31c                bg_gattdb_data_attribute_field_25
                0x0000b324                bg_gattdb_data_attribute_field_24
                0x0000b32c                bg_gattdb_data_attribute_field_23
                0x0000b334                bg_gattdb_data_attribute_field_22
                0x0000b338                bg_gattdb_data_attribute_field_20
                0x0000b340                bg_gattdb_data_attribute_field_19
                0x0000b348                bg_gattdb_data_attribute_field_18
                0x0000b350                bg_gattdb_data_attribute_field_17
                0x0000b358                bg_gattdb_data_attribute_field_16
                0x0000b35c                bg_gattdb_data_attribute_field_15
                0x0000b36a                bg_gattdb_data_attribute_field_14
                0x0000b372                bg_gattdb_data_attribute_field_13
                0x0000b376                bg_gattdb_data_attribute_field_12
                0x0000b37a                bg_gattdb_data_attribute_field_11
                0x0000b384                bg_gattdb_data_attribute_field_10
                0x0000b38c                bg_gattdb_data_attribute_field_9
                0x0000b394                bg_gattdb_data_attribute_field_8
                0x0000b398                bg_gattdb_data_attribute_field_7
                0x0000b3a0                bg_gattdb_data_attribute_field_6
                0x0000b3a8                bg_gattdb_data_attribute_field_5
                0x0000b3b0                bg_gattdb_data_attribute_field_4
                0x0000b3b8                bg_gattdb_data_attribute_field_2
                0x0000b3c0                bg_gattdb_data_attribute_field_1
                0x0000b3c8                bg_gattdb_data_attribute_field_0
                0x0000b3cc                bg_gattdb_data_adv_uuid128_map
                0x0000b3dc                bg_gattdb_data_adv_uuid16_map
                0x0000b3e4                bg_gattdb_data_attributes_dynamic_mapping_map
                0x0000b3f6                bg_gattdb_data_uuidtable_128_map
                0x0000b416                bg_gattdb_data_uuidtable_16_map
 *(.text*)
 .text          0x0000b43c       0x40 e:/simplicity studio/developer/toolchains/gnu_arm/7.2_2017q4/bin/../lib/gcc/arm-none-eabi/7.2.1/thumb/v7e-m/fpv4-sp/softfp/crtbegin.o
 .text          0x0000b47c       0x74 e:/simplicity studio/developer/toolchains/gnu_arm/7.2_2017q4/bin/../lib/gcc/arm-none-eabi/7.2.1/../../../../arm-none-eabi/lib/thumb/v7e-m/fpv4-sp/softfp/crt0.o
                0x0000b47c                _mainCRTStartup
                0x0000b47c                _start
 .text          0x0000b4f0     0x5294 C:\Users\sanka\AppData\Local\Temp\ccNhfWoE.ltrans0.ltrans.o
                0x0000b514                gecko_init_alloc
                0x0000d7e8                bgapi_ubt_listener
                0x0000dbec                sli_bt_cmd_gatt_server_send_characteristic_notification
                0x0000e6d0                Reset_Handler
                0x0000e824                ubt_sm_get_bond_data
                0x0000e854                bondingdb_is_bonded
                0x0000e874                ubt_sm_set_bond_data
                0x0000e8a2                gecko_stack_update_callback
                0x0000ecf0                gpio_handler
                0x0000ed38                CORE_EnterCritical
                0x0000ed40                SystemHFXOClockGet
                0x0000ed4c                CMU_OscillatorEnable
                0x0000eec0                int32_from_buf.lto_priv.740
                0x0000f290                SYSTEM_ChipRevisionGet
                0x0000f2c4                MSC_Deinit
                0x0000f2d8                MSC_Init
                0x0000f2f8                GPIO_PinModeSet
                0x0000f46c                EMU_DCDCLnRcoBandSet
                0x0000f494                CORE_EnterAtomic
                0x0000f49c                CORE_ExitCritical
                0x0000f4a2                CORE_ExitAtomic
                0x0000f4a6                CMU_ClockSelectGet
                0x0000f56c                CMU_ClockEnable
                0x0000fef8                SystemULFRCOClockGet
                0x0000fefe                SystemLFXOClockGet
                0x0000ff08                SystemLFRCOClockGet
                0x0000ff0e                SystemHFClockGet
                0x0001007c                CMU_ClockFreqGet
                0x000100cc                CMU_ClockSelectSet
                0x00010662                _write
                0x000106b8                _sbrk
                0x000106dc                _read
                0x0001076c                _lseek
                0x00010770                _isatty
                0x00010774                _fstat
                0x0001077e                _exit
                0x00010780                _close
 .text.startup  0x00010784     0x1afc C:\Users\sanka\AppData\Local\Temp\ccNhfWoE.ltrans0.ltrans.o
                0x00010784                main
 .text          0x00012280     0x67ec C:\Users\sanka\AppData\Local\Temp\ccNhfWoE.ltrans1.ltrans.o
                0x00012280                s6019f7a3afecff5901e1f5b5e089d0bf368977f12d58f1bc8cade3b6b255c942
                0x000123b0                s397c5908bcbef142488053fd732713c4704ca1a420a58e09b7db65819fe1e8ce.lto_priv.543
                0x000123ec                s99706ec9cefad0764102cb5bdcebde1d96496104c401277e87779cc829eec13d.lto_priv.542
                0x0001242c                s9ee8e7b377e7bbae007f625ff51febedc8d063543feed2ab0e008bffacc9ccb7.lto_priv.669
                0x00012454                s6fbe0c269e360b8f1fbbc98112acdb192df0211550e6133771232053ab246715.lto_priv.678
                0x000124b0                s387b15fb1744117b5c165017881d40117ae3aa5974476918cbc2ee1f8dc693e6.lto_priv.697
                0x000124e4                s00f1f0e4fe2d51b69bc1ab76e9c0e81090850fcf343b54cd1a5de24d1d6497a6.lto_priv.710
                0x0001254a                s2db9b6c061f73e5b9d22dd0d258588bba388b477df62b6f538b72cfaf173da9f.lto_priv.702
                0x000125b4                s5c09c78ce000038282facbea8e578d879cb1e24458c166c35a622c948c906e58.lto_priv.404
                0x000125f4                s5b72c4b148d240cc9e95761e47b696081137bf842417669d72976243429f7751.lto_priv.725
                0x00012760                s812df2f5702d61edb599343bdabb632164a4d6dd008d65b02b6f5d7c4e0ea4af.lto_priv.716
                0x0001282c                s6c59506c7bbf152d34cbcd35e5b7b4987035b0784ce91b349fcdeafc01521cf2.lto_priv.712
                0x000128c0                sc26473ffef917b61dbd7038c4e1a2509547cf2e6d4ddc8736bc03d2c98cf36c2.lto_priv.720
                0x000129e4                s39ff9ef9cc66173a7a267cf29a44df7299537fe6d4967a24cf029a22be202907.lto_priv.706
                0x00012a74                s052edd57c49e64c037d6d98396a1eddc51d7c950a362342a7c446d302c70774c.lto_priv.698
                0x00012b0a                s779a26b8362f9cfad734f5cc9795f4183cbb3ee79989b9146d9cf2567c126064.lto_priv.724
                0x00012bf4                s6cff794901c5ca24cfd1342947dd283c1b34b6b2026305dbeca8b2c9d1089e51.lto_priv.715
                0x00012cb0                sd734ad361ea8a46ed8c201c9b316790320595faf3b4ae1cd08255da86ef54d9a.lto_priv.709
                0x00012d1e                s4e7b8d10f7175a2e50ecb5127e2386d556cf9d6d0d844e084b773353e6e31efd.lto_priv.701
                0x00012d76                s3cd1a9f003a13e4a39f4cb349950cc6b9f596d5ac6a6bdd640419e93f0b9ce1c.lto_priv.723
                0x00012df6                s14515aba55c6cb6b3c8799123dd9517c86074faef481effcefffc0cd9312be74.lto_priv.722
                0x00012e7c                s9e9233b5c197bdfecb61add048a7645b4f65f0a851a98ab1f7a97f7ccd13bd25.lto_priv.718
                0x00012ee4                s6108e598ee7a45bd4cebc144dd7630ca078ba5f51c39c1492fde968c51baf2ec.lto_priv.719
                0x00012fdc                s905589bbd6fb86a33c9c277b21f92cec8e4cf88b80ef1b55a71334b19e18832b.lto_priv.705
                0x00013154                s051bc97c630d1975d9e51a22bad39a498562ce38394b2853156af9d5101d7b0b.lto_priv.696
                0x000131ec                s47d6266b4a38e65c8ba68a8d4e1ba54b6f78102dabe15df51d0cb26788c82aef
                0x000131fc                s2f489a108ba7fcda9e53df35ccab748974301c8dc8fcb74cf41d095f38087e4e
                0x00013254                s869ebf5d1ddb382edf0e848b1dfbfc266664a5879b9f50e4288663d740e0f597
                0x00013288                s67440f6c3c8dc1ef0b04b3de3ebc568c9c7ec2541b6bd72e3b3db2202cc4c8d3
                0x000132e4                s91c553eea0c4fc20b28f6c43348107b1e0d8edf703409b09a80bf904903fa46b.lto_priv.471
                0x000132f6                sfd1009219741b0750290222f261449b529db5656996dd0ab40a67ab7d7edc394
                0x00013304                sf71d3fe6c3a3e898c356930065271bb60c4bfd8f75e4b07435c7d10e72437869.lto_priv.564
                0x00013360                s088cbccc3499ac876a492291d60ca125a2463989dd79513a35d280a0444ba6c8.lto_priv.567
                0x000133a4                s5651b3409057f2f91f7d1d979683c1264994a82273a22a3d6105e34db2cf0f82.lto_priv.565
                0x00013424                se803498bc0f438e6a52896ddc0bb7803ac96e94ade97115a5cb59dbe3d48499b.lto_priv.566
                0x000134b8                sc46bfcfac29d23442b485e2bffe9dcdfada2d1219422f512959e2697790f3df6.lto_priv.739
                0x000134d8                se4c5c4869c1fd425af9a9353dff9161ff0da180738231cbe0f9ed7e03ff3c76c.lto_priv.545
                0x000134f4                sc3a70966cf984e0c0be065fdf297224c0063258c0e34f108276380f48093aee4.lto_priv.637
                0x00013560                s1cd50f8088799769916153d4352a16a0896bbbae926205d2536953fc682c02ae.lto_priv.738
                0x0001368c                sde6b8ace8c1c1f296e49a357a91273b96b84d2d93d56f5c92c62b700dc912513
                0x000136a4                s09e08adc186901f795f97605530591010eaca9bbe80a9dadad5ddfb4eb388f94
                0x000136e8                s6ff14fe6bc0ca90c95ef60fe5011df1d824e2948bff1d0a161a4f4b84d8643fd
                0x00013724                sd5a5764d7b99345d1055a0ec7cd53818205afa9782cc83eec96e76a85ba9d892
                0x00013760                se90c8c844a29b0ae4a4beefef0707e404024def2b68d6f4be41f1b9f86e85786
                0x00013790                s49fa92fd1037e7e0b120a325f61aa2a955b66034b0635e210e23654c68a57070
                0x000137ac                sd29e2637760b9137aab9bf98a9b541da79429965d7ec299a169c960935bbd404.lto_priv.559
                0x000137dc                sbec0cbe303bd593ca84a0f69dcc6edb968abae5a92b36ad914f394d98467557f
                0x00013804                s0c2e0b5cac430dda0686b9526dcec376d592e497c1dfe8b00134b86b071a7093
                0x0001387c                s02db68217afc72b235f38a71741247dd90161b847a9b4e369760f613a0b8e40b
                0x000138f0                s07f43ffd9faa0a22b191e0756e79c5b89895da32fd902f6ffd60a0091e50acda
                0x00013a40                s3ad49a2bf094a61325a0536d8ac8171aaca6fb9f5910ca6dd806c6321ca13e98
                0x00013ab8                sc088f32e04a429472e9721e74869095eea035f1a290c69aeda527ccd93810f8c
                0x00013b88                sfe7762df92738633b2a5f93207806ce0274854b94eeb9d03fa92c94c6ebfd8df
                0x00013bc4                s645da1b697ee9275ada820be18567474705476e89923edc66d756660151420af
                0x00013c04                s16671c4bb7b6d8e7bcf499895d40f940971f27e537805451c289edcb3dbfa647
                0x00013c54                s04503efec82ff6ce3f10b9ceae932afea79c6e0615b6e4071a4f20d58cf1938d
                0x00013cb0                s58f83e89d7cc67afc3e9e180c2379c2ad386ab8c1af2c1540b1775efdb032830
                0x00013d08                s3902d71650020e30d49db221264052dc6b47a41d0998031f5e931f8bc506380e
                0x00013d2c                s5758f304d1e9ede43286b555fc7449a9a36461bacaf72c814ebe16a476a994e1
                0x00013d44                s5d62e4c0b5ea254c4df33e2eb9cdf644d44f044922fbf729f5b501ea5e880458.part.12
                0x00013e0c                s86eb02fd0f466d954bb6ef4b143dd56d72ef904efbd40d00dba76579112dd7eb
                0x00013e70                s89b6306be573542508d8a27195da49d14275429e84ba74cfad810d0ba9e10af6
                0x00014030                s7f59fcc55096b2d8416689d8421b79114f59f7ca0bdfdaedd425953cff6d1f8a.lto_priv.744
                0x00014124                sd5823feba9eb9b344ffd6d90a92b7968a62209a61b3e568cc724f2523291fcc8
                0x00014444                s7808f7a389709abacd73fb358ab76ed70d6fc3f0b4a0dddab4d76c3c9bb971fe
                0x00014544                s42750a79d896162f043fdd4f7dc63c8a4cd74cab5aaee57be74d54f804f1774d.lto_priv.745
                0x000145a8                s7506562fc9b89d75c26feb65f105606dcbdc16c1aa462ef0533f77e5534ad2f5
                0x000145d0                s1d2ded0dafe78174c87b66bff868ec9df91c5b5f184d794eb1aad5889f4d16e9
                0x000145f8                s159d970698dc3e527243f512748c02159bf5d84debb89a009024b2178c6a4e69
                0x00014674                sfce14941ec34a4cdfea1f486b7a25608885b6a2557f1702e4dfc47a28176b981
                0x00014690                sb8b7c87872f20a1b2e9ca71591f6ee7bd3e142c0f8f8915edacdbcd6d284eabb
                0x000146b4                s76c034da60c2e7d487bb432ae2dc811dd6a06d3ff432c8a4cf3c358b5cb88ac9.lto_priv.743
                0x00014780                s63a47c678b227da32b4494a3ee56d6491ec443d838b176a02d4c857141d9bbf2
                0x00014820                s717f35c418c559130802600062974238dc265c3da5793e7b51099b9150d2ee26.lto_priv.638
                0x00014854                s624f8c76922faa844830447cf90125102f41bf49506e655929c46dc7995774e1.lto_priv.677
                0x000149ac                s2a8ce4553a4bfa22b7544f7af520042d8d7978856faa6f16c08c9cdcdb2723c0
                0x00014d48                s5ad154f4280798c81d8efe614d62f678e3b82aaeb8736c9ee4436aeef40cc5b3
                0x00014dd8                s8878651543336fa1145f8b71eddb56115b406beb5bed408ca435141243903d07.lto_priv.679
                0x00014ed0                s231c111d325c8dbaf839f6d909a610f06b9befd96debad90b2c2783af1a5ba97.lto_priv.721
                0x00014f54                s62bbb9a65928f9be865a58adaf1ced7b9340af0c718691003f1c500e78d8b603.lto_priv.717
                0x00014fde                s72dab9be2ea68dc84a019a991e870bb5b3c264e6945f15d1259c5fc15f5e50d7.lto_priv.713
                0x00015068                s656afe06c73be1d6ce8e3f80d321ff7fafca26c28b0bd3660a6821d68e9cd2d1.lto_priv.711
                0x000150e0                s2932f79651b7ae899acb9a434b0a07a60e94f0d63771fb816b67ed7ac31959cb.lto_priv.707
                0x0001516a                s6be0b6c6d4a52174821d16dd4e17e8e279e7e0caf5490962174b207a7c595e53.lto_priv.703
                0x000151f2                s396e2c528ddabb8e13e19a7a2f8d98bb4be453abf12c88b6f37dd61f28a582a3.lto_priv.699
                0x0001527c                s104ede6b563f09d6c2114920f36654d8baf44ebc7cad9496a7341517ee06f945.lto_priv.694
                0x00015304                s7e28370973ee381ae9ebe8f451fd6f0c4fb7596529cb95bee2637797473f1f3a.lto_priv.653
                0x000154e0                s62d446a5b6d4d7a648596316b05ca919571271afc5316f0ad5e77b43d5da8631.lto_priv.652
                0x00015564                s240e97313efe110801fa169dbbb8fd9ec45af1caf9db019f89c19427331ef402.lto_priv.668
                0x0001776c                s07d0d60b80759ba5bfef6ae0a6e77471cc2039d167112c48b0dad127a56a7f01.lto_priv.647
                0x0001779c                s8f99fab0cdcfc8bdba2c27eced4721056a1f69c98baba5e6e5d8b01e68640dac
                0x000179a8                sef8368169f3026584af3f56d801d17e982b031e738f3c443e33ade2a527e60ce
 .text.unlikely
                0x00018a6c      0x4e0 C:\Users\sanka\AppData\Local\Temp\ccNhfWoE.ltrans1.ltrans.o
                0x00018ad8                s990c2e2b50b930d86de78a631d6cd478b2ba0c48f45a124a53b372eccf691cb3
                0x00018be8                s29a650147ed900afd81d8677a294b6efec84df043f9b50b25ffecbeff40e62a8
 .text          0x00018f4c     0x5c90 C:\Users\sanka\AppData\Local\Temp\ccNhfWoE.ltrans2.ltrans.o
                0x00018f4c                s8d212826c13c947a5f34f8154beb0d86a0931f439f9d50615a6d9b84de153e76
                0x00018f4e                s09ed5682dcd8ac8f33ce83e45a56f148f0955b736b1f843af1b872e3aa8ab9a2.lto_priv.664
                0x00018f98                s3ae7f12b71a712653ee40e03e96f624e1f08a101483aa7b9096dcfd7c0d5f5cc.lto_priv.734
                0x00018ffc                sc51ded7a99df283122a275d0ecd5a8a7c29ff2bf06e77a2a5b1f363531aece47.lto_priv.733
                0x0001902c                s75b06c479315c0a7b5b8f05891e886b61d1a2a2c6124a9dcbe6778ed11582f71
                0x0001903c                s81abab53ce98518d5cb212a7d36c3e6ec3a8f2dee5da8772e5020a5162bdd3e3
                0x0001908c                scbecaa652a6cc6759624c7a5bbe711e6da2fb9bf21b70d82ee3c94e900b2445b.lto_priv.578
                0x0001913c                s4472ceb367e8b6c2f42c6aafea00a88a704b321cb95713fd0319168e99e08afe
                0x000191e0                s635c2435171484d333ca0acf1cd7f2f0059bae525d0bf8f014641447f79c180e.lto_priv.727
                0x00019488                s3cd1a4a41e76d2e8de9cd2149b8f18141b81271b8fd827267f94cd2c3c088be2
                0x000194fc                sea5b18769320d95f2f018a4e126e7637bd18baba5028b182b0aeec359bdc7b5d.lto_priv.728
                0x00019524                s34632e976fe8de76207a09903a89a917d7a9fa25250638344f9d359ce16a3361.lto_priv.729
                0x000195f8                s05b16165b7a5efa73bb7b7e1f21aa15a65e1c61ce1ef1f317b238ae73d551cbe
                0x00019a8c                s16c809febdaaa89faa5e479d1f9ff28a0a5e144e7a17dec3b4a2ac0f02bdab18
                0x00019df4                s91f950c488b3ef6191a1b3b42263a42a04d3501c7c1f89f4ee006745330d57c3
                0x00019e38                sa5df575d0c1b6797d7561fed700bcc803d62d366712ab9d7ca0fdcbf4c758d45
                0x00019e80                s6bf7d48df75131539ada768514a930db9ba172abd107d46ff9db3d088f8066f0.lto_priv.795
                0x00019e92                s43b7e9d3eec1f84fa52d49bcc7ddbab20e16e8c902ae611a4e412fa10b0aa01e
                0x00019f4c                sfc00126fdd9b0b5e2b573c4c0b20d55edd59de3a84cae21783381e30429b8fe5
                0x0001a046                s7985c66281e2f78b93b6870eadfcbe2a32f33dfe8636263747d2b76c0685668e
                0x0001a108                s8a52b6d7e15aa5d30bd77cd0f9697c991a3734bc74d3db268f2c4017d76e5865
                0x0001a13e                s208d13ded0219f7113d204dbe696b9eb9c8fe49952b89275a283a169a07bbb81.lto_priv.714
                0x0001a194                s3bb4936756d58f2e0a04b0a77a226b057560c536ae2dd188bd6440df5cc9c3be.lto_priv.613
                0x0001a1dc                sfef1ffc321401f3c6a37aa81c5916447026b414b182feb0dbfd8b6713d1d7d38.lto_priv.708
                0x0001a224                s34bc19e7f798ea30f845c35e0757a9ea974210473afcb05bfcbea4821f0ae3e9.lto_priv.704
                0x0001a26c                se6c3ab61c74ef168b7c9e0538dc83bc8a59ee6dcef012d92b53902d9ea66acb2.lto_priv.700
                0x0001a2b4                se36ea26d0d22746a14c4ea045588d2f3ca92b4827548d92421aee06a6ee3def9.lto_priv.695
                0x0001a2fc                s7313f1098d358009fbf31a95bf894aeafd653c6330733aff2036ef76d46b24d9
                0x0001a374                s1487e8a4227712aa5ba9b71335d58fd455da9a115571c82a43a2ab660e0284eb
                0x0001a394                s99dc75304d471a50d48278a417a4b618a81e3c74037c1cb6444ff8527d830a74
                0x0001a40e                s1aa90271a08b20d46a27f6a7b9d3cb3f0f0f45c976a288d9f799eaed3a8885a6
                0x0001a428                s660204d0976a12fb73eceb2a8316c0f1496df2336ad250ca28dea50d5818062b
                0x0001a440                s0c7516f1c8f0bb29da06a31348f1f54785b69d0c61b27c8399f7f17220673e73
                0x0001a45c                s9b4a16f451c16075c2dc89465b45a6b39de6d32e037fd168dc2f831375ffeb2d
                0x0001a474                se8ac6c3b2da9998a0513981dc365024057108e275510d360d8762f9792d33263
                0x0001a48c                s5bc4b2d5af4a0fd71690e6ef55d87530910a772f66a38a5d201a4611621d7950
                0x0001a4b8                s9fdd32ee7dd98c4649fd23d899eb432db46be2a18f31bb85adbf7dc34c7c4858.lto_priv.594
                0x0001a56c                s0a870c2ab5f9c29dc38b0c7bed1b7a1a8562f0a917109545d67835b9fb5b2b3a.lto_priv.608
                0x0001a588                s52762b92e5b7fa69c70a48b983e7cb7d9a16ced4b710bbdf77c3f6f6c2a24007.lto_priv.609
                0x0001a5a0                s5e19155d2108ed2599e665c798ad574fcaa017439d9530eba84b7dc7c743850b.lto_priv.560
                0x0001a5ae                sab8ee35be9e0455a67e98c2a50156049d1c7ff232c8e9df80315689120dc45cd
                0x0001a5ea                s8153570b1e6c3cc1e789ccb6833d3a7c5338f71e9d65a3b1e965d7fe4f6b8b16
                0x0001a630                sb4c57ad7fc5bec8c4278635d262a70490f5ee7abe15aed9b7a79bc6f74f6f736
                0x0001a658                s01474140abeea982cbcc17fe54d9015ac4c5ef83f19c4e4a8830deb2983c01d4.lto_priv.589
                0x0001a674                s1484b20da5524d568ca70fbaccb47656cba58a283d79f2d0c7b559fce4640d72
                0x0001a6cc                sa0df6a53405b04cbd04355298998382d2cb4c82faf733f13ef3fdf72bffd6a66.lto_priv.616.lto_priv.752
                0x0001a6cc                sa0df6a53405b04cbd04355298998382d2cb4c82faf733f13ef3fdf72bffd6a66.lto_priv.618.lto_priv.746
                0x0001a6d2                s0f58d3e48ddfa68e4a7468881b641f28e4b801f7af7c7ff28247710dd9198f84.lto_priv.463
                0x0001a724                s2af6f9855b0bf5b0e2123292b183bd4f0724b10bb81497e27513f48811bac3c6
                0x0001a734                s79b2cf771f824155024802e28f371c5677ccaf9afdef7deaec04d3f709d854e5
                0x0001a74c                s6d6a349dc9180216a0b7d9fff14f65551937e8ab41dcd7619de87babb708bc4c.lto_priv.742
                0x0001a98c                s7b2b44f7f0beda876bb716593a3db71ebcbca6b93c20057038d828d243932e1d.lto_priv.470
                0x0001aa08                s58135f5e7353d344dad389641bab2abd6d5ec2ea155857e830b6530ba15ee077.lto_priv.836
                0x0001aa4c                s0693c3b33f7f6e8a2590215cdfbabac96d7cc9b1cd9b494a6da514ca5c4f2abe
                0x0001aade                s891d7a8f3d8d2bb974910d39b20e63b4866824c0780c3579375ebf7aae6a84ec.lto_priv.591
                0x0001ab38                s16fecf4b2913016fc53de7289ed5b5d86c892d0f6bb90c4c7839949861753371.lto_priv.597
                0x0001ab76                s2b5c1aad074f8475a1bdf8542a28109622aa226ca4d745ce3ab9bb91ab0cc56f.lto_priv.596
                0x0001aba0                sdc34cd4586d985c2b37afff341b88aeb535ebb11cc5670b5af271b5047768542
                0x0001ad74                s3b7a8d9f6b6501ba51636326f98f73b66d80e0b21a727586cee33f8f89a5e794.lto_priv.595
                0x0001af28                sef9892c36f55bd3b99f981d23142560c5f7333433a4fb6691d4484965b30b7f7
                0x0001b05c                s0d0ba7a2cc1833aef5b836cf8c1eb6d0feca95e5a2e4b70dd2f31a588afea840
                0x0001b0dc                s400b0bb91136dc60dbed10e9c6a89f838e20eda566e2dfc066f2392c6fb81e86
                0x0001b16a                s5559104addd1b8c64a578652248f325add4f3747881b097909f3cab638499600
                0x0001b1e0                sa259ab6ddbd289ce00f01c3b0450100d8ca6392ac80634169516370912410c8b.lto_priv.583
                0x0001b208                s19553c834432d53ea96cfb233793ca6d48721f230f5218ea43c1566ed5c2eaef.lto_priv.582
                0x0001b284                s43880b476f0746ac8ccc6dd99788a4281bfb7a9c308668e7bac130dbb82d477b.lto_priv.581
                0x0001b454                s5d8863113e3f322e467d30701d40aa50de01c5939b3b2e3e70c1fc4ee8a8501f.lto_priv.580
                0x0001b484                se129d7c4b491946bb958154e8b64a384aa9caf18da0375d6dff2b7a33f1fb77f.lto_priv.579
                0x0001b4b8                sc1093aa6a11bb3113eea0649ce71e93ce4779ecf6d3d7fc5ca2ae619d0ef1890.lto_priv.741
                0x0001b61c                s9c730bf8430c02b21eb136a5613a6e7babeb112c912ab8bb5bf3f12ae3a2fbbd.lto_priv.726
                0x0001bc5c                sfeb0b174311675d2d2abf26cac650505dcc1bd916985af7028aa70cde2b7daae
                0x0001bc74                sd13d89e7b487c3541f8f0b82fe6e56ef53177a25aeecc973abdf522cd93ea064.lto_priv.731
                0x0001bcac                s0600b16f3a4859ea3a343c708bb69d7718b1ecfd4520cbba2aad96b2196b6433
                0x0001bd64                sa0dcaede846c1cf6ff605eeff1b174c862480c3bab5ed2f136e13189396b13f7.lto_priv.446
                0x0001bd88                s0e55f0d59628a699f55899a6d288545e93cc034b5b9cd4e37811cf1189aa217b
                0x0001bdb8                s98d678c94f3720ccca8dff1726a7200bd09e74b5a6104f03aeb69e33855e25e0.lto_priv.603
                0x0001be3c                s85d8b00bcf3fbae5571f41b980debd05bf0741a6b9ea059c048f3c7a95b3281b
                0x0001be60                s74779adbbcf863200e1451a8c29acbe59451957791090009e576e1c718d8aebd.lto_priv.435
                0x0001be62                sc02bcd4350bf705a8796886673e2745ec11d0411ae650eb46503d2797d2e46f3
                0x0001c054                se690b0fe07f49ad8d2ae0af29a99ee5c790acd15eb1b2ea28e3daa26d209f652
                0x0001c1a0                s9d18a50c23c15f26a9282a97192a523869ef94295b2b5e8c9470ad2d0d65d9b0
                0x0001c2fc                s69df01788beb5e6b0e745200f66c544ce854ca052074bf32899353869dbd93e0.lto_priv.735
                0x0001c390                sbdafaa440e57a64193537557d6aa3fd1d92e44a11dc88c64f239b0827e8c9451.lto_priv.736
                0x0001c420                s154a0b716ef4c089f1ecf9e16c05499c4296393e8804cfd7887b049bb5912fce.lto_priv.737
                0x0001c488                s8824e333c9db5ae58c3891a564750a0cbd349703ff423c182817547e30c161bb.lto_priv.732
                0x0001c4de                scae4967310123b62d7c6676e660b86cfbe85d69d1aa88d9dade17cbbb37fb6b0
                0x0001c52c                s0ff43e371d43058796f2e1532a3f9a50929c0b9c66473d8f918498d94258d25d.lto_priv.590
                0x0001c5a2                s85575a9990d7b698e5c670c70fbc89ce06baf3133f7955e3deee0618bb360543.part.2.lto_priv.551
                0x0001c5d0                s232305ae92a955506cb9236fe14ee7e17497f60efdf5bbe7200ef62a9f0934ef.lto_priv.548
                0x0001c660                s0cc135feb4136b5dab910a0f2191fbb01ff05bf6be40895330584a6afde535a8.lto_priv.555
                0x0001c680                s5adf5f4b631212a46166c62fedf2cd11667ecb2dbb644657bd3a1396676d23f2.lto_priv.549
                0x0001c6a4                sf067810364b2aec5684b07c9a8a7ec60df5a86cf6f911a17c705627ef3669c08.lto_priv.546
                0x0001c6f0                s3ebbfaec66888c2c291acd6316d253bf29306f5d50869f10909d04a313d2a29f.lto_priv.553
                0x0001c804                s8bf682176896003a8c7b9f560968b21c29016e6c56c727c8d0044e9ea725a4a8.lto_priv.550
                0x0001c830                s04777374549746d7469d72609f6cc6053e6f5a2a8804e18d627b0ffa1b3b4c9b.lto_priv.554
                0x0001c8f0                s3aab3a2d49f9a74e7b1025959b426a28c62a75da3148652129c158a6cf01911d
                0x0001c920                s453a83a051f1575976e86407083eddc5e3f69bb8f35b32b9522a852d45723e55.lto_priv.547
                0x0001c940                s15d3a88e2b5c3e40ee53f6b9655d6ec7c3c149f393815dd52d0ffc2179bb1f4a
                0x0001c974                s6be70e423681240d977bbe34b0cf593027330c5bc3286f410609fd7b6a06b6e6
                0x0001ca60                sf7f0cc2a1cfeefb234c633da646e543f1f4d015d17e55e7cd9f0b1e61a7375d0
                0x0001cabc                s5ace8d174d1a7dadc73b36059a7fed43cf9c1b513ae2a0d659414c4838abd5d2.lto_priv.602
                0x0001cc64                s6f9c3cc2d46b87cf7ef6d7ea4605b61584507e71701542220590215a75574c9e
                0x0001cc90                s63d0a2d89df92d0a7da510e1903e7d512cd451cb3600ad64e33675a0ec98415b.lto_priv.402
                0x0001cd76                s5b4a856e685e8bbe40b8a315c34d871a75b086194394d61cf1ef236fabec36db
                0x0001d000                sd9d1bf544b875a76b2b9c6c7e2ce661d8778f13f54541c2a05342025175b566e.lto_priv.403
                0x0001d2c0                sddf00a2e20a2a4af2d0a266dee401930455613a1d1931d8ad43c77bafda73cf4
                0x0001d778                sc3726795190ea82ad23e6338ab096287f6e931b787309369857b2630ecb55c76
                0x0001d79a                s97fbeca0e33cb33da8c08c054d9fa974029f199debe05fd11835cf1a3ec5397e.part.0
                0x0001d8a0                se906f228186613d6041e64e82fcf633b17a5867a19e4c649b25ad797b99861e4
                0x0001d8e8                sc767b75b33b81a43ba6e01c74030cdacd34620dbdd6f7f1544c831ce8c7a4e23
                0x0001d930                s4dbc24937be26c9432eb2264dba166e98aa7139fb188303bb787e214e1291a45
                0x0001d954                sd8b6662acfa8c45811b587228d18e69b3173ac3c2aa99c24219b26b07cf5e7c4
                0x0001dae4                s5edf1417246043a6b343c5ac63c580d319237f98cc97e104a3cfd8d4b5a9d693
                0x0001db10                se93dbd4d27e2513e2410a77425f7d2104b8e2dfad7c153774c5c6eac0592ec6b
                0x0001db6e                s65e6e8cb4e9aa995c6147fcc205de02cb3561aa4d4783a2c03af614f0809bbfb
                0x0001dbd8                s436b10ce7896188d75251d722f89b174cbf8653f8dbe69c4432f63420a5b0955.lto_priv.665
                0x0001dc24                s26e5a44e761857d4f38e1671a9d42ed4c4e2ff2d5c80c0ceca8f5c3526cd9932.lto_priv.607
                0x0001ddbc                sce777a6a39b747db9ccc3f76dd4ddd2d30ce1f00db3020f7af5bc783fc61adea
                0x0001de82                s606417dffcba22ee3471ce02c7f947bfe1667a9fdd66039fe4c2bd9aed0e73e2
                0x0001ded0                s118d50f840732eb767ca81b7c77f2620263cfaa213b92aa3cf7094b57db69fee
                0x0001e014                s2c9b333996f4ba1fec08590c7165f1c03a13619536612c68a311b1019644d779.lto_priv.663
                0x0001e2f8                s075ad380b23e1fc656f1261114cdb2ad78cf0ef028f3790697fdf7704f23f60d
                0x0001e3e0                s4bb3c881a4f2998013bc4f0e0071ea7be0730d635ebb2e25a35cc4a818256ec2
                0x0001e778                s9d98cb56616ee6b6713e2f044bf92c13c2d31d586956b20346869aeab0992644.lto_priv.730
                0x0001e900                s04224953bf77f159123795000d25af53af1953b43bbf8679517d3e80d583af8d
                0x0001e9a8                s60403f0a2f6aff2e8039b1ef2d554d6132983ba87810a1cd601a1a520db2d0b4.lto_priv.459
                0x0001ea24                saa3f4a233c6a5af9fc48c73749f22796166c2be8b268c7ee617e74f8a5c0dfdf
                0x0001eb64                s0a591dd92c6ffd09f27be69a7be9a851edab592edeb40d323dc07098f58b7efd.lto_priv.592
 .text.unlikely
                0x0001ebdc      0x304 C:\Users\sanka\AppData\Local\Temp\ccNhfWoE.ltrans2.ltrans.o
                0x0001ebdc                s64f799ab3a5f874172521718a887e24e2e1ba2d29d8fa820b3b58a43b10ca6c8
                0x0001ec26                sd051e0e21daf529c89510da06b6c2b066c2aa083f10de010bc62a96892e8e6a0
                0x0001ecd0                sc3e4bd00216a1882f25e5e7c358bb230e2e0eb10d33853e7a2b31a9985d668d8
                0x0001ed2c                se5e85306c48abe40b73c0cfbf35b67a016252c1abd3e36c7820ca32c3fe72598
                0x0001ed68                sa89f4001ff43fbe686828de5ba9970d2c7e5d635e65bb036c6de661a05baead3
                0x0001ed90                sfafffaa04d5160c67b78781dc616a19dd2b3254e1dd67fefb55623409aab8f9e
                0x0001eda0                s469131eb325953ae3e9e83c3f282f242c4fd872052fb6c6b319172a2d5e1fae0.lto_priv.833
                0x0001edda                sd9e7f6fcafb122eaa6fc2c16d63512da9ba59077c6cb72136095ae373ea16da3.part.4.lto_priv.557
                0x0001ee3c                sc1f0a1265fb45f08edf5828f0b6af85da035d94c8ea375e665fdd556a8d1478c.lto_priv.556
                0x0001ee70                s1d598e6164884ed9e06dbeb58bba5bf12cc546def48dd72520bfdb88abc2dc7d
 .text          0x0001eee0     0x677c C:\Users\sanka\AppData\Local\Temp\ccNhfWoE.ltrans3.ltrans.o
                0x0001eff0                sf5efb6510e4bcd4a3d7d7fd4190cd7f7f670ce6459a9e76ef69d446937d1b00b
                0x0001f01e                s5ea5cfdae840f9b718ce2feab95a3acaae34d08ef67f94eb4a1858d42c00db8e
                0x0001f150                s72a28b974b79569583d4d0d4aba00701069b699f821ae0a25c65a0f87a84c100
                0x0001f198                s21fe174876c33311f3af1f412a0d5b1e5c803bb3c13cdc5c7583fec44cde42d0
                0x0001f1e0                s1e48f67161e17c6dad2d787653dd5c20df7bc6a2de806121598d29e50d8cce6a
                0x0001f250                s7aa256b5fbd6f9673f38d44405bfa0eed371b8c88dfa75eae2ff3dfc5fb3b592
                0x0001f28c                s38d284740597583e34e48e42b0013cd14a9c876601fd9d2f021c2a3759fbc4fd
                0x0001f39c                sb79a34730f122749cf6f6654471962aa3de899c18962aafee2249444a94fe968.lto_priv.577
                0x0001f66c                s0ef555943a77328c9be5fde3a3a1c5ee2d5b9883d07b40d02b9ddd8382751f83
                0x0001f678                s3b5b12df5499eb044b0fcb9141de4fda6d7a519af03478a22ade7a427f187b82
                0x0001f6e8                s82c5e1544b4fed2281f8e64682566dec1dacfadee1b3554e3f612b2553f2c377
                0x0001f7fc                s16b6081efb66528994d34596980d449700d7d083404094bad4b81d8dfd2b4e27
                0x0001f880                s6176ace9be278da4b392879e2d4c68266f674440ecd0548e20d60049a1565fed
                0x0001f8e0                sedf1a5766865777a86b80d7620de84d550870b92240341fe3da474ce08e98dc8
                0x0001f940                s70f82d0167015eed00ae6de1a819ac08144adf0243ebface11c0b98fe1228289
                0x0001f98c                s7b310f08ef0fe5dc9965d261c5ddfe3fd3d1f4eeb8515209e8d208549faecc5f
                0x0001f9e8                s24d9eb487cfa6bcc396b310ad105b12e936b8d19eb63f83e014701f0a64a9893
                0x0001fa9c                s3e28f2ce9d484af8a56f2c963f2810605ce14be3c2081a1ccafec0f58a4d91f3
                0x0001fb40                s3c3fefcc1955b989253c4dafd993f85915803966dc6ba5a9aedb6d45b2e7499b
                0x0001fb9c                s142509c90efa362ed3613b9839495c63bb013778fa442dc8518e34673d5d4c33
                0x0001fbf0                s59a8b2f57de1662a1aada21295eebaab9986505e9c05b244eae3bc29428a0ff2
                0x0001ffe4                att_buf_send
                0x00020000                att_send_pdu
                0x0002000c                att_alloc_pdu_copy_data
                0x00020046                att_alloc_buf
                0x0002005e                att_alloc_pdu
                0x0002006e                ubt_message_get_gap_adv_report_header
                0x0002009a                acl_find_by_index
                0x000200b4                acl_find_by_hci_handle
                0x000200d0                s6261974a293c5239df2c750357da7e82f8dcd8b99af88cb966ae52350464a9d6.lto_priv.524.lto_priv.640
                0x000200dc                s2c67b870202fec66ddf26c64f0c38ebce8d002b7fb23977d0446d8f2fee32cca.lto_priv.528.lto_priv.614
                0x000200dc                s2c67b870202fec66ddf26c64f0c38ebce8d002b7fb23977d0446d8f2fee32cca.lto_priv.529.lto_priv.605
                0x000200ec                s44389a8ac9ec1f4417202b0c39c4aa04c48805437e78a0db687ea4ade1f0523b
                0x00020178                sb564fb369150d958564d1bd42df03165640b0cda2a16fa63b2ba18f310319a93
                0x000201e4                sed6d275c1644f5870f983b2532a453e350b77621491aab9776c482c60af3b962
                0x00020250                s7db2527fd401eaf542b753f433b690be6782df93e6a8b2a07999f9768dcf241e
                0x0002028c                s1052ea8e07a13dbb694b666558717402d20f23702129b1b2594fca4c65508ec8
                0x000202ea                sb3ffae400409cf8d6db5a0261cfaf63686ccdf0abf07b80daddfa9e99cb50ec2
                0x00020498                swapl.lto_priv.533.lto_priv.587
                0x0002049c                sa1aabd5b2c2178c6c7df821ce9095e134412afc3f66f2d59459370a9275e2d2d
                0x0002063c                s99e892e4602708efce73e9f664e4be619c0fc357ed445596662688deaaad3d98
                0x000207bc                s5875b846aed321804db800d261a91f2579cc470b10ac3537b872a80d29ac34f2
                0x000210d2                s2c1899229a7d6562a4eedd8b5d64ce26d73555254b1d627e8b335c11f8e81506
                0x00021262                s8482faee25715676d5b29c73b516e0ecf4dacf67dc480b356a5cf7c5769c3a49
                0x000213c0                s0e7522a29a87f9500643bb926c1056ad69d8f822e4a43f6ce9f5d6a68b5bc341
                0x0002234e                sd2cadb709ecca9f947ed0c2d4d8d99bfa79dfcd8daeba4a2cff6ad6b838d21d6.isra.12.lto_priv.456
                0x00022350                s6bf7d18b9decd62f6e9a783ad4f1bbea0a55d71562c391fe4ca23a87421a2069.isra.8.lto_priv.601
                0x00022352                s9d7f547bf34dd41bd216447235704cfdae22b42b87fefaed56b79ba8056bd710.isra.7.lto_priv.599
                0x00022354                s76f1df48e4a5181023c125fb58d433004a940c8d81bf89186fae88683c97367b.lto_priv.585
                0x00022374                s3662a7ce863dfcd55df5221ff5122d27e067fb9c60bfce9c439f1adacae308cb
                0x000223a4                s9aa7e38fd4d48aa820b12bb119e41cf2827e9b7238afd6325e74dd3add03c37b.lto_priv.458
                0x000223f4                sa9670d002c38558802c3e2b3ed4ed5fdeacaf4456e92f3c9fce5bf9781dc680b.lto_priv.588
                0x0002242c                s1a4795653743e3857e3a6b4cf7f73c51595de21988c651985d59fa2fd1bb5743.lto_priv.454.lto_priv.455
                0x0002242c                s1a4795653743e3857e3a6b4cf7f73c51595de21988c651985d59fa2fd1bb5743.lto_priv.453.lto_priv.472
                0x0002243a                s1dc4017471e5b2047572c53c521b9fbd3c0509f9613515460e52e012006c65ea.lto_priv.584
                0x000224a4                s92b37aaa9ec5cf3bf22b0435e979c841b7e217d7515e70d94d2d64786a265ec1.lto_priv.469
                0x000224a4                s92b37aaa9ec5cf3bf22b0435e979c841b7e217d7515e70d94d2d64786a265ec1.lto_priv.537.lto_priv.586
                0x000224ae                sc557632ead5cc21ddb75bdbb8eb65592dcbc35049442350719f755c01aa328d1
                0x00022510                s87acd33c0eac88824e4413cd64c80b6f14cbeaf6eec577d1064ab9411a19080a
                0x0002253a                sa2e0899b5be4db690e8625f942309f691e56fe7ea15549bf6068c98b9f49ad8d
                0x0002277e                se4a700b873adb527e4fe738ce5bf0a0e5af6c7bbb6740ddf8e8e2d90b3b6936e.part.20
                0x00022aa6                sc602a28808fdeefbfe9be1add01936cbc45e6c6fbe681d642cb6d2a53488928d
                0x00022aea                s6925673ff94fae65ec4981f298ba5ae2bfff4410703f1abab99e4c2b2e5ee21d
                0x00022b1a                s172625f715f10cff88056e7baac129657bcd96f99cf8ffd21a8ed35609321817
                0x00022b1c                s5cb50541ac04c7438f656592fb7d17591aaa8c3ae7a2bdde7417020ed6e02c55
                0x00022b1e                s4bc0d158f0d608f7ea094c3827fd8ccdf047c640cad27972cb21e528026abf4d
                0x00022b20                sf07fb35038733fa191a0cad2c862c868cada3bcff9c4fd131a5e01ef52eba895
                0x00022b22                s10d9afa5295f5714cb17e6c9c858de788ab88a9ff6ee7618be9124c8fc534fb8
                0x00022b24                s2957bbb22cf3bcb07879f71459cc2fd448970fd9fdb0b16b009a2c5d1a735fd7
                0x00022b26                s2a8cfcd295aa529796a6b0f12b9b05ed0f7791e4cee27508d00671b9f22e5f78
                0x00022b28                sa5a6eb936598af68ff544f8863ce45649627eec292c2a07aaa3d8e5f349fcc70
                0x00022b2a                sbacc17332592e49408073a775d030c2b34de993c765d6939baf201a3fe5165a5
                0x00022b2c                sba47e197f7a91815410a98e194bafc2e7598bfebf7b9c18d214636c79f19b531
                0x00022b2e                s28525aa3f9d3e887df59f55e5d87849c0ae6efe43ada33050447508c54e862e1
                0x00022b30                s51e5a8587dfca365bc580255589715da577b4344ab2d686c21eace123449ba4e
                0x00022b32                s25bc8840e8a76557bdeace952c9318bcf3b862f56d44326826469f4d35d07699
                0x00022b34                s67d73d41ee51e37ca4c7e65f4ae187ba531930c46bcc024e08e2e3b894fb80b9
                0x00022e98                s25d9e0e1dad17678be12a1721ea91a9bf6c2691bbe39c55b8c737f5b9076ea2b
                0x000230ec                acl_release
                0x00023188                s4aadd50e2ead2ba313b9c1d53309d1c6178864f8def0eb593bd4a4332d961fb1.isra.21.lto_priv.600
                0x00023574                s0eea92efde56ff2a3d5f41decd03d49f2df1b00030afdce2deae55b064551c2c.lto_priv.457
                0x00023788                sc6a29736d24e399258424726c6d8fbb34bd40b92ab041a1e4095a147da4986db.lto_priv.598
                0x00024720                sf5a4b7223536102b50c0384b09a740002d88dae1ab859fa6ae533f4102b13574.lto_priv.460.lto_priv.473
                0x00024720                sf5a4b7223536102b50c0384b09a740002d88dae1ab859fa6ae533f4102b13574.lto_priv.461.lto_priv.462
                0x0002475e                mesh_trans_send_sdu
                0x00024ae4                s63169b833e31395a40688fe6e24649df7278c8af956a24aa1baecfaf6093924b.lto_priv.593
                0x00024c2c                s9ed26392f672898d9a69ae9d920d8e05b25c4e87e4285f2e4d759cc17d5444f6
                0x00024d1c                sb48c1d076c36de14f8d82d2c1aa78f595c177a10d2b48450c868aff376510afc
                0x000250c8                sb6573c26d57c72fd70516d6ee711a1c4bf38c2bd57007fe65025d43d7b123f2d
                0x0002514c                s3ef72c250fc679b1e7555fcc5859516bbd1217911633b6edddffa82e113e342c
 .text.unlikely
                0x0002565c       0x88 C:\Users\sanka\AppData\Local\Temp\ccNhfWoE.ltrans3.ltrans.o
                0x0002565c                s99085babac311fc5fab79a02cf16fded3ace0a6094a431d97a3424674523e4b5
                0x0002566c                s46c99b7b348b22dd8b82d5d0742d8fc1b11ae0c7d0d1dc031a821d2aabd2389f
                0x000256d4                sa0932636d2c0c8ca727ad797757c46d3d02c0f1fe9a5f41b1f2f9f9dfb3cc1f4.lto_priv.538.lto_priv.747
 *fill*         0x000256e4        0x4 
 .text          0x000256e8     0x5060 C:\Users\sanka\AppData\Local\Temp\ccNhfWoE.ltrans4.ltrans.o
                0x000257dc                ll_radioTimerExpired.lto_priv.688
                0x000258fe                bg_pre_sleep
                0x00025900                bg_post_wakeup
                0x00025902                ll_hciCmdLeReadPhy
                0x00025b2e                ll_bgbuf_callback.lto_priv.804
                0x00025b40                ll_hciCmdSetAdvertisingSetRandomAddress
                0x00025cd0                ll_hciCmdSetExtendedScanResponseData
                0x00025d10                ll_hciCmdSetExtendedAdvertisingData
                0x00025d50                ll_radioGetMaxTxPower
                0x00025d68                ll_hciCmdSetExtendedAdvertisingParameters
                0x00025f60                ll_radioLoadPacketFragment
                0x00025fe0                ll_radioLoadPacket
                0x0002602c                ll_radioGetPacketTimeWithPhy
                0x00026050                ll_radioRandom
                0x00026074                ll_radioReadRxPacketDetails
                0x000260cc                ll_radioReadRxPacket
                0x000261d8                ll_hciCall
                0x000261f8                hci_command_shared_response
                0x00026208                hci_command_init_shared
                0x00026230                hci_command_alloc
                0x0002625e                hci_le_set_extended_advertising_data.part.6
                0x0002625e                hci_read_conn_phy.part.17
                0x0002625e                hci_le_set_advertising_set_random_address.part.5
                0x0002625e                hci_le_set_extended_scan_response_data.part.7
                0x0002626c                hci_le_set_ext_scan_enable
                0x000262a0                hci_le_set_extended_advertising_enable
                0x000262e0                hci_close_acl
                0x0002632e                hci_state_listener
                0x00026558                ll_radioSetMaxTxPower
                0x000265d8                ll_radioSetRfPathCompensation
                0x000265fc                ll_radioInit
                0x00026750                ll_startOrQueueProcedure
                0x00026a5c                hci_send_acl
                0x00026b50                l2cap_send_update_parameters_response.lto_priv.787
                0x00026b98                l2cap_message_handler
                0x00026bd4                l2cap_send_fixed_channel
                0x0002752c                ll_llcpUpdateChannelMap_sender.lto_priv.474
                0x000278f0                ll_radioRxAfterTx
                0x00027910                ll_radioRxSchedule
                0x00027a2c                ll_radioTxAfterRx
                0x00027f42                ll_radioTxSchedule
                0x00027f94                ll_radioTxStart
                0x00027fcc                ll_radioStop
                0x00028240                ll_radioConfigureChannel
                0x0002897e                ll_scanTaskPrimaryHandler
                0x00028c84                gecko_priority_handle
                0x0002a654                ll_randomAesCtrEncrypt.lto_priv.451
                0x0002a6dc                ll_randomAesRandUpdate.lto_priv.452
                0x0002a724                ll_randomInit
 .text          0x0002a748     0x5664 C:\Users\sanka\AppData\Local\Temp\ccNhfWoE.ltrans5.ltrans.o
                0x0002ac88                ccm_aes_setkey_wrap.lto_priv.442
                0x0002ac8c                bgapi_test_lib_msg_handler
                0x0002ace8                sli_bt_cmd_le_gap_set_advertise_configuration
                0x0002adb4                sli_bt_cmd_le_gap_set_advertise_report_scan_request
                0x0002ae24                sli_bt_cmd_le_gap_set_advertise_channel_map
                0x0002ae88                sli_bt_cmd_le_gap_set_advertise_timing
                0x0002af24                sli_bt_cmd_le_gap_set_discovery_type
                0x0002af80                sli_bt_cmd_le_gap_set_discovery_timing
                0x0002b000                sli_bt_cmd_le_gap_start_discovery
                0x0002b090                sli_bt_cmd_le_gap_end_procedure
                0x0002b0dc                sli_bt_cmd_le_gap_stop_advertising
                0x0002b10c                sli_bt_cmd_le_gap_start_advertising
                0x0002b158                sli_bt_cmd_le_gap_bt5_set_adv_data
                0x0002b1d0                s441002f521efb51e688941f812d162c868d768386dbe8895c84e6d0b96394947.lto_priv.447
                0x0002b218                ll_linkGetWindowWidening
                0x0002b270                ll_connEncDataToBuffer
                0x0002b298                ll_connEncBufferToData
                0x0002b2c4                ll_connValidateParams
                0x0002b2fe                ll_connUpdateMaxPacketLengths
                0x0002b36c                ll_connGetHandleByConn
                0x0002b39c                ll_connGetByHandle
                0x0002b3c4                ll_connSetMaxRuntime.lto_priv.772
                0x0002b3de                bg_bit_clr_exclusive.lto_priv.476.lto_priv.766
                0x0002b3de                bg_bit_clr_exclusive.lto_priv.477.lto_priv.773
                0x0002b3de                bg_bit_clr_exclusive.lto_priv.475.lto_priv.770
                0x0002b3de                bg_bit_clr_exclusive.lto_priv.478.lto_priv.767
                0x0002b3de                bg_bit_clr_exclusive.lto_priv.479.lto_priv.764
                0x0002b3f0                bg_bit_set_exclusive.lto_priv.481.lto_priv.776
                0x0002b3f0                bg_bit_set_exclusive.lto_priv.483.lto_priv.751
                0x0002b3f0                bg_bit_set_exclusive.lto_priv.486.lto_priv.765
                0x0002b3f0                bg_bit_set_exclusive.lto_priv.482.lto_priv.774
                0x0002b3f0                bg_bit_set_exclusive.lto_priv.480.lto_priv.755
                0x0002b400                ll_connEncryptionConnectionInit
                0x0002b436                ll_connRaiseEvents
                0x0002b690                bg_bit_clr_atomic.lto_priv.489.lto_priv.834
                0x0002b690                bg_bit_clr_atomic.lto_priv.487.lto_priv.754
                0x0002b690                bg_bit_clr_atomic.lto_priv.488.lto_priv.749
                0x0002b6a8                bg_bit_set_atomic.lto_priv.491.lto_priv.753
                0x0002b6a8                bg_bit_set_atomic.lto_priv.492.lto_priv.748
                0x0002b778                ll_channelmapUpdate
                0x0002b7f6                ll_connInitNew
                0x0002b9fc                ll_channelmapUsedChannels
                0x0002ba24                ll_channelmapGetChannelMap
                0x0002ba3c                ll_advExtUpdateChannelMap
                0x0002ba5c                ll_advGetByHandle
                0x0002baa4                set_change_awareness
                0x0002badc                set_client_features
                0x0002bb3c                zeroize
                0x0002bb3c                mbedtls_zeroize.lto_priv.497.lto_priv.561
                0x0002bb3c                mbedtls_zeroize.lto_priv.496.lto_priv.649
                0x0002bb3c                mbedtls_zeroize.lto_priv.445
                0x0002bb4c                crypto_management_release
                0x0002bb80                CRYPTO_DataReadUnaligned.lto_priv.503.lto_priv.768
                0x0002bb80                CRYPTO_DataReadUnaligned.lto_priv.502.lto_priv.777
                0x0002bbbe                CRYPTO_DataWriteUnaligned.lto_priv.505.lto_priv.769
                0x0002bbbe                CRYPTO_DataWriteUnaligned.lto_priv.504.lto_priv.778
                0x0002bc02                mbedtls_aes_init.part.4
                0x0002bc0a                mbedtls_aes_setkey_enc
                0x0002bc46                aes_setkey_enc_wrap.lto_priv.438
                0x0002bc48                mbedtls_cipher_update
                0x0002bcec                mbedtls_cipher_cmac_finish
                0x0002bdfc                mbedtls_cipher_cmac_update
                0x0002bec4                mbedtls_cipher_setup
                0x0002bef8                mbedtls_mpi_cmp_mpi
                0x0002bf78                mbedtls_mpi_cmp_int
                0x0002bf92                mbedtls_mpi_bitlen
                0x0002bfd2                bgbuf_chain_add
                0x0002bfe6                bgbuf_chain_len
                0x0002bffa                ll_advGetMaxEventLength
                0x0002c124                bgbuf_prepend_no_alloc
                0x0002c166                bgbuf_chain_pop_packet
                0x0002c18c                bgbuf_append_data
                0x0002c46c                bg_pool_free
                0x0002c4bc                bg_pool_alloc
                0x0002c4d8                bg_message_run
                0x0002c56c                bg_message_call
                0x0002c59a                bg_message_remove_receivers
                0x0002c5d0                bg_message_enqueue_free_callback.lto_priv.448
                0x0002c684                bg_message_send
                0x0002c698                bg_message_cancel_matching
                0x0002c6f4                bg_malloc
                0x0002c712                bg_message_add_receiver
                0x0002c736                bg_event_raise
                0x0002c760                bg_event_allocate
                0x0002c78c                att_send_execute_write_response
                0x0002c7a8                att_send_write_response
                0x0002c7c4                att_send_error_response
                0x0002c7ec                sl_free
                0x0002c802                aes_ctx_free.lto_priv.441
                0x0002c814                mbedtls_cipher_free
                0x0002c844                mbedtls_ccm_free
                0x0002c858                ccm_ctx_free.lto_priv.444
                0x0002c868                mbedtls_mpi_free
                0x0002c894                mbedtls_ecp_point_free.part.8
                0x0002c8ae                mbedtls_ecp_point_free
                0x0002c8b4                mbedtls_ecp_group_free
                0x0002c912                sl_calloc
                0x0002c92a                aes_ctx_alloc.lto_priv.440
                0x0002c940                ccm_ctx_alloc.lto_priv.443
                0x0002c95a                mbedtls_mpi_grow
                0x0002c9ae                mbedtls_mpi_lset
                0x0002c9d6                mbedtls_mpi_shift_r
                0x0002ca4a                mbedtls_mpi_read_binary
                0x0002cab6                mbedtls_mpi_copy
                0x0002cb0a                mbedtls_ecp_copy
                0x0002d2c4                mbedtls_mpi_sub_mpi
                0x0002d77c                mbedtls_ecp_check_pubkey
                0x0002d980                ll_connAlloc
                0x0002d9e0                ll_advUpdateMaxEventLength
                0x0002da14                bgbuf_free
                0x0002da94                bgbuf_get_data.part.1.lto_priv.832
                0x0002db7a                bgbuf_copy_to
                0x0002db90                bgbuf_chain_defragment
                0x0002dc1c                bgbuf_chain_drop_end
                0x0002dc5e                bgbuf_chain_drop
                0x0002dc8a                bgbuf_chain_free
                0x0002dda8                ll_connFree
                0x0002e12e                ll_advSetData
                0x0002e254                ll_advTaskStopHandle
                0x0002e548                ll_advExtTaskHandlerWaitTx
                0x0002e6cc                ll_advTaskHandlerWaitTx
                0x0002e9b0                bgapi_gatt_listener
                0x0002ecc8                bgbuf_alloc_int.lto_priv.450
                0x0002ed80                bgbuf_chain_append_data
                0x0002ede4                bgbuf_clone_head
                0x0002ee36                bgbuf_clone
                0x0002eea8                bgbuf_alloc_copy_data
                0x0002eed2                bgbuf_alloc_size
                0x0002eee0                bgbuf_alloc
                0x0002eeec                ll_connUpdatedChannelClassification
                0x0002ef58                bgbuf_chain_prepend_data
                0x0002efe2                bgbuf_prepend
                0x0002f00c                crypto_management_acquire_preemption
                0x0002f188                crypto_management_release_preemption
                0x0002f61c                ll_connSendData
                0x0002f7ec                ll_connEnableDataFlow
                0x0002f804                ll_connEncryptionFail
                0x0002f854                CRYPTO_KeyBufWriteUnaligned.lto_priv.501.lto_priv.775
                0x0002f854                CRYPTO_KeyBufWriteUnaligned.lto_priv.500.lto_priv.779
                0x0002f8a0                ll_connEncryptionSetSessionKey
                0x0002faf8                aes_crypt_ctr_wrap.lto_priv.437
                0x0002fb94                bg_random_get_data
                0x0002fbf4                mbedtls_aes_crypt_ecb
                0x0002fc98                aes_crypt_ecb_wrap.lto_priv.436
                0x0002fc9a                aes_setkey_dec_wrap.lto_priv.439
 .text.unlikely
                0x0002fdac      0x3b0 C:\Users\sanka\AppData\Local\Temp\ccNhfWoE.ltrans5.ltrans.o
                0x0002fe3a                mbedtls_mpi_safe_cond_assign
                0x0002fea2                ecp_safe_invert_jac.lto_priv.467
                0x0002feea                ecp_normalize_jac_many.lto_priv.468
 .text          0x0003015c     0x3c30 C:\Users\sanka\AppData\Local\Temp\ccNhfWoE.ltrans6.ltrans.o
                0x0003015c                s267927430b38cc114fea2feca5bc705af5a9426d69e3c18b9a3e2c66985a7dfd
                0x00030184                sa1f9f7228f33a0fcca30bff43597da6aeb79b196a8c4f297e7a7e2deee234bbc.lto_priv.622
                0x00030188                timer_get_counter
                0x00030194                s51e866c3b796c4208d0dbfff72b84810fb53d945b2ff058ea4ca41c80fa9c5a0
                0x0003019c                BG_PRORTC_IRQHandler
                0x000301cc                ll_task_default_callback.lto_priv.803
                0x00030224                sa1d16f786461dc0aa926386a60e5e7170c8226a857040c463c9a27214a1626ae
                0x00030240                sd8a0175f916dfbea8923feda6e74370a7e2aa7e163c4783ba9507ba079bd9534
                0x0003044c                s94899284f0a6eaabea4521ed9ff41637d8c539e38d4f84722576cebaa0457222
                0x0003046c                ubt_event_free
                0x000304ba                sli_bt_cmd_mesh_lpn_configure
                0x00030798                sli_bt_cmd_mesh_lpn_init
                0x00030828                sli_bt_cmd_mesh_lpn_establish_friendship
                0x000308c4                sc959a2ff22594f55517377356e36decdb326f55e8fcf94172a0121740930d968.lto_priv.793
                0x0003095c                sli_bt_cmd_mesh_generic_server_init
                0x00030a98                sli_bt_cmd_mesh_node_start_unprov_beaconing
                0x00030f58                ubt_message_process.lto_priv.806
                0x00031018                se01716cbd85f349a49ca5e6cea0422ec10d6d49e2b65489f9caf8e70efdb11bf.lto_priv.650
                0x00031078                sfb544dcbc916a8608320ef614dfb90da5a0257624ba93c76f3ab5106741a052d.lto_priv.835
                0x000310f0                saf28bdf0441bb687c71a936ad9d151b1d7fb97cd183bca97f3fbac184ba5e598
                0x000310fc                se1cac6d437a5c990ede8af11fe7a4789e10862a8ad142fcec6eb7f6eda1ef329.lto_priv.604
                0x00031114                s94de17b7f45f3f6576a715d745502c07eb7ba64e96b9cabb49eab2f847df0281
                0x0003113a                s3c1d4732e917bd089fdc37f78c2f773ddfe9dc62701892fc6b140fde0675f5c5
                0x0003116e                s3f4a12bb3e21a280fa98dae53b62904e9b93882c5ea79a50c38097b6465097ef
                0x00031182                s297d86ba7a862d1d1bb4d5f81e5828e28adf723b91ed21d7d5b06162c5354532.lto_priv.641
                0x000311cc                sbc1e4b906ee028f433a832aba975802fde4c597bd8b690e156d7948113c776e0.lto_priv.466
                0x000311e6                sdbf4c0360e6215d47a6d8c6d7bbc89dd0f1802d998942d2ea7c6bb663127e44a.part.5
                0x00031224                sli_bt_cmd_mesh_lpn_deinit
                0x00031260                sdbf4c0360e6215d47a6d8c6d7bbc89dd0f1802d998942d2ea7c6bb663127e44a
                0x0003129c                sf8e4dcec56edc8f432e22515ac45714970d53de2b2ff1ae50418dd26887086a8
                0x000312bc                s970d3393953f0fa2908bf4bc7a6e9a735a62b329d7b30c42749761f3c07d3b63
                0x000312f0                s633b138059d7a22d9cef30ec855fdfb8b52ac2201edecd58ad23f4ff6c587a22
                0x0003135c                s4b7417202472b85b3f089ce3de37cdfc898a6a9b2f26736e634d159b347f3e4e.isra.2.lto_priv.645
                0x00031398                mesh_lib_deserialize_request
                0x00031530                sli_bt_cmd_mesh_generic_client_publish
                0x00031658                int32_to_buf.lto_priv.837
                0x00031c14                uuid_to_handle
                0x00031c78                bgpacket_update_byte
                0x00031c98                bgpacket_packetize
                0x00031cb4                timer_get_time
                0x00031cdc                smp_ah
                0x00031d6c                usch_SendEvent
                0x00031d7c                usch_RemoveTask
                0x00031dac                task_fail.lto_priv.771
                0x00031db4                add_task.lto_priv.506
                0x00031e14                nvm3_deleteObjects
                0x00031eb4                ecode2bg
                0x00031ef4                s92df2879f204b209d880cf89597ec85edb73c5347d097f02ca57f49ff6df22d6.lto_priv.464
                0x00031fd4                s6f00c5bd1c654c0cefadcb4bef7b1965114995d4e3c1991567f0d3cac1ffe9f4
                0x00032018                sf1a456cfa751d96d96171f3d7615c8f99ca964c647b75236d2f97745b9108b5f.lto_priv.465
                0x000320fa                s27a2da3160af8eb827551ebddcc1417f39c1e1788cbf817e44639bf92eb1706a
                0x000322aa                s38dec662b22657678e0434a91cdad31a60cc5f6098a9b1f994d85222cefd8930
                0x000322c0                ubt_pskey_read_callback
                0x000322d6                ubt_pskey_write_callback
                0x000322ec                BTLE_LL_EventRaise
                0x00032308                BTLE_LLToHCIEventSAP
                0x0003233c                ll_to_hci_event_handler.lto_priv.805
                0x00032438                sli_bt_cmd_mesh_node_init
                0x00033c44                usch_Schedule
 .text.unlikely
                0x00033d8c       0x98 C:\Users\sanka\AppData\Local\Temp\ccNhfWoE.ltrans6.ltrans.o
                0x00033d8c                s0575a63e4ffa25a11cdd533f4901749922cead34799438f363ee375212772ad9
                0x00033dc0                sdf59f64a19171082d11bdec4ceabee6a355ab8574640833ec03fdc6b26a95c2a
 .text          0x00033e24     0x4f18 C:\Users\sanka\AppData\Local\Temp\ccNhfWoE.ltrans7.ltrans.o
                0x00034228                s76a6e8c10387e323a5a5d08d8adb6247e646b4944e6060fd4362bc22e5a5b5e3
                0x0003422c                s87eed2348bfb87391bfc53b9d98f384fa51c9e584465a60a09203e6d022f4548
                0x00034230                s45f4d44a5384895e712818a32e998320c07ca2e1494a49ca2550185e5d2db09c
                0x00034234                s5cc1ce06cef65479ddf14c98ba29d861c1524805f13012d2fdc6869c34e4f72d
                0x00034238                s4e6b0d855b04e00af7cddeae3eebb0f842a1b231b2d993c21d38b499780feef8
                0x0003423c                scb1cc1314f4a0ad420d50d2d4b983da8f09317af1e3045d8bf38d64643015a2e
                0x00034298                s152afd4fd595527bca5941a1e0268090d0496f14af7d277b1ed7d7a9f485df2b
                0x00034374                sb92041f2dc01bec9131c1f36fa17d04f431208ed1904abb6f3ee6db74fcc7a45
                0x00034478                s40777e7eb1e82a4cd11155180320a5fb4d97d9b6268b2c1f536d0c356a32fcbb
                0x000344d4                sf2b348a1e638fc3caf0bcea3d7fbc7e01131009f7cce2576213c53855d569092
                0x000345a8                sc0bc71f62d12964bdfb95753ac196751bce4dca4e59f175c8fcc4c22e81a5d16
                0x000345ae                s471dec7842891b2a1c6e8b855e83a2b71d5e75311d226e627cb015646c17fa0b
                0x000345c6                s42d778344f6617e471a30d0bc62a451d64addb97de3449433e991bea0a413f69
                0x00034738                s8ddf3aaf2d5900c262fb05dcf400bbf8df256624f5ba968e913069ac9cf43e39
                0x0003473e                sa64e5f2572df9d22fe35089124c0f5da26f0d3f62b3c8f5e525470a7aacf7db4
                0x00034b7c                sad65890ac49473d3ec66f16acf191233a03f7f21cee8ac53a213b1d160a0e606
                0x00034b80                s764c798ce9d65a98edc58937a29f7525dda2e846b9d91a64be055f42073d4e87
                0x00034bf8                gecko_cmd_mesh_lpn_establish_friendship.constprop.398
                0x00034c34                gecko_cmd_mesh_node_start_unprov_beaconing.constprop.397
                0x00034c6c                gecko_cmd_mesh_lpn_configure.constprop.395
                0x00034cb4                gecko_register_bgapi_library.constprop.379
                0x00034cf0                bg_pool_init_pool.constprop.338
                0x00034d6c                USART_InitSync.constprop.320
                0x00034e30                s3ce653f168fe1a8c273a7766ae1e5e3bde8173e634ba371528bc3323bee070c5.constprop.263
                0x00034f2c                ccm_auth_crypt.constprop.262
                0x000351d8                mbedtls_ccm_setkey.constprop.259
                0x00035230                s27e83e23843ae2b788db1fb197445cc9e47a807bc7351e21f0320197f08fe99f.constprop.258
                0x000352de                sace7cc2517b6e779d2525fdf3fc3e00bef8d2385b43bda0bae4205c3976f8f6c.constprop.254
                0x0003532e                sa6f04ebafc4f26bf78f8cc9b25fb956905f86b66c47dbd9c1967380f294bc212.constprop.245
                0x00035388                s422e0eb265b84bc3369f6ff2639ac5c4039271703ebe6a1b7d32300956e1aef1.constprop.243
                0x000353cc                gecko_cmd_le_gap_bt5_set_adv_data.constprop.240
                0x0003542c                bondingdb_find_by_data.part.2.constprop.224
                0x0003547c                ubt_message_call.constprop.221
                0x000354c4                hci_command_init_shared_bgbuf.constprop.220
                0x00035518                swap_endianess.constprop.217
                0x00035534                gatt_set_enabled_caps.constprop.200
                0x0003558c                ll_randomGetData.constprop.176
                0x000355cc                s06f2390393a3029950a8e736c3a98f12d4cd0a4822f63a65a057e1f40c6db63a.constprop.162
                0x000355da                _mesh_foundation_send_byte_array_impl.constprop.148
                0x0003568e                s8f68d5bf5cfee900ce165f9d87ea959034d8fb13e81d4214af6a9112e94e8e3f.constprop.147
                0x0003575c                sec0548437a174f3d4d8bcc51083029fe9b4c2dae70287fa7fc14fa71ab3e627a.constprop.141
                0x00035814                s5112f0b94e0fd6936eebce8f26c70de650d391f208dd130dfab248aa3facffde.part.5.constprop.132
                0x00035898                s2a9aee7eec13ab6a4407898138b1cf95f68627323ca7273e76209e80bb70b031.constprop.108
                0x000358b4                ubt_gap_set_le_mode.constprop.107
                0x000358fc                sb590193b77980aa89e08a7733d7e8e180af3795d3b578780cead60719831e663.constprop.92
                0x00035960                mbedtls_mpi_write_binary.constprop.86
                0x000359ca                mbedtls_ecp_group_load.constprop.67
                0x00035a38                sb32f6b293da93fb92eeaafceaf6c7e0662b7dd0e49ebf74606de4345acef4e74.constprop.60
                0x00035af8                s6dc2cd70b9acccc5db0922954a0cb41c4b82a0d81a696646df6135d7988cb72d.constprop.38
                0x00035ba8                s70cb8150a9da451ef1107901ffd71e42403ccb214904bfb891ee72b6683e97cf.constprop.36
                0x00035c9c                sd97ca192eadf0fd3b8aa57ef8b262c110cb7a3b37155d3158fa16d89fffb6e3b.constprop.22
                0x00035d68                header_invalid
                0x00035d86                crc32_calc.lto_priv.750
                0x00035db4                find_obj
                0x00035e14                nvm3_readData.constprop.356
                0x00035e48                erase_db
                0x00035e78                ecp_crypto_device_init.isra.0.lto_priv.508
                0x00035ebc                mbedtls_internal_ecp_grp_capable
                0x00035ec6                ecp_crypto_ddata_write.lto_priv.509
                0x00035f3c                mpitobigint.lto_priv.507
                0x00035f7a                CRYPTO_InstructionSequenceWait.lto_priv.406.lto_priv.511
                0x00035f7a                CRYPTO_InstructionSequenceWait.lto_priv.405.lto_priv.517
                0x00035f82                CRYPTO_DDataRead.lto_priv.412.lto_priv.512
                0x00035f82                CRYPTO_DDataRead.lto_priv.411.lto_priv.519
                0x00035fa6                CRYPTO_DData0Read260.lto_priv.409.lto_priv.518
                0x00035fbc                CRYPTO_DDataWrite.lto_priv.415.lto_priv.510
                0x00035fbc                CRYPTO_DDataWrite.lto_priv.414.lto_priv.515
                0x00035fbc                CRYPTO_DDataWrite.lto_priv.413.lto_priv.520
                0x00035fe0                CRYPTO_DData0Write260.lto_priv.407.lto_priv.516
                0x00035ff8                s2eccefb595361fba41b6aa7f531f7cd196eaf2cf3fd6faf8dc7d5536b3d6d6a5.lto_priv.563
                0x000363f6                sc466c5fc2abb4973e00ea11b8e974fa2ad9c81bcc14f75e5055fd39a8c84a0d9
                0x00036416                s2ff1d3c56df103d47fefc841c547c1c87ddba9c80a0fea071261e4a107d3a8ca
                0x00036816                sc3e0162b7b5980315aad68c1e3ef1b5e3e658a7e9ba171b03f826abe1b7ba4dd.constprop.18
                0x00036996                sc3be15caf4bcc116d44874fd374903b22e14f1020c0c7043ad4751fad3dff32e.constprop.15
                0x00036b78                s0cf461024c9a8bbbfa6b75d9022355578bb6d5afdc0b38fea6b2af4385ad3c74
                0x00036bb2                sd43a2cb4c2c0b2605ed97f8b4fe1031a930ac7a61ee2643f70a9de42bf7766d8
                0x00036c46                s4dafdd0140393d1ba5d51ea20501e96cd5f81d5f3040f012356e8b53197eac0b
                0x00036cac                s0afa938f053fa2b1b1bd56346ce82efc62c3edec40dd923ef355afc868dc34ea
                0x00036cce                scb75d3bd90ed13fc81fdabca8acec3e1ee8e89ccb3a775dcafa9143a8bab06d5
                0x00036d62                se8aa132a1ea5b3100ba9e92c8e1a29f94865748e2680893cfcbaa96effd5b347
                0x00036dac                sf57065f686acafc36951e2f9a8663edcba2992d33faa0f128b9c34d6b60d569b
                0x00036ed4                sc393908489c4c368e9318a8288c6a5c179d005ea373b3d82870cfe03ea6b6287.lto_priv.433.lto_priv.544
                0x00036ed4                sc393908489c4c368e9318a8288c6a5c179d005ea373b3d82870cfe03ea6b6287.lto_priv.428.lto_priv.606
                0x00036ed4                sc393908489c4c368e9318a8288c6a5c179d005ea373b3d82870cfe03ea6b6287.lto_priv.432.lto_priv.558
                0x00036ed4                sc393908489c4c368e9318a8288c6a5c179d005ea373b3d82870cfe03ea6b6287.lto_priv.426.lto_priv.612
                0x00036ed4                sc393908489c4c368e9318a8288c6a5c179d005ea373b3d82870cfe03ea6b6287.lto_priv.430.lto_priv.568
                0x00036ed4                sc393908489c4c368e9318a8288c6a5c179d005ea373b3d82870cfe03ea6b6287.lto_priv.424.lto_priv.639
                0x00036ed4                sc393908489c4c368e9318a8288c6a5c179d005ea373b3d82870cfe03ea6b6287.lto_priv.427.lto_priv.611
                0x00036ed4                sc393908489c4c368e9318a8288c6a5c179d005ea373b3d82870cfe03ea6b6287.lto_priv.419.lto_priv.648
                0x00036ed4                sc393908489c4c368e9318a8288c6a5c179d005ea373b3d82870cfe03ea6b6287.lto_priv.420.lto_priv.646
                0x00036ed4                sc393908489c4c368e9318a8288c6a5c179d005ea373b3d82870cfe03ea6b6287.lto_priv.418.lto_priv.571
                0x00036ed4                sc393908489c4c368e9318a8288c6a5c179d005ea373b3d82870cfe03ea6b6287.lto_priv.429.lto_priv.552
                0x00036ed4                sc393908489c4c368e9318a8288c6a5c179d005ea373b3d82870cfe03ea6b6287.lto_priv.422.lto_priv.643
                0x00036ed4                sc393908489c4c368e9318a8288c6a5c179d005ea373b3d82870cfe03ea6b6287.lto_priv.421.lto_priv.644
                0x00036ed4                sc393908489c4c368e9318a8288c6a5c179d005ea373b3d82870cfe03ea6b6287.lto_priv.431.lto_priv.562
                0x00036ed4                sc393908489c4c368e9318a8288c6a5c179d005ea373b3d82870cfe03ea6b6287.lto_priv.423.lto_priv.642
                0x00036ed4                sc393908489c4c368e9318a8288c6a5c179d005ea373b3d82870cfe03ea6b6287.lto_priv.425.lto_priv.610
                0x00036ef8                s57c4f178a69950a8ead90211163b48f936907f09e1e116c1e3401b1f7c6588c4
                0x00036f6e                saed09c83749bccfbc8db314cda3d2a6358ca2ca5558276e962f8be3250c987b8
                0x0003701e                se040ea604df8dcd3a816ad43b98580354cf4a7556551619049d19fc429d15fd0
                0x00037158                s27fe0243df1d1dae6d145c2ee3dd7605b96cd4a32b1b4c2ded7b04766e6f3fee.lto_priv.416.lto_priv.569
                0x00037168                sddacce9a9dbcbe5e94a30133c965734c80bb1cba337c67b76c9b4877f69127e8
                0x00037340                s40be1bd4d70bb95d61ae167f842e319d6802e43c63bf290e68350679bd4c2e1e
                0x0003750c                sd0dfcbaf547a3f2e9bc0fd2a577ca53ce9ee264639a37302eb4ff997c3da10b0
                0x0003778c                s2153152e2ee17c2f9d8cdff056551a583b7244f343b63ac4d8133154a28569a2
                0x00037a4c                s2086c55b51786c589c157ffac2e7c509f5b2e105f0845a69571f5100af85a8d3
                0x00037a78                nvm3_writeData.constprop.357
                0x00037d08                sab534f3a77a58bf6f26722b7d19155b3c1face143bb890dcfdd107444a526018.constprop.252
                0x00037ed4                store_delete.part.1.constprop.333
                0x00037f70                GPIOINT_CallbackRegister.constprop.285
                0x00037f8c                ecp_crypto_ddata_read.lto_priv.514
                0x00038348                crypto_mpi_div_mod.lto_priv.513
                0x00038560                mbedtls_internal_ecp_normalize_jac
                0x00038644                mbedtls_ecp_mul.constprop.73
                0x00038a7c                mbedtls_cipher_cmac_starts.constprop.347
                0x00038ac8                se3d6193c1babf0d589d0f0014f0ae31b048d1d5813483c434c8366f3b97dbd1a.constprop.153
                0x00038cb8                s4a7f6416e10a17e4b02f6925fb6f5235611ddfd0c20242122f1944084303872d.constprop.152
 .text.unlikely
                0x00038d3c      0x318 C:\Users\sanka\AppData\Local\Temp\ccNhfWoE.ltrans7.ltrans.o
                0x00038da6                l2cap_send_command_reject.constprop.196
                0x00038dee                s81ed4c1d73d99fe1faa2461c6532474dd141f2c8f830772fd3ca33cea5a981c7.part.4.constprop.130
                0x00038e5c                s2cb9803e3061f133a9c690d798942d936ca2d703e23fafaece9ee6af762dc19a.constprop.124
                0x00039040                scf227a659f9a96736073c076555c3527db557bbf6dfba1d0ea9273b77523b0cf.lto_priv.570
 .text          0x00039054     0x35dc C:\Users\sanka\AppData\Local\Temp\ccNhfWoE.ltrans8.ltrans.o
                0x00039888                hci_increase_token
                0x0003989a                handle_bgapi_output.lto_priv.521
                0x00039924                sli_bt_cmd_handler_delegate
                0x00039974                gatt_db_find_attribute_by_type
                0x000399ac                gatt_db_get_16bit_char_handle
                0x000399d2                gatt_db_user_value
                0x000399f0                gatt_db_get_char_properties
                0x00039a34                gatt_db_handle_active
                0x00039a64                gatt_db_set_data
                0x00039c48                finish_execute_write_req.lto_priv.831
                0x00039cf2                gatt_db_get_data
                0x00039ed8                send_notification.lto_priv.830
                0x0003a190                gatt_db_calculate_hash
                0x0003a268                gatt_get_next_connection
                0x0003a2ec                handle_database_changed.part.3.lto_priv.449
                0x0003a62c                validate_scanning_phymask.lto_priv.522
                0x0003a65c                gap_stop_advertising
                0x0003a688                ubt_gap_set_adv_data
                0x0003a764                check_private_address_and_timer
                0x0003a834                gap_start_advertising.part.19
                0x0003adf0                hci_send_command
                0x0003ae28                hci_state_listener_idle
                0x0003c2c0                hci_state_listener_init
                0x0003c2e8                hci_state_listener_init_default_data_length
                0x0003c358                gap_scan_update
                0x0003c460                gap_listener
 .text.unlikely
                0x0003c630      0x2ec C:\Users\sanka\AppData\Local\Temp\ccNhfWoE.ltrans8.ltrans.o
 .text.RAIL_InitTxPowerCurvesAlt
                0x0003c91c       0x20 C:\Users\sanka\SimplicityStudio\v4_workspace\soc-btmesh-empty\platform\radio\rail_lib\autogen\librail_release\librail_efr32xg13_gcc_release.a(pa_conversions_efr32.o)
                0x0003c91c                RAIL_InitTxPowerCurvesAlt
 .text.RAIL_ConvertDbmToRaw
                0x0003c93c       0xbc C:\Users\sanka\SimplicityStudio\v4_workspace\soc-btmesh-empty\platform\radio\rail_lib\autogen\librail_release\librail_efr32xg13_gcc_release.a(pa_conversions_efr32.o)
                0x0003c93c                RAIL_ConvertDbmToRaw
 .text.RAIL_ConvertRawToDbm
                0x0003c9f8       0xb0 C:\Users\sanka\SimplicityStudio\v4_workspace\soc-btmesh-empty\platform\radio\rail_lib\autogen\librail_release\librail_efr32xg13_gcc_release.a(pa_conversions_efr32.o)
                0x0003c9f8                RAIL_ConvertRawToDbm
 .text.setMultiTimer
                0x0003caa8        0x4 C:\Users\sanka\SimplicityStudio\v4_workspace\soc-btmesh-empty\platform\radio\rail_lib\autogen\librail_release\librail_efr32xg13_gcc_release.a(rail_singleprotocol.o)
 .text.cancelMultiTimer
                0x0003caac        0x4 C:\Users\sanka\SimplicityStudio\v4_workspace\soc-btmesh-empty\platform\radio\rail_lib\autogen\librail_release\librail_efr32xg13_gcc_release.a(rail_singleprotocol.o)
 .text.isMultiTimerExpired
                0x0003cab0        0x4 C:\Users\sanka\SimplicityStudio\v4_workspace\soc-btmesh-empty\platform\radio\rail_lib\autogen\librail_release\librail_efr32xg13_gcc_release.a(rail_singleprotocol.o)
 .text.getMultiTimer
                0x0003cab4        0x4 C:\Users\sanka\SimplicityStudio\v4_workspace\soc-btmesh-empty\platform\radio\rail_lib\autogen\librail_release\librail_efr32xg13_gcc_release.a(rail_singleprotocol.o)
 .text.getActiveTimerCb
                0x0003cab8       0x18 C:\Users\sanka\SimplicityStudio\v4_workspace\soc-btmesh-empty\platform\radio\rail_lib\autogen\librail_release\librail_efr32xg13_gcc_release.a(rail_singleprotocol.o)
 .text.isMultiTimerRunning
                0x0003cad0        0x4 C:\Users\sanka\SimplicityStudio\v4_workspace\soc-btmesh-empty\platform\radio\rail_lib\autogen\librail_release\librail_efr32xg13_gcc_release.a(rail_singleprotocol.o)
 .text.RAIL_Init
                0x0003cad4       0x2c C:\Users\sanka\SimplicityStudio\v4_workspace\soc-btmesh-empty\platform\radio\rail_lib\autogen\librail_release\librail_efr32xg13_gcc_release.a(rail_singleprotocol.o)
                0x0003cad4                RAIL_Init
 .text.RAIL_GetSchedulerStatus
                0x0003cb00        0x4 C:\Users\sanka\SimplicityStudio\v4_workspace\soc-btmesh-empty\platform\radio\rail_lib\autogen\librail_release\librail_efr32xg13_gcc_release.a(rail_singleprotocol.o)
                0x0003cb00                RAIL_GetSchedulerStatus
 .text.RAIL_ConfigSleep
                0x0003cb04       0x14 C:\Users\sanka\SimplicityStudio\v4_workspace\soc-btmesh-empty\platform\radio\rail_lib\autogen\librail_release\librail_efr32xg13_gcc_release.a(rail_singleprotocol.o)
                0x0003cb04                RAIL_ConfigSleep
 .text.RAIL_Wake
                0x0003cb18        0x4 C:\Users\sanka\SimplicityStudio\v4_workspace\soc-btmesh-empty\platform\radio\rail_lib\autogen\librail_release\librail_efr32xg13_gcc_release.a(rail_singleprotocol.o)
                0x0003cb18                RAIL_Wake
 .text.RAIL_Sleep
                0x0003cb1c       0x18 C:\Users\sanka\SimplicityStudio\v4_workspace\soc-btmesh-empty\platform\radio\rail_lib\autogen\librail_release\librail_efr32xg13_gcc_release.a(rail_singleprotocol.o)
                0x0003cb1c                RAIL_Sleep
 .text.RAIL_Idle
                0x0003cb34        0x8 C:\Users\sanka\SimplicityStudio\v4_workspace\soc-btmesh-empty\platform\radio\rail_lib\autogen\librail_release\librail_efr32xg13_gcc_release.a(rail_singleprotocol.o)
                0x0003cb34                RAIL_Idle
 .text.RAIL_YieldRadio
                0x0003cb3c        0x2 C:\Users\sanka\SimplicityStudio\v4_workspace\soc-btmesh-empty\platform\radio\rail_lib\autogen\librail_release\librail_efr32xg13_gcc_release.a(rail_singleprotocol.o)
                0x0003cb3c                RAIL_YieldRadio
 .text.RAIL_GetRadioEntropy
                0x0003cb3e        0x8 C:\Users\sanka\SimplicityStudio\v4_workspace\soc-btmesh-empty\platform\radio\rail_lib\autogen\librail_release\librail_efr32xg13_gcc_release.a(rail_singleprotocol.o)
                0x0003cb3e                RAIL_GetRadioEntropy
 .text.RAIL_SetTimer
                0x0003cb46       0x1c C:\Users\sanka\SimplicityStudio\v4_workspace\soc-btmesh-empty\platform\radio\rail_lib\autogen\librail_release\librail_efr32xg13_gcc_release.a(rail_singleprotocol.o)
                0x0003cb46                RAIL_SetTimer
 .text.RAIL_CancelTimer
                0x0003cb62        0xe C:\Users\sanka\SimplicityStudio\v4_workspace\soc-btmesh-empty\platform\radio\rail_lib\autogen\librail_release\librail_efr32xg13_gcc_release.a(rail_singleprotocol.o)
                0x0003cb62                RAIL_CancelTimer
 .text.RAIL_StartTx
                0x0003cb70        0x8 C:\Users\sanka\SimplicityStudio\v4_workspace\soc-btmesh-empty\platform\radio\rail_lib\autogen\librail_release\librail_efr32xg13_gcc_release.a(rail_singleprotocol.o)
                0x0003cb70                RAIL_StartTx
 .text.RAIL_StartScheduledTx
                0x0003cb78        0x8 C:\Users\sanka\SimplicityStudio\v4_workspace\soc-btmesh-empty\platform\radio\rail_lib\autogen\librail_release\librail_efr32xg13_gcc_release.a(rail_singleprotocol.o)
                0x0003cb78                RAIL_StartScheduledTx
 .text.RAIL_ScheduleRx
                0x0003cb80        0x8 C:\Users\sanka\SimplicityStudio\v4_workspace\soc-btmesh-empty\platform\radio\rail_lib\autogen\librail_release\librail_efr32xg13_gcc_release.a(rail_singleprotocol.o)
                0x0003cb80                RAIL_ScheduleRx
 .text.radioConfigChangedDefault
                0x0003cb88        0x2 C:\Users\sanka\SimplicityStudio\v4_workspace\soc-btmesh-empty\platform\radio\rail_lib\autogen\librail_release\librail_efr32xg13_gcc_release.a(rail_rf.o)
 .text.isTransitionState
                0x0003cb8a       0x12 C:\Users\sanka\SimplicityStudio\v4_workspace\soc-btmesh-empty\platform\radio\rail_lib\autogen\librail_release\librail_efr32xg13_gcc_release.a(rail_rf.o)
 .text.RAILCore_Idle.part.2
                0x0003cb9c        0xc C:\Users\sanka\SimplicityStudio\v4_workspace\soc-btmesh-empty\platform\radio\rail_lib\autogen\librail_release\librail_efr32xg13_gcc_release.a(rail_rf.o)
 .text.RAIL_UnlockModule
                0x0003cba8        0x4 C:\Users\sanka\SimplicityStudio\v4_workspace\soc-btmesh-empty\platform\radio\rail_lib\autogen\librail_release\librail_efr32xg13_gcc_release.a(rail_rf.o)
                0x0003cba8                RAIL_UnlockModule
 .text.RAILCore_Init
                0x0003cbac       0x1e C:\Users\sanka\SimplicityStudio\v4_workspace\soc-btmesh-empty\platform\radio\rail_lib\autogen\librail_release\librail_efr32xg13_gcc_release.a(rail_rf.o)
                0x0003cbac                RAILINT_59121321a1358ecc506fdb12a688e30c
 *fill*         0x0003cbca        0x2 
 .text.RAILInt_SetCallbackConfig
                0x0003cbcc       0x28 C:\Users\sanka\SimplicityStudio\v4_workspace\soc-btmesh-empty\platform\radio\rail_lib\autogen\librail_release\librail_efr32xg13_gcc_release.a(rail_rf.o)
                0x0003cbcc                RAILINT_67b8f114888c610aba62f28a55421a70
 .text.RAILCore_Idle
                0x0003cbf4       0x14 C:\Users\sanka\SimplicityStudio\v4_workspace\soc-btmesh-empty\platform\radio\rail_lib\autogen\librail_release\librail_efr32xg13_gcc_release.a(rail_rf.o)
                0x0003cbf4                RAILINT_c5804fbffcb4bb00ba2d55e8180afacd
 .text.RAILCb_CalcSymbolRate
                0x0003cc08        0x8 C:\Users\sanka\SimplicityStudio\v4_workspace\soc-btmesh-empty\platform\radio\rail_lib\autogen\librail_release\librail_efr32xg13_gcc_release.a(rail_rf.o)
                0x0003cc08                RAILCb_CalcSymbolRate
 .text.RAILCb_CalcBitRate
                0x0003cc10        0x8 C:\Users\sanka\SimplicityStudio\v4_workspace\soc-btmesh-empty\platform\radio\rail_lib\autogen\librail_release\librail_efr32xg13_gcc_release.a(rail_rf.o)
                0x0003cc10                RAILCb_CalcBitRate
 .text.RAIL_SetStateTiming
                0x0003cc18        0x8 C:\Users\sanka\SimplicityStudio\v4_workspace\soc-btmesh-empty\platform\radio\rail_lib\autogen\librail_release\librail_efr32xg13_gcc_release.a(rail_rf.o)
                0x0003cc18                RAIL_SetStateTiming
 .text.RAILInt_ComputeSetChannel
                0x0003cc20       0xac C:\Users\sanka\SimplicityStudio\v4_workspace\soc-btmesh-empty\platform\radio\rail_lib\autogen\librail_release\librail_efr32xg13_gcc_release.a(rail_rf.o)
                0x0003cc20                RAILINT_72eb364d7718334eae17f88a79f3de40
 .text.RAILInt_SetChannelRaw
                0x0003cccc      0x140 C:\Users\sanka\SimplicityStudio\v4_workspace\soc-btmesh-empty\platform\radio\rail_lib\autogen\librail_release\librail_efr32xg13_gcc_release.a(rail_rf.o)
                0x0003cccc                RAILINT_a7edce70c9b1ddcd5d57d31ae701eb09
 .text.RAILInt_SetChannel
                0x0003ce0c       0x30 C:\Users\sanka\SimplicityStudio\v4_workspace\soc-btmesh-empty\platform\radio\rail_lib\autogen\librail_release\librail_efr32xg13_gcc_release.a(rail_rf.o)
                0x0003ce0c                RAILINT_e0dfaecc04939a24e643c7a83fed51fa
 .text.RAILCore_ConfigChannels
                0x0003ce3c       0x70 C:\Users\sanka\SimplicityStudio\v4_workspace\soc-btmesh-empty\platform\radio\rail_lib\autogen\librail_release\librail_efr32xg13_gcc_release.a(rail_rf.o)
                0x0003ce3c                RAILINT_4d8e913cc0a2a756e4017ab74ecff076
 .text.RAILInt_GetChannel
                0x0003ceac        0x4 C:\Users\sanka\SimplicityStudio\v4_workspace\soc-btmesh-empty\platform\radio\rail_lib\autogen\librail_release\librail_efr32xg13_gcc_release.a(rail_rf.o)
                0x0003ceac                RAILINT_aa7b882f5023851e2f6a935b3993ee64
 .text.RAILCore_SetTxTransitions
                0x0003ceb0       0x3c C:\Users\sanka\SimplicityStudio\v4_workspace\soc-btmesh-empty\platform\radio\rail_lib\autogen\librail_release\librail_efr32xg13_gcc_release.a(rail_rf.o)
                0x0003ceb0                RAILINT_60c29796d4368fee9b7d114bf204b331
 .text.RAIL_SetTxTransitions
                0x0003ceec        0x8 C:\Users\sanka\SimplicityStudio\v4_workspace\soc-btmesh-empty\platform\radio\rail_lib\autogen\librail_release\librail_efr32xg13_gcc_release.a(rail_rf.o)
                0x0003ceec                RAIL_SetTxTransitions
 .text.RAILCore_SetRxTransitions
                0x0003cef4       0x38 C:\Users\sanka\SimplicityStudio\v4_workspace\soc-btmesh-empty\platform\radio\rail_lib\autogen\librail_release\librail_efr32xg13_gcc_release.a(rail_rf.o)
                0x0003cef4                RAILINT_20405add256d5061bc482206e21c44d6
 .text.RAIL_SetRxTransitions
                0x0003cf2c        0x8 C:\Users\sanka\SimplicityStudio\v4_workspace\soc-btmesh-empty\platform\radio\rail_lib\autogen\librail_release\librail_efr32xg13_gcc_release.a(rail_rf.o)
                0x0003cf2c                RAIL_SetRxTransitions
 .text.RAIL_ConfigEvents
                0x0003cf34       0x14 C:\Users\sanka\SimplicityStudio\v4_workspace\soc-btmesh-empty\platform\radio\rail_lib\autogen\librail_release\librail_efr32xg13_gcc_release.a(rail_rf.o)
                0x0003cf34                RAIL_ConfigEvents
 .text.RAIL_ConfigRxOptions
                0x0003cf48        0x8 C:\Users\sanka\SimplicityStudio\v4_workspace\soc-btmesh-empty\platform\radio\rail_lib\autogen\librail_release\librail_efr32xg13_gcc_release.a(rail_rx.o)
                0x0003cf48                RAIL_ConfigRxOptions
 .text.RAILCore_ScheduleRx
                0x0003cf50       0x2c C:\Users\sanka\SimplicityStudio\v4_workspace\soc-btmesh-empty\platform\radio\rail_lib\autogen\librail_release\librail_efr32xg13_gcc_release.a(rail_rx.o)
                0x0003cf50                RAILINT_086017fdb374a998d21f5428f8f3accf
 .text.RAILCb_ConfigFrameTypeLength
                0x0003cf7c        0x4 C:\Users\sanka\SimplicityStudio\v4_workspace\soc-btmesh-empty\platform\radio\rail_lib\autogen\librail_release\librail_efr32xg13_gcc_release.a(rail_rx.o)
                0x0003cf7c                RAILCb_ConfigFrameTypeLength
 .text.RAIL_GetTxPower