Archive member included to satisfy reference by file (symbol)

C:\Users\sanka\SimplicityStudio\v4_workspace\course-project-Sankalppund\protocol\bluetooth\lib\EFR32XG13X\GCC\libbluetooth_mesh.a(bgapi.c.obj)
                              ./gecko_main.o (symbol from plugin) (gecko_cmd_msg_buf)
C:\Users\sanka\SimplicityStudio\v4_workspace\course-project-Sankalppund\protocol\bluetooth\lib\EFR32XG13X\GCC\libbluetooth_mesh.a(bgapi_gatt_lib.c.obj)
                              ./gecko_main.o (symbol from plugin) (sli_bt_cmd_gatt_server_write_attribute_value)
C:\Users\sanka\SimplicityStudio\v4_workspace\course-project-Sankalppund\protocol\bluetooth\lib\EFR32XG13X\GCC\libbluetooth_mesh.a(bgapi_hardware.c.obj)
                              ./gecko_main.o (symbol from plugin) (sli_bt_cmd_hardware_set_soft_timer)
C:\Users\sanka\SimplicityStudio\v4_workspace\course-project-Sankalppund\protocol\bluetooth\lib\EFR32XG13X\GCC\libbluetooth_mesh.a(bgapi_le_connection.c.obj)
                              ./gecko_main.o (symbol from plugin) (sli_bt_cmd_le_connection_close)
C:\Users\sanka\SimplicityStudio\v4_workspace\course-project-Sankalppund\protocol\bluetooth\lib\EFR32XG13X\GCC\libbluetooth_mesh.a(bgapi_ps.c.obj)
                              ./gecko_main.o (symbol from plugin) (sli_bt_cmd_flash_ps_erase_all)
C:\Users\sanka\SimplicityStudio\v4_workspace\course-project-Sankalppund\protocol\bluetooth\lib\EFR32XG13X\GCC\libbluetooth_mesh.a(bgapi_system.c.obj)
                              ./gecko_main.o (symbol from plugin) (sli_bt_cmd_system_get_bt_address)
C:\Users\sanka\SimplicityStudio\v4_workspace\course-project-Sankalppund\protocol\bluetooth\lib\EFR32XG13X\GCC\libbluetooth_mesh.a(bglib.c.obj)
                              ./src/main.o (symbol from plugin) (gecko_wait_event)
C:\Users\sanka\SimplicityStudio\v4_workspace\course-project-Sankalppund\protocol\bluetooth\lib\EFR32XG13X\GCC\libbluetooth_mesh.a(bondingdb.c.obj)
                              bglib.c.obj (symbol from plugin) (bondingdb_get_max_bonds)
C:\Users\sanka\SimplicityStudio\v4_workspace\course-project-Sankalppund\protocol\bluetooth\lib\EFR32XG13X\GCC\libbluetooth_mesh.a(btl_interface.c.obj)
                              bgapi.c.obj (symbol from plugin) (bootloader_getInfo)
C:\Users\sanka\SimplicityStudio\v4_workspace\course-project-Sankalppund\protocol\bluetooth\lib\EFR32XG13X\GCC\libbluetooth_mesh.a(efr32xg1x.c.obj)
                              bglib.c.obj (symbol from plugin) (bg_hal_set_ctune)
C:\Users\sanka\SimplicityStudio\v4_workspace\course-project-Sankalppund\protocol\bluetooth\lib\EFR32XG13X\GCC\libbluetooth_mesh.a(gap.c.obj)
                              bglib.c.obj (symbol from plugin) (gap_reset_state)
C:\Users\sanka\SimplicityStudio\v4_workspace\course-project-Sankalppund\protocol\bluetooth\lib\EFR32XG13X\GCC\libbluetooth_mesh.a(gap_adv.c.obj)
                              gap.c.obj (symbol from plugin) (gap_adv_update)
C:\Users\sanka\SimplicityStudio\v4_workspace\course-project-Sankalppund\protocol\bluetooth\lib\EFR32XG13X\GCC\libbluetooth_mesh.a(gap_periodic_adv-stubs.c.obj)
                              bglib.c.obj (symbol from plugin) (ubt_gap_alloc_periodic_adv)
C:\Users\sanka\SimplicityStudio\v4_workspace\course-project-Sankalppund\protocol\bluetooth\lib\EFR32XG13X\GCC\libbluetooth_mesh.a(gap_periodic_scan-stubs.c.obj)
                              bglib.c.obj (symbol from plugin) (ubt_gap_alloc_periodic_scan)
C:\Users\sanka\SimplicityStudio\v4_workspace\course-project-Sankalppund\protocol\bluetooth\lib\EFR32XG13X\GCC\libbluetooth_mesh.a(gap_resolver.c.obj)
                              gap.c.obj (symbol from plugin) (gap_address_resolver_step)
C:\Users\sanka\SimplicityStudio\v4_workspace\course-project-Sankalppund\protocol\bluetooth\lib\EFR32XG13X\GCC\libbluetooth_mesh.a(gap_scan.c.obj)
                              gap.c.obj (symbol from plugin) (gap_status_set_scan_packet)
C:\Users\sanka\SimplicityStudio\v4_workspace\course-project-Sankalppund\protocol\bluetooth\lib\EFR32XG13X\GCC\libbluetooth_mesh.a(gap_whitelist-stubs.c.obj)
                              bondingdb.c.obj (symbol from plugin) (gap_whitelist_clear_list)
C:\Users\sanka\SimplicityStudio\v4_workspace\course-project-Sankalppund\protocol\bluetooth\lib\EFR32XG13X\GCC\libbluetooth_mesh.a(gatt.c.obj)
                              gap.c.obj (symbol from plugin) (gatt_init_connection)
C:\Users\sanka\SimplicityStudio\v4_workspace\course-project-Sankalppund\protocol\bluetooth\lib\EFR32XG13X\GCC\libbluetooth_mesh.a(gatt_client.c.obj)
                              bgapi_gatt_lib.c.obj (symbol from plugin) (gatt_client_init)
C:\Users\sanka\SimplicityStudio\v4_workspace\course-project-Sankalppund\protocol\bluetooth\lib\EFR32XG13X\GCC\libbluetooth_mesh.a(gatt_db_minimal.c.obj)
                              gap_adv.c.obj (symbol from plugin) (gatt_db_handle_active)
[...]
Memory Configuration

Name             Origin             Length             Attributes
FLASH_BOOTLOADER 0x0fe10000         0x00004000         xr
FLASH            0x00000000         0x00080000         xr
RAM              0x20000000         0x00010000         xrw
*default*        0x00000000         0xffffffff

Linker script and memory map

LOAD e:/simplicity studio/developer/toolchains/gnu_arm/7.2_2017q4/bin/../lib/gcc/arm-none-eabi/7.2.1/thumb/v7e-m/fpv4-sp/softfp/crti.o
LOAD e:/simplicity studio/developer/toolchains/gnu_arm/7.2_2017q4/bin/../lib/gcc/arm-none-eabi/7.2.1/thumb/v7e-m/fpv4-sp/softfp/crtbegin.o
LOAD e:/simplicity studio/developer/toolchains/gnu_arm/7.2_2017q4/bin/../lib/gcc/arm-none-eabi/7.2.1/../../../../arm-none-eabi/lib/thumb/v7e-m/fpv4-sp/softfp/crt0.o
START GROUP
LOAD C:\Users\sanka\AppData\Local\Temp\ccfyl6Xc.ltrans0.ltrans.o
LOAD C:\Users\sanka\AppData\Local\Temp\ccfyl6Xc.ltrans1.ltrans.o
LOAD C:\Users\sanka\AppData\Local\Temp\ccfyl6Xc.ltrans2.ltrans.o
LOAD C:\Users\sanka\AppData\Local\Temp\ccfyl6Xc.ltrans3.ltrans.o
LOAD C:\Users\sanka\AppData\Local\Temp\ccfyl6Xc.ltrans4.ltrans.o
LOAD C:\Users\sanka\AppData\Local\Temp\ccfyl6Xc.ltrans5.ltrans.o
LOAD C:\Users\sanka\AppData\Local\Temp\ccfyl6Xc.ltrans6.ltrans.o
LOAD C:\Users\sanka\AppData\Local\Temp\ccfyl6Xc.ltrans7.ltrans.o
LOAD C:\Users\sanka\SimplicityStudio\v4_workspace\course-project-Sankalppund\protocol\bluetooth\lib\EFR32XG13X\GCC\libbluetooth_mesh.a
LOAD C:\Users\sanka\SimplicityStudio\v4_workspace\course-project-Sankalppund\protocol\bluetooth\lib\EFR32XG13X\GCC\libcoex.a
LOAD C:\Users\sanka\SimplicityStudio\v4_workspace\course-project-Sankalppund\protocol\bluetooth\lib\EFR32XG13X\GCC\binapploader.o
LOAD C:\Users\sanka\SimplicityStudio\v4_workspace\course-project-Sankalppund\protocol\bluetooth\lib\EFR32XG13X\GCC\libpsstore.a
LOAD C:\Users\sanka\SimplicityStudio\v4_workspace\course-project-Sankalppund\platform\radio\rail_lib\autogen\librail_release\librail_efr32xg13_gcc_release.a
LOAD e:/simplicity studio/developer/toolchains/gnu_arm/7.2_2017q4/bin/../lib/gcc/arm-none-eabi/7.2.1/../../../../arm-none-eabi/lib/thumb/v7e-m/fpv4-sp/softfp\libm.a
END GROUP
START GROUP
LOAD e:/simplicity studio/developer/toolchains/gnu_arm/7.2_2017q4/bin/../lib/gcc/arm-none-eabi/7.2.1/thumb/v7e-m/fpv4-sp/softfp\libgcc.a
LOAD e:/simplicity studio/developer/toolchains/gnu_arm/7.2_2017q4/bin/../lib/gcc/arm-none-eabi/7.2.1/../../../../arm-none-eabi/lib/thumb/v7e-m/fpv4-sp/softfp\libc_nano.a
LOAD e:/simplicity studio/developer/toolchains/gnu_arm/7.2_2017q4/bin/../lib/gcc/arm-none-eabi/7.2.1/../../../../arm-none-eabi/lib/thumb/v7e-m/fpv4-sp/softfp\libnosys.a
END GROUP
START GROUP
LOAD e:/simplicity studio/developer/toolchains/gnu_arm/7.2_2017q4/bin/../lib/gcc/arm-none-eabi/7.2.1/thumb/v7e-m/fpv4-sp/softfp\libgcc.a
LOAD e:/simplicity studio/developer/toolchains/gnu_arm/7.2_2017q4/bin/../lib/gcc/arm-none-eabi/7.2.1/../../../../arm-none-eabi/lib/thumb/v7e-m/fpv4-sp/softfp\libg_nano.a
LOAD e:/simplicity studio/developer/toolchains/gnu_arm/7.2_2017q4/bin/../lib/gcc/arm-none-eabi/7.2.1/../../../../arm-none-eabi/lib/thumb/v7e-m/fpv4-sp/softfp\libc_nano.a
END GROUP
START GROUP
LOAD e:/simplicity studio/developer/toolchains/gnu_arm/7.2_2017q4/bin/../lib/gcc/arm-none-eabi/7.2.1/thumb/v7e-m/fpv4-sp/softfp\libgcc.a
LOAD e:/simplicity studio/developer/toolchains/gnu_arm/7.2_2017q4/bin/../lib/gcc/arm-none-eabi/7.2.1/../../../../arm-none-eabi/lib/thumb/v7e-m/fpv4-sp/softfp\libc_nano.a
END GROUP
LOAD e:/simplicity studio/developer/toolchains/gnu_arm/7.2_2017q4/bin/../lib/gcc/arm-none-eabi/7.2.1/thumb/v7e-m/fpv4-sp/softfp/crtend.o
LOAD e:/simplicity studio/developer/toolchains/gnu_arm/7.2_2017q4/bin/../lib/gcc/arm-none-eabi/7.2.1/thumb/v7e-m/fpv4-sp/softfp/crtn.o

.text_bootloader
                0x0fe10000        0x0
 *(.binbootloader*)
                0x0fe10000                . = ALIGN (0x4000)

.text_apploader
                0x00000000     0xafc0
 *(.binapploader*)
 .binapploader  0x00000000     0xafc0 C:\Users\sanka\SimplicityStudio\v4_workspace\course-project-Sankalppund\protocol\bluetooth\lib\EFR32XG13X\GCC\binapploader.o

.text_signature
                0x0000afc0       0x40
                0x0000b000                . = ALIGN (0x800)
 *fill*         0x0000afc0       0x40 
                0x0000b000                __text_start__ = .

.text_application
                0x0000b000    0x35670
 *(.vectors)
 .vectors       0x0000b000       0xfc C:\Users\sanka\AppData\Local\Temp\ccfyl6Xc.ltrans0.ltrans.o
                0x0000b000                __Vectors
                0x0000b0fc                __Vectors_End = .
                0x000000fc                __Vectors_Size = (__Vectors_End - __Vectors)
                0x0000b0fc                __end__ = .
 *(.application_properties)
 .application_properties
                0x0000b0fc       0x40 C:\Users\sanka\AppData\Local\Temp\ccfyl6Xc.ltrans0.ltrans.o
                0x0000b0fc                bg_application_properties
 *(.gecko_configuration)
 *(.xo_configuration)
 *(.gatt_header)
 .gatt_header   0x0000b13c       0x34 C:\Users\sanka\AppData\Local\Temp\ccfyl6Xc.ltrans5.ltrans.o
                0x0000b13c                bg_gattdb_data
 *(.gatt_data)
 .gatt_data     0x0000b170      0x2cc C:\Users\sanka\AppData\Local\Temp\ccfyl6Xc.ltrans5.ltrans.o
                0x0000b170                bg_gattdb_data_attribute_field_30
                0x0000b178                bg_gattdb_data_attribute_field_29
                0x0000b18e                bg_gattdb_data_attribute_field_28
                0x0000b1a0                bg_gattdb_data_attribute_field_26
                0x0000b1a8                bg_gattdb_data_attribute_field_25
                0x0000b1b0                bg_gattdb_data_attribute_field_24
                0x0000b1b8                bg_gattdb_data_attribute_field_23
                0x0000b1c0                bg_gattdb_data_attribute_field_22
                0x0000b1c4                bg_gattdb_data_attribute_field_20
                0x0000b1cc                bg_gattdb_data_attribute_field_19
                0x0000b1d4                bg_gattdb_data_attribute_field_18
                0x0000b1dc                bg_gattdb_data_attribute_field_17
                0x0000b1e4                bg_gattdb_data_attribute_field_16
                0x0000b1e8                bg_gattdb_data_attribute_field_15
                0x0000b1f6                bg_gattdb_data_attribute_field_14
                0x0000b1fe                bg_gattdb_data_attribute_field_13
                0x0000b202                bg_gattdb_data_attribute_field_12
                0x0000b206                bg_gattdb_data_attribute_field_11
                0x0000b210                bg_gattdb_data_attribute_field_10
                0x0000b218                bg_gattdb_data_attribute_field_9
                0x0000b220                bg_gattdb_data_attribute_field_8
                0x0000b224                bg_gattdb_data_attribute_field_7
                0x0000b22c                bg_gattdb_data_attribute_field_6
                0x0000b234                bg_gattdb_data_attribute_field_5
                0x0000b23c                bg_gattdb_data_attribute_field_4
                0x0000b244                bg_gattdb_data_attribute_field_2
                0x0000b24c                bg_gattdb_data_attribute_field_1
                0x0000b254                bg_gattdb_data_attribute_field_0
                0x0000b258                bg_gattdb_data_adv_uuid128_map
                0x0000b268                bg_gattdb_data_adv_uuid16_map
                0x0000b270                bg_gattdb_data_attributes_dynamic_mapping_map
                0x0000b282                bg_gattdb_data_uuidtable_128_map
                0x0000b2a2                bg_gattdb_data_uuidtable_16_map
                0x0000b2c8                bg_gattdb_data_attributes_map
 *(.text*)
 .text          0x0000b43c       0x40 e:/simplicity studio/developer/toolchains/gnu_arm/7.2_2017q4/bin/../lib/gcc/arm-none-eabi/7.2.1/thumb/v7e-m/fpv4-sp/softfp/crtbegin.o
 .text          0x0000b47c       0x74 e:/simplicity studio/developer/toolchains/gnu_arm/7.2_2017q4/bin/../lib/gcc/arm-none-eabi/7.2.1/../../../../arm-none-eabi/lib/thumb/v7e-m/fpv4-sp/softfp/crt0.o
                0x0000b47c                _mainCRTStartup
                0x0000b47c                _start
 .text          0x0000b4f0     0x647c C:\Users\sanka\AppData\Local\Temp\ccfyl6Xc.ltrans0.ltrans.o
                0x0000b79a                gecko_init_alloc
                0x0000bd20                sleepCallbackWrapper.lto_priv.390
                0x0000bf2c                Default_Handler
                0x0000bf2c                CRYPTO0_IRQHandler
                0x0000bf2c                EMU_IRQHandler
                0x0000c6f0                Reset_Handler
                0x0000c730                CORE_EnterCritical
                0x0000c738                hci_increase_token
                0x0000c74a                handle_bgapi_output.lto_priv.517
                0x0000c7d8                sli_bt_cmd_handler_delegate
                0x0000c954                user_signal_message_handler.lto_priv.389
                0x0000cbf8                bgapi_ubt_message_handler.lto_priv.395
                0x0000cdf4                bgapi_ubt_listener
                0x0000d0bc                gatt_db_find_attribute_by_type
                0x0000d0f4                gatt_db_get_16bit_char_handle
                0x0000d2f0                sli_bt_cmd_gatt_server_send_characteristic_notification
                0x0000d3c0                gatt_db_get_data
                0x0000d638                gatt_db_calculate_hash
                0x0000d710                validate_scanning_phymask.lto_priv.518
                0x0000d740                gap_stop_advertising
                0x0000d76c                ubt_gap_set_adv_data
                0x0000d848                check_private_address_and_timer
                0x0000d918                gap_start_advertising.part.19
                0x0000dcca                bondingdb_handle_valid.lto_priv.443
                0x0000dcec                ubt_sm_get_bond_data
                0x0000df20                bondingdb_is_bonded
                0x0000e118                ubt_sm_set_bond_data
                0x0000e170                gatt_db_set_data
                0x0000e518                handle_database_changed.part.3.lto_priv.446
                0x0000e680                gecko_stack_update_callback
                0x0000e7c4                displayPrintf
                0x0000ec80                SystemHFXOClockGet
                0x0000ec8c                CMU_OscillatorEnable
                0x0000ee00                int32_from_buf.lto_priv.706
                0x0000f1d0                SYSTEM_ChipRevisionGet
                0x0000f204                MSC_Deinit
                0x0000f218                MSC_Init
                0x0000f238                GPIO_PinModeSet
                0x0000f2a8                EMU_DCDCLnRcoBandSet
                0x0000f2d0                EMU_VScaleGet.lto_priv.444
                0x0000f2e4                CORE_SetNvicRamTableHandler
                0x0000f2f4                CORE_EnterAtomic
                0x0000f2fc                CORE_ExitCritical
                0x0000f302                hci_send_command
                0x0000f33c                hci_state_listener_idle
                0x000107d4                hci_state_listener_init
                0x000107fc                hci_state_listener_init_default_data_length
                0x0001086c                gap_scan_update
                0x00010974                gap_listener
                0x00010b50                CORE_ExitAtomic
                0x00010c90                CMU_ClockSelectGet
                0x00010d58                CMU_ClockEnable
                0x00010e88                SystemULFRCOClockGet
                0x00010e8e                SystemLFXOClockGet
                0x00010e98                SystemLFRCOClockGet
                0x00010e9e                CMU_UpdateWaitStates
                0x00010ebc                setHfLeConfig.lto_priv.445
                0x00010f00                SystemHFClockGet
                0x00010f48                EMU_VScaleEM01ByClock
                0x00011074                CMU_ClockFreqGet
                0x000110c4                CMU_ClockSelectSet
                0x00011862                _write
                0x000118a0                _sbrk
                0x000118c4                _read
                0x00011954                _lseek
                0x00011958                _isatty
                0x0001195c                _fstat
                0x00011966                _exit
                0x00011968                _close
 .text.unlikely
                0x0001196c      0x2ec C:\Users\sanka\AppData\Local\Temp\ccfyl6Xc.ltrans0.ltrans.o
 .text.startup  0x00011c58     0x1420 C:\Users\sanka\AppData\Local\Temp\ccfyl6Xc.ltrans0.ltrans.o
                0x00011c58                main
 .text          0x00013078     0x598c C:\Users\sanka\AppData\Local\Temp\ccfyl6Xc.ltrans1.ltrans.o
                0x00013078                s8d212826c13c947a5f34f8154beb0d86a0931f439f9d50615a6d9b84de153e76
                0x0001307a                s09ed5682dcd8ac8f33ce83e45a56f148f0955b736b1f843af1b872e3aa8ab9a2.lto_priv.662
                0x000130c4                s3ae7f12b71a712653ee40e03e96f624e1f08a101483aa7b9096dcfd7c0d5f5cc.lto_priv.700
                0x00013128                sc51ded7a99df283122a275d0ecd5a8a7c29ff2bf06e77a2a5b1f363531aece47.lto_priv.699
                0x00013158                s75b06c479315c0a7b5b8f05891e886b61d1a2a2c6124a9dcbe6778ed11582f71
                0x00013168                s81abab53ce98518d5cb212a7d36c3e6ec3a8f2dee5da8772e5020a5162bdd3e3
                0x000131ba                scbecaa652a6cc6759624c7a5bbe711e6da2fb9bf21b70d82ee3c94e900b2445b.lto_priv.581
                0x00013268                s4472ceb367e8b6c2f42c6aafea00a88a704b321cb95713fd0319168e99e08afe
                0x0001330c                s635c2435171484d333ca0acf1cd7f2f0059bae525d0bf8f014641447f79c180e.lto_priv.693
                0x000133f0                s267927430b38cc114fea2feca5bc705af5a9426d69e3c18b9a3e2c66985a7dfd
                0x00013494                s436b10ce7896188d75251d722f89b174cbf8653f8dbe69c4432f63420a5b0955.lto_priv.663
                0x000135d0                sea5b18769320d95f2f018a4e126e7637bd18baba5028b182b0aeec359bdc7b5d.lto_priv.694
                0x000135f8                s34632e976fe8de76207a09903a89a917d7a9fa25250638344f9d359ce16a3361.lto_priv.695
                0x00013686                s3cd1a4a41e76d2e8de9cd2149b8f18141b81271b8fd827267f94cd2c3c088be2
                0x00013794                s05b16165b7a5efa73bb7b7e1f21aa15a65e1c61ce1ef1f317b238ae73d551cbe
                0x00013d0c                s16c809febdaaa89faa5e479d1f9ff28a0a5e144e7a17dec3b4a2ac0f02bdab18
                0x000140d0                s91f950c488b3ef6191a1b3b42263a42a04d3501c7c1f89f4ee006745330d57c3
                0x00014114                sa5df575d0c1b6797d7561fed700bcc803d62d366712ab9d7ca0fdcbf4c758d45
                0x0001415c                s6bf7d48df75131539ada768514a930db9ba172abd107d46ff9db3d088f8066f0.lto_priv.761
                0x0001416e                s43b7e9d3eec1f84fa52d49bcc7ddbab20e16e8c902ae611a4e412fa10b0aa01e
                0x0001426c                sa1d16f786461dc0aa926386a60e5e7170c8226a857040c463c9a27214a1626ae
                0x00014288                sd8a0175f916dfbea8923feda6e74370a7e2aa7e163c4783ba9507ba079bd9534
                0x000142a4                sfc00126fdd9b0b5e2b573c4c0b20d55edd59de3a84cae21783381e30429b8fe5
                0x0001439e                se8ac6c3b2da9998a0513981dc365024057108e275510d360d8762f9792d33263
                0x000143b6                s5bc4b2d5af4a0fd71690e6ef55d87530910a772f66a38a5d201a4611621d7950
                0x000143e0                s0a870c2ab5f9c29dc38b0c7bed1b7a1a8562f0a917109545d67835b9fb5b2b3a.lto_priv.610
                0x000143fc                s52762b92e5b7fa69c70a48b983e7cb7d9a16ced4b710bbdf77c3f6f6c2a24007.lto_priv.611
                0x00014414                s5e19155d2108ed2599e665c798ad574fcaa017439d9530eba84b7dc7c743850b.lto_priv.566
                0x00014422                sb4c57ad7fc5bec8c4278635d262a70490f5ee7abe15aed9b7a79bc6f74f6f736
                0x0001444c                s01474140abeea982cbcc17fe54d9015ac4c5ef83f19c4e4a8830deb2983c01d4.lto_priv.570
                0x00014468                sa0df6a53405b04cbd04355298998382d2cb4c82faf733f13ef3fdf72bffd6a66.lto_priv.619.lto_priv.711
                0x00014468                sa0df6a53405b04cbd04355298998382d2cb4c82faf733f13ef3fdf72bffd6a66.lto_priv.617.lto_priv.717
                0x0001446e                s0f58d3e48ddfa68e4a7468881b641f28e4b801f7af7c7ff28247710dd9198f84.lto_priv.464
                0x000144c0                s2af6f9855b0bf5b0e2123292b183bd4f0724b10bb81497e27513f48811bac3c6
                0x000144d0                s7b2b44f7f0beda876bb716593a3db71ebcbca6b93c20057038d828d243932e1d.lto_priv.471
                0x0001454c                s58135f5e7353d344dad389641bab2abd6d5ec2ea155857e830b6530ba15ee077.lto_priv.785
                0x00014590                s0693c3b33f7f6e8a2590215cdfbabac96d7cc9b1cd9b494a6da514ca5c4f2abe
                0x00014622                s891d7a8f3d8d2bb974910d39b20e63b4866824c0780c3579375ebf7aae6a84ec.lto_priv.588
                0x0001467c                s16fecf4b2913016fc53de7289ed5b5d86c892d0f6bb90c4c7839949861753371.lto_priv.596
                0x000146ba                s2b5c1aad074f8475a1bdf8542a28109622aa226ca4d745ce3ab9bb91ab0cc56f.lto_priv.595
                0x000146e4                sdc34cd4586d985c2b37afff341b88aeb535ebb11cc5670b5af271b5047768542
                0x000148b8                s3b7a8d9f6b6501ba51636326f98f73b66d80e0b21a727586cee33f8f89a5e794.lto_priv.594
                0x00014a6c                sef9892c36f55bd3b99f981d23142560c5f7333433a4fb6691d4484965b30b7f7
                0x00014ba0                s0d0ba7a2cc1833aef5b836cf8c1eb6d0feca95e5a2e4b70dd2f31a588afea840
                0x00014c20                s400b0bb91136dc60dbed10e9c6a89f838e20eda566e2dfc066f2392c6fb81e86
                0x00014cae                s5559104addd1b8c64a578652248f325add4f3747881b097909f3cab638499600
                0x00014d24                sa259ab6ddbd289ce00f01c3b0450100d8ca6392ac80634169516370912410c8b.lto_priv.586
                0x00014d4c                s19553c834432d53ea96cfb233793ca6d48721f230f5218ea43c1566ed5c2eaef.lto_priv.585
                0x00014dc8                s43880b476f0746ac8ccc6dd99788a4281bfb7a9c308668e7bac130dbb82d477b.lto_priv.584
                0x00014f98                s5d8863113e3f322e467d30701d40aa50de01c5939b3b2e3e70c1fc4ee8a8501f.lto_priv.583
                0x00014fc8                se129d7c4b491946bb958154e8b64a384aa9caf18da0375d6dff2b7a33f1fb77f.lto_priv.582
                0x00014ffc                sc1093aa6a11bb3113eea0649ce71e93ce4779ecf6d3d7fc5ca2ae619d0ef1890.lto_priv.708
                0x00015160                s9c730bf8430c02b21eb136a5613a6e7babeb112c912ab8bb5bf3f12ae3a2fbbd.lto_priv.692
                0x000154f4                sfeb0b174311675d2d2abf26cac650505dcc1bd916985af7028aa70cde2b7daae
                0x0001550c                sd13d89e7b487c3541f8f0b82fe6e56ef53177a25aeecc973abdf522cd93ea064.lto_priv.697
                0x00015544                s0600b16f3a4859ea3a343c708bb69d7718b1ecfd4520cbba2aad96b2196b6433
                0x000155fc                sa0dcaede846c1cf6ff605eeff1b174c862480c3bab5ed2f136e13189396b13f7.lto_priv.447
                0x00015620                s0e55f0d59628a699f55899a6d288545e93cc034b5b9cd4e37811cf1189aa217b
                0x00015650                s98d678c94f3720ccca8dff1726a7200bd09e74b5a6104f03aeb69e33855e25e0.lto_priv.604
                0x000156d4                s85d8b00bcf3fbae5571f41b980debd05bf0741a6b9ea059c048f3c7a95b3281b
                0x000156f8                s74779adbbcf863200e1451a8c29acbe59451957791090009e576e1c718d8aebd.lto_priv.410
                0x000156fa                sc02bcd4350bf705a8796886673e2745ec11d0411ae650eb46503d2797d2e46f3
                0x000158ec                se690b0fe07f49ad8d2ae0af29a99ee5c790acd15eb1b2ea28e3daa26d209f652
                0x00015a38                s9d18a50c23c15f26a9282a97192a523869ef94295b2b5e8c9470ad2d0d65d9b0
                0x00015b94                s69df01788beb5e6b0e745200f66c544ce854ca052074bf32899353869dbd93e0.lto_priv.701
                0x00015c28                sbdafaa440e57a64193537557d6aa3fd1d92e44a11dc88c64f239b0827e8c9451.lto_priv.702
                0x00015cb8                s154a0b716ef4c089f1ecf9e16c05499c4296393e8804cfd7887b049bb5912fce.lto_priv.703
                0x00015d20                s8824e333c9db5ae58c3891a564750a0cbd349703ff423c182817547e30c161bb.lto_priv.698
                0x00015d76                scae4967310123b62d7c6676e660b86cfbe85d69d1aa88d9dade17cbbb37fb6b0
                0x00015dc4                s0ff43e371d43058796f2e1532a3f9a50929c0b9c66473d8f918498d94258d25d.lto_priv.572
                0x00015e3a                s85575a9990d7b698e5c670c70fbc89ce06baf3133f7955e3deee0618bb360543.part.2.lto_priv.560
                0x00015e68                s232305ae92a955506cb9236fe14ee7e17497f60efdf5bbe7200ef62a9f0934ef.lto_priv.557
                0x00015ef8                s0cc135feb4136b5dab910a0f2191fbb01ff05bf6be40895330584a6afde535a8.lto_priv.563
                0x00015f18                s5adf5f4b631212a46166c62fedf2cd11667ecb2dbb644657bd3a1396676d23f2.lto_priv.558
                0x00015f3c                sf067810364b2aec5684b07c9a8a7ec60df5a86cf6f911a17c705627ef3669c08.lto_priv.555
                0x00015f88                s3ebbfaec66888c2c291acd6316d253bf29306f5d50869f10909d04a313d2a29f.lto_priv.561
                0x0001609c                s8bf682176896003a8c7b9f560968b21c29016e6c56c727c8d0044e9ea725a4a8.lto_priv.559
                0x000160c8                s04777374549746d7469d72609f6cc6053e6f5a2a8804e18d627b0ffa1b3b4c9b.lto_priv.562
                0x00016188                s3aab3a2d49f9a74e7b1025959b426a28c62a75da3148652129c158a6cf01911d
                0x000161b8                s453a83a051f1575976e86407083eddc5e3f69bb8f35b32b9522a852d45723e55.lto_priv.556
                0x000161d8                s15d3a88e2b5c3e40ee53f6b9655d6ec7c3c149f393815dd52d0ffc2179bb1f4a
                0x0001620c                s6be70e423681240d977bbe34b0cf593027330c5bc3286f410609fd7b6a06b6e6
                0x000162f8                sf7f0cc2a1cfeefb234c633da646e543f1f4d015d17e55e7cd9f0b1e61a7375d0
                0x00016354                s5ace8d174d1a7dadc73b36059a7fed43cf9c1b513ae2a0d659414c4838abd5d2.lto_priv.603
                0x000164fc                s6f9c3cc2d46b87cf7ef6d7ea4605b61584507e71701542220590215a75574c9e
                0x00016528                s63d0a2d89df92d0a7da510e1903e7d512cd451cb3600ad64e33675a0ec98415b.lto_priv.396
                0x0001660e                s5b4a856e685e8bbe40b8a315c34d871a75b086194394d61cf1ef236fabec36db
                0x00016898                sd9d1bf544b875a76b2b9c6c7e2ce661d8778f13f54541c2a05342025175b566e.lto_priv.397
                0x00016b58                sddf00a2e20a2a4af2d0a266dee401930455613a1d1931d8ad43c77bafda73cf4
                0x00017010                sc3726795190ea82ad23e6338ab096287f6e931b787309369857b2630ecb55c76
                0x00017032                s97fbeca0e33cb33da8c08c054d9fa974029f199debe05fd11835cf1a3ec5397e.part.0
                0x00017138                se906f228186613d6041e64e82fcf633b17a5867a19e4c649b25ad797b99861e4
                0x00017180                sc767b75b33b81a43ba6e01c74030cdacd34620dbdd6f7f1544c831ce8c7a4e23
                0x000171c8                s4dbc24937be26c9432eb2264dba166e98aa7139fb188303bb787e214e1291a45
                0x000171ec                sd8b6662acfa8c45811b587228d18e69b3173ac3c2aa99c24219b26b07cf5e7c4
                0x00017468                sfb544dcbc916a8608320ef614dfb90da5a0257624ba93c76f3ab5106741a052d.lto_priv.784
                0x000174e0                saf28bdf0441bb687c71a936ad9d151b1d7fb97cd183bca97f3fbac184ba5e598
                0x000174ec                se1cac6d437a5c990ede8af11fe7a4789e10862a8ad142fcec6eb7f6eda1ef329.lto_priv.605
                0x00017504                s8153570b1e6c3cc1e789ccb6833d3a7c5338f71e9d65a3b1e965d7fe4f6b8b16
                0x00017548                s94de17b7f45f3f6576a715d745502c07eb7ba64e96b9cabb49eab2f847df0281
                0x0001756e                s3f4a12bb3e21a280fa98dae53b62904e9b93882c5ea79a50c38097b6465097ef
                0x00017582                s6f00c5bd1c654c0cefadcb4bef7b1965114995d4e3c1991567f0d3cac1ffe9f4
                0x000175c6                sab8ee35be9e0455a67e98c2a50156049d1c7ff232c8e9df80315689120dc45cd
                0x00017602                s1484b20da5524d568ca70fbaccb47656cba58a283d79f2d0c7b559fce4640d72
                0x0001765a                s6d6a349dc9180216a0b7d9fff14f65551937e8ab41dcd7619de87babb708bc4c.lto_priv.709
                0x00017898                s27a2da3160af8eb827551ebddcc1417f39c1e1788cbf817e44639bf92eb1706a
                0x00017b80                s3c74d0e33ad36a3b70d29648e40454e394ab11e025283bc8c86b9002d7222771
                0x00017bbe                s26e5a44e761857d4f38e1671a9d42ed4c4e2ff2d5c80c0ceca8f5c3526cd9932.lto_priv.608
                0x00017e3c                s2c9b333996f4ba1fec08590c7165f1c03a13619536612c68a311b1019644d779.lto_priv.661
                0x00018120                s075ad380b23e1fc656f1261114cdb2ad78cf0ef028f3790697fdf7704f23f60d
                0x00018208                s4bb3c881a4f2998013bc4f0e0071ea7be0730d635ebb2e25a35cc4a818256ec2
                0x000185a0                s9d98cb56616ee6b6713e2f044bf92c13c2d31d586956b20346869aeab0992644.lto_priv.696
                0x00018728                s04224953bf77f159123795000d25af53af1953b43bbf8679517d3e80d583af8d
                0x000187d0                s60403f0a2f6aff2e8039b1ef2d554d6132983ba87810a1cd601a1a520db2d0b4.lto_priv.460
                0x0001884c                saa3f4a233c6a5af9fc48c73749f22796166c2be8b268c7ee617e74f8a5c0dfdf
                0x0001898c                s0a591dd92c6ffd09f27be69a7be9a851edab592edeb40d323dc07098f58b7efd.lto_priv.589
 .text.unlikely
                0x00018a04      0x144 C:\Users\sanka\AppData\Local\Temp\ccfyl6Xc.ltrans1.ltrans.o
                0x00018a04                sa89f4001ff43fbe686828de5ba9970d2c7e5d635e65bb036c6de661a05baead3
                0x00018a2c                sfafffaa04d5160c67b78781dc616a19dd2b3254e1dd67fefb55623409aab8f9e
                0x00018a3c                s469131eb325953ae3e9e83c3f282f242c4fd872052fb6c6b319172a2d5e1fae0.lto_priv.782
                0x00018a76                sd9e7f6fcafb122eaa6fc2c16d63512da9ba59077c6cb72136095ae373ea16da3.part.4.lto_priv.565
                0x00018ad8                sc1f0a1265fb45f08edf5828f0b6af85da035d94c8ea375e665fdd556a8d1478c.lto_priv.564
                0x00018b0c                se5e85306c48abe40b73c0cfbf35b67a016252c1abd3e36c7820ca32c3fe72598
 .text          0x00018b48     0x5460 C:\Users\sanka\AppData\Local\Temp\ccfyl6Xc.ltrans2.ltrans.o
                0x00018c90                s99706ec9cefad0764102cb5bdcebde1d96496104c401277e87779cc829eec13d.lto_priv.587
                0x00018da8                sb79a34730f122749cf6f6654471962aa3de899c18962aafee2249444a94fe968.lto_priv.578
                0x00018e58                s0ef555943a77328c9be5fde3a3a1c5ee2d5b9883d07b40d02b9ddd8382751f83
                0x00018e64                sb418c96a88c9d9584d4afad17e68d538fb05841b98cf9047f606f7c670e02f3d
                0x00018e68                s9a3b06ede64983eaf9c5724a524e8b6591bee9448417a10d9b6f733b7c719e3e
                0x00018e6c                s6023333357bd82eacac2a97d281ff2ba30cc4e16f5b4f7625a205c3ce126693a
                0x00018e70                s75ca731ab3433a2d4b7f3cc8b1e3812840a62e46038f7aae431292ba364b314c
                0x00018e74                s3b5b12df5499eb044b0fcb9141de4fda6d7a519af03478a22ade7a427f187b82
                0x00018eec                s82c5e1544b4fed2281f8e64682566dec1dacfadee1b3554e3f612b2553f2c377
                0x00018f68                s5c09c78ce000038282facbea8e578d879cb1e24458c166c35a622c948c906e58.lto_priv.398
                0x00018fa8                att_buf_send
                0x00018fc4                att_send_pdu
                0x00018fd0                att_alloc_pdu_copy_data
                0x00019006                att_alloc_buf
                0x0001901a                att_alloc_pdu
                0x0001902a                ubt_message_get_gap_adv_report_header
                0x00019056                acl_find_by_index
                0x00019070                acl_find_by_hci_handle
                0x0001908c                s6261974a293c5239df2c750357da7e82f8dcd8b99af88cb966ae52350464a9d6.lto_priv.525.lto_priv.638
                0x00019098                s2c67b870202fec66ddf26c64f0c38ebce8d002b7fb23977d0446d8f2fee32cca.lto_priv.529.lto_priv.616
                0x00019098                s2c67b870202fec66ddf26c64f0c38ebce8d002b7fb23977d0446d8f2fee32cca.lto_priv.530.lto_priv.606
                0x000190a8                s44389a8ac9ec1f4417202b0c39c4aa04c48805437e78a0db687ea4ade1f0523b
                0x00019134                sb564fb369150d958564d1bd42df03165640b0cda2a16fa63b2ba18f310319a93
                0x000191a0                sed6d275c1644f5870f983b2532a453e350b77621491aab9776c482c60af3b962
                0x0001920c                s7db2527fd401eaf542b753f433b690be6782df93e6a8b2a07999f9768dcf241e
                0x00019244                s1052ea8e07a13dbb694b666558717402d20f23702129b1b2594fca4c65508ec8
                0x000192a2                sb3ffae400409cf8d6db5a0261cfaf63686ccdf0abf07b80daddfa9e99cb50ec2
                0x000192ea                swapl.lto_priv.534.lto_priv.647
                0x000192ee                sa1aabd5b2c2178c6c7df821ce9095e134412afc3f66f2d59459370a9275e2d2d
                0x00019488                s99e892e4602708efce73e9f664e4be619c0fc357ed445596662688deaaad3d98
                0x00019610                s5875b846aed321804db800d261a91f2579cc470b10ac3537b872a80d29ac34f2
                0x00019734                s2c1899229a7d6562a4eedd8b5d64ce26d73555254b1d627e8b335c11f8e81506
                0x000198c0                s8482faee25715676d5b29c73b516e0ecf4dacf67dc480b356a5cf7c5769c3a49
                0x00019a24                s0e7522a29a87f9500643bb926c1056ad69d8f822e4a43f6ce9f5d6a68b5bc341
                0x00019c5e                sd2cadb709ecca9f947ed0c2d4d8d99bfa79dfcd8daeba4a2cff6ad6b838d21d6.isra.12.lto_priv.457
                0x00019c60                s6bf7d18b9decd62f6e9a783ad4f1bbea0a55d71562c391fe4ca23a87421a2069.isra.8.lto_priv.601
                0x00019c62                s9d7f547bf34dd41bd216447235704cfdae22b42b87fefaed56b79ba8056bd710.isra.7.lto_priv.599
                0x00019c64                s76f1df48e4a5181023c125fb58d433004a940c8d81bf89186fae88683c97367b.lto_priv.591
                0x00019c84                s3662a7ce863dfcd55df5221ff5122d27e067fb9c60bfce9c439f1adacae308cb
                0x00019cb4                s9aa7e38fd4d48aa820b12bb119e41cf2827e9b7238afd6325e74dd3add03c37b.lto_priv.459
                0x00019d04                sa9670d002c38558802c3e2b3ed4ed5fdeacaf4456e92f3c9fce5bf9781dc680b.lto_priv.602
                0x00019d3c                s1a4795653743e3857e3a6b4cf7f73c51595de21988c651985d59fa2fd1bb5743.lto_priv.452.lto_priv.453
                0x00019d3c                s1a4795653743e3857e3a6b4cf7f73c51595de21988c651985d59fa2fd1bb5743.lto_priv.451.lto_priv.482
                0x00019db4                s92b37aaa9ec5cf3bf22b0435e979c841b7e217d7515e70d94d2d64786a265ec1.lto_priv.538.lto_priv.592
                0x00019db4                s92b37aaa9ec5cf3bf22b0435e979c841b7e217d7515e70d94d2d64786a265ec1.lto_priv.470
                0x00019dbe                sc393908489c4c368e9318a8288c6a5c179d005ea373b3d82870cfe03ea6b6287.lto_priv.544.lto_priv.637
                0x00019dbe                sc393908489c4c368e9318a8288c6a5c179d005ea373b3d82870cfe03ea6b6287.lto_priv.547.lto_priv.614
                0x00019dbe                sc393908489c4c368e9318a8288c6a5c179d005ea373b3d82870cfe03ea6b6287.lto_priv.541.lto_priv.642
                0x00019dbe                sc393908489c4c368e9318a8288c6a5c179d005ea373b3d82870cfe03ea6b6287.lto_priv.548.lto_priv.607
                0x00019dbe                sc393908489c4c368e9318a8288c6a5c179d005ea373b3d82870cfe03ea6b6287.lto_priv.543.lto_priv.640
                0x00019dbe                sc393908489c4c368e9318a8288c6a5c179d005ea373b3d82870cfe03ea6b6287.lto_priv.545.lto_priv.612
                0x00019dbe                sc393908489c4c368e9318a8288c6a5c179d005ea373b3d82870cfe03ea6b6287.lto_priv.455.lto_priv.456
                0x00019dbe                sc393908489c4c368e9318a8288c6a5c179d005ea373b3d82870cfe03ea6b6287.lto_priv.539.lto_priv.645
                0x00019dbe                sc393908489c4c368e9318a8288c6a5c179d005ea373b3d82870cfe03ea6b6287.lto_priv.542.lto_priv.641
                0x00019dbe                sc393908489c4c368e9318a8288c6a5c179d005ea373b3d82870cfe03ea6b6287.lto_priv.546.lto_priv.615
                0x00019dbe                sc393908489c4c368e9318a8288c6a5c179d005ea373b3d82870cfe03ea6b6287.lto_priv.454.lto_priv.483
                0x00019dbe                sc393908489c4c368e9318a8288c6a5c179d005ea373b3d82870cfe03ea6b6287.lto_priv.540.lto_priv.644
                0x00019de2                sf5a4b7223536102b50c0384b09a740002d88dae1ab859fa6ae533f4102b13574.lto_priv.461.lto_priv.484
                0x00019de2                sf5a4b7223536102b50c0384b09a740002d88dae1ab859fa6ae533f4102b13574.lto_priv.462.lto_priv.463
                0x00019e1c                sb6573c26d57c72fd70516d6ee711a1c4bf38c2bd57007fe65025d43d7b123f2d
                0x00019e9c                s3ef72c250fc679b1e7555fcc5859516bbd1217911633b6edddffa82e113e342c
                0x00019f24                sc46bfcfac29d23442b485e2bffe9dcdfada2d1219422f512959e2697790f3df6.lto_priv.705
                0x00019f44                se4c5c4869c1fd425af9a9353dff9161ff0da180738231cbe0f9ed7e03ff3c76c.lto_priv.593
                0x00019f60                sc3a70966cf984e0c0be065fdf297224c0063258c0e34f108276380f48093aee4.lto_priv.613
                0x00019fcc                s1cd50f8088799769916153d4352a16a0896bbbae926205d2536953fc682c02ae.lto_priv.704
                0x0001a170                s7e28370973ee381ae9ebe8f451fd6f0c4fb7596529cb95bee2637797473f1f3a.lto_priv.651
                0x0001a308                sb430a81dbc2ddbf9651a682f7a29197e1bf1eaec6ce6001ad5d8dbead3f818f5.lto_priv.598
                0x0001a32c                s431a5bb2f948535a31e038d763b4316dcaed786f804469f51d293664a5fa118f.lto_priv.577
                0x0001a388                sde6b8ace8c1c1f296e49a357a91273b96b84d2d93d56f5c92c62b700dc912513
                0x0001a3a0                sc557632ead5cc21ddb75bdbb8eb65592dcbc35049442350719f755c01aa328d1
                0x0001a402                s7506562fc9b89d75c26feb65f105606dcbdc16c1aa462ef0533f77e5534ad2f5
                0x0001a42c                s1d2ded0dafe78174c87b66bff868ec9df91c5b5f184d794eb1aad5889f4d16e9
                0x0001a454                s159d970698dc3e527243f512748c02159bf5d84debb89a009024b2178c6a4e69
                0x0001a4d0                s09e08adc186901f795f97605530591010eaca9bbe80a9dadad5ddfb4eb388f94
                0x0001a514                s6ff14fe6bc0ca90c95ef60fe5011df1d824e2948bff1d0a161a4f4b84d8643fd
                0x0001a550                sd29e2637760b9137aab9bf98a9b541da79429965d7ec299a169c960935bbd404.lto_priv.646
                0x0001a580                s87acd33c0eac88824e4413cd64c80b6f14cbeaf6eec577d1064ab9411a19080a
                0x0001a5aa                s62d446a5b6d4d7a648596316b05ca919571271afc5316f0ad5e77b43d5da8631.lto_priv.650
                0x0001a62c                sbe69ed6a01951a96c124a956d740741e7e7b04112e7cd674b4e489784f912d1b
                0x0001a658                sbec0cbe303bd593ca84a0f69dcc6edb968abae5a92b36ad914f394d98467557f
                0x0001a680                see7a379f97ad6b899d17c425c4f0bf137c6093b04f00532d0821e7a8be8e6b15.lto_priv.609
                0x0001a6dc                sd5a5764d7b99345d1055a0ec7cd53818205afa9782cc83eec96e76a85ba9d892
                0x0001a718                sd5823feba9eb9b344ffd6d90a92b7968a62209a61b3e568cc724f2523291fcc8
                0x0001a924                s32bcad62df57d781bb49ae171ad1e8d4313f93a05c3846b3365694849e874fc8
                0x0001a960                s121d5ac45be480f1fae117220f7b4b5ea63da9ab677fff137353de9b358d66d9
                0x0001aaac                s0c2e0b5cac430dda0686b9526dcec376d592e497c1dfe8b00134b86b071a7093
                0x0001ab24                s02db68217afc72b235f38a71741247dd90161b847a9b4e369760f613a0b8e40b
                0x0001abcc                s07f43ffd9faa0a22b191e0756e79c5b89895da32fd902f6ffd60a0091e50acda
                0x0001acbc                s588c8ee1c743f34e840fa4f7b4c6601fde65e6b9a212e2ea70e7c1b334959c8b.part.9
                0x0001ad18                s3ad49a2bf094a61325a0536d8ac8171aaca6fb9f5910ca6dd806c6321ca13e98
                0x0001ad30                sc088f32e04a429472e9721e74869095eea035f1a290c69aeda527ccd93810f8c
                0x0001ad7c                s63585770c6ae5c3328d7aa92cc760f5bb14bfcc9dc1d2e134c88d53f9420de77
                0x0001ae00                sfe7762df92738633b2a5f93207806ce0274854b94eeb9d03fa92c94c6ebfd8df
                0x0001ae3c                s7808f7a389709abacd73fb358ab76ed70d6fc3f0b4a0dddab4d76c3c9bb971fe
                0x0001af3c                s645da1b697ee9275ada820be18567474705476e89923edc66d756660151420af
                0x0001af7c                sa2e0899b5be4db690e8625f942309f691e56fe7ea15549bf6068c98b9f49ad8d
                0x0001b1c0                s63169b833e31395a40688fe6e24649df7278c8af956a24aa1baecfaf6093924b.lto_priv.590
                0x0001b304                s9ed26392f672898d9a69ae9d920d8e05b25c4e87e4285f2e4d759cc17d5444f6
                0x0001b3c0                s8f99fab0cdcfc8bdba2c27eced4721056a1f69c98baba5e6e5d8b01e68640dac
                0x0001b5cc                s16671c4bb7b6d8e7bcf499895d40f940971f27e537805451c289edcb3dbfa647
                0x0001b61c                s04503efec82ff6ce3f10b9ceae932afea79c6e0615b6e4071a4f20d58cf1938d
                0x0001b678                s58f83e89d7cc67afc3e9e180c2379c2ad386ab8c1af2c1540b1775efdb032830
                0x0001b6d0                s3902d71650020e30d49db221264052dc6b47a41d0998031f5e931f8bc506380e
                0x0001b6f4                s2a8ce4553a4bfa22b7544f7af520042d8d7978856faa6f16c08c9cdcdb2723c0
                0x0001b724                s5758f304d1e9ede43286b555fc7449a9a36461bacaf72c814ebe16a476a994e1
                0x0001bbc8                s5ad154f4280798c81d8efe614d62f678e3b82aaeb8736c9ee4436aeef40cc5b3
                0x0001bc54                s86eb02fd0f466d954bb6ef4b143dd56d72ef904efbd40d00dba76579112dd7eb
                0x0001bcb8                s4aadd50e2ead2ba313b9c1d53309d1c6178864f8def0eb593bd4a4332d961fb1.isra.21.lto_priv.600
                0x0001bdbc                mesh_trans_send_sdu
                0x0001c144                s0eea92efde56ff2a3d5f41decd03d49f2df1b00030afdce2deae55b064551c2c.lto_priv.458
                0x0001c358                sc6a29736d24e399258424726c6d8fbb34bd40b92ab041a1e4095a147da4986db.lto_priv.597
                0x0001c3ac                s67d73d41ee51e37ca4c7e65f4ae187ba531930c46bcc024e08e2e3b894fb80b9
                0x0001d9f8                s25d9e0e1dad17678be12a1721ea91a9bf6c2691bbe39c55b8c737f5b9076ea2b
                0x0001db64                sb48c1d076c36de14f8d82d2c1aa78f595c177a10d2b48450c868aff376510afc
                0x0001df0c                acl_release
 .text.unlikely
                0x0001dfa8      0x1e4 C:\Users\sanka\AppData\Local\Temp\ccfyl6Xc.ltrans2.ltrans.o
                0x0001dfa8                s99085babac311fc5fab79a02cf16fded3ace0a6094a431d97a3424674523e4b5
                0x0001dfb8                s46c99b7b348b22dd8b82d5d0742d8fc1b11ae0c7d0d1dc031a821d2aabd2389f
                0x0001e020                sa0932636d2c0c8ca727ad797757c46d3d02c0f1fe9a5f41b1f2f9f9dfb3cc1f4.lto_priv.552.lto_priv.712
                0x0001e030                s990c2e2b50b930d86de78a631d6cd478b2ba0c48f45a124a53b372eccf691cb3
                0x0001e07a                s3856d91d63899c53aa1f340d4c84d42cde0c7cb1f1c6c8584a102ceac41f8671
                0x0001e140                s235b77878ffa15982bc63f39ba97df4deca0129a0b97934227b542958aecfbd1
 *fill*         0x0001e18c        0x4 
 .text          0x0001e190     0x505c C:\Users\sanka\AppData\Local\Temp\ccfyl6Xc.ltrans3.ltrans.o
                0x0001e280                ll_radioTimerExpired.lto_priv.687
                0x0001e3a2                bg_pre_sleep
                0x0001e3a4                bg_post_wakeup
                0x0001e3a6                ll_hciCmdLeReadPhy
                0x0001e5d2                ll_bgbuf_callback.lto_priv.392
                0x0001e5e4                ll_hciCmdSetAdvertisingSetRandomAddress
                0x0001e774                ll_hciCmdSetExtendedScanResponseData
                0x0001e7b4                ll_hciCmdSetExtendedAdvertisingData
                0x0001e7f4                ll_radioGetMaxTxPower
                0x0001e80c                ll_hciCmdSetExtendedAdvertisingParameters
                0x0001ea04                ll_radioLoadPacketFragment
                0x0001ea84                ll_radioLoadPacket
                0x0001ead0                ll_radioGetPacketTimeWithPhy
                0x0001eaf4                ll_radioRandom
                0x0001eb18                ll_radioReadRxPacketDetails
                0x0001eb70                ll_radioReadRxPacket
                0x0001ec7c                ll_hciCall
                0x0001ec9c                hci_command_shared_response
                0x0001ecac                hci_command_init_shared
                0x0001ecd4                hci_command_alloc
                0x0001ed02                hci_le_set_extended_advertising_data.part.6
                0x0001ed02                hci_le_set_extended_scan_response_data.part.7
                0x0001ed02                hci_read_conn_phy.part.17
                0x0001ed02                hci_le_set_advertising_set_random_address.part.5
                0x0001ed10                hci_le_set_ext_scan_enable
                0x0001ed44                hci_le_set_extended_advertising_enable
                0x0001ed84                hci_close_acl
                0x0001edd2                hci_state_listener
                0x0001effc                ll_radioSetMaxTxPower
                0x0001f07c                ll_radioSetRfPathCompensation
                0x0001f0a0                ll_radioInit
                0x0001f1f0                ll_startOrQueueProcedure
                0x0001f4fc                hci_send_acl
                0x0001f5f0                l2cap_send_update_parameters_response.lto_priv.780
                0x0001f638                l2cap_message_handler
                0x0001f674                l2cap_send_fixed_channel
                0x0001ffcc                ll_llcpUpdateChannelMap_sender.lto_priv.411
                0x00020390                ll_radioRxAfterTx
                0x000203b0                ll_radioRxSchedule
                0x000204cc                ll_radioTxAfterRx
                0x000209e2                ll_radioTxSchedule
                0x00020a34                ll_radioTxStart
                0x00020a6c                ll_radioStop
                0x00020ce0                ll_radioConfigureChannel
                0x0002141e                ll_scanTaskPrimaryHandler
                0x00021724                gecko_priority_handle
                0x000230f8                ll_randomAesCtrEncrypt.lto_priv.449
                0x00023180                ll_randomAesRandUpdate.lto_priv.450
                0x000231c8                ll_randomInit
 .text          0x000231ec     0x5590 C:\Users\sanka\AppData\Local\Temp\ccfyl6Xc.ltrans4.ltrans.o
                0x000231ec                s9ee8e7b377e7bbae007f625ff51febedc8d063543feed2ab0e008bffacc9ccb7.lto_priv.667
                0x00023214                s6fbe0c269e360b8f1fbbc98112acdb192df0211550e6133771232053ab246715.lto_priv.676
                0x000232a4                s624f8c76922faa844830447cf90125102f41bf49506e655929c46dc7995774e1.lto_priv.675
                0x00023a44                s79b2cf771f824155024802e28f371c5677ccaf9afdef7deaec04d3f709d854e5
                0x00023a5c                s89b6306be573542508d8a27195da49d14275429e84ba74cfad810d0ba9e10af6
                0x00023ac0                s7f59fcc55096b2d8416689d8421b79114f59f7ca0bdfdaedd425953cff6d1f8a.lto_priv.571
                0x00023bb4                s42750a79d896162f043fdd4f7dc63c8a4cd74cab5aaee57be74d54f804f1774d.lto_priv.569
                0x00023c18                sfce14941ec34a4cdfea1f486b7a25608885b6a2557f1702e4dfc47a28176b981
                0x00023c34                sb8b7c87872f20a1b2e9ca71591f6ee7bd3e142c0f8f8915edacdbcd6d284eabb
                0x00023c58                sc17d18a332127f5d82a41d9554e9ffc6a4fb1a762c234cac46890ecbb8d3b4f2
                0x00023cb8                s76c034da60c2e7d487bb432ae2dc811dd6a06d3ff432c8a4cf3c358b5cb88ac9.lto_priv.710
                0x00023d84                s63a47c678b227da32b4494a3ee56d6491ec443d838b176a02d4c857141d9bbf2
                0x00023e24                s3cd54b87c58bf9cdbab766ce63bcb9ef69395a720d7351aec80aaa257779f89a
                0x00023e68                sbc4a2be99bae90a0cb196153d3738925408a4bbd2115f6c394d401d4451a88fd
                0x00023e6a                sd16c20d11368f7861c7c18861b3bb2f653ece4a4f68f1c7f5ad54ecf6072bdc4
                0x00023e6c                s6f055531860a5f6ec4656d7b49cdc5e9c3069e28ae138077be88277bd660bde7
                0x00023e6e                s312d86a3565f72893c1d22ffd0c11d65625eeb406986223da913ab716d54845e
                0x00023e70                s972df6dcdf866c56a50f33ef9f723ec2828c36acb7206b2c2531dfbbcab5d667
                0x00023e72                s8e2dd31798eea79fd5e81d9a92634b0867a19a961bcac3191514a6de19b3d7d5
                0x00023e74                s372c286f277470501bd02d8f197b9c84d9ae227d823147faa1f9e249be29571d
                0x00023e76                s250e52ab9380b7d49dc97612d246fd21e974ab67e6db223457244a942c9dc309
                0x00023e78                s2b8ec4879d87981780fa246cbe8ebd8aa66e57a3181f82365bb1dc6c1c2cbc43
                0x00023eb4                s3f1c7a3f39c41f111001d5a33f9c4ddd0235d48c4166a4f8ec808665669aad9d
                0x00023eb6                s61adfbbcba16ba81abf84d0b3242fe559db76d00d69b3d8555e5f787d686b27d
                0x00023eb8                s96fe0f5916f5640c5d7bb1ff58f1405f09ee06f963d7bb2227e6367fbfcc9b12
                0x00023eba                s10fe6dc12b6819e7c346382fd474c0a7df89768d2ff749eaf067dd4c0ece96a2
                0x00023ebc                s6e11c475ea8f9e651faf3c80d51da1e91a18cc1151e52331f252f89167f9a359
                0x00023ebe                s95c2f6132a5f9615560a3dfdad98fa307078ad8a11097fcbf27c9938ff740fbc
                0x00023ec0                scb9ecf188313f43255a472b8962878182f691c958464a3dbdab14c9f4093a0c0
                0x00023ec2                s7db4aa6cbc149fe2ae16b7e6d60090d1fc9c836562b982b2633cbef25d2fe64a
                0x00023ec4                s7aa79d177aa9d11e860ee433751bc21b66abe4bf614eddbefd35d992a500aa05.lto_priv.707
                0x00023f7e                s8a52b6d7e15aa5d30bd77cd0f9697c991a3734bc74d3db268f2c4017d76e5865
                0x000244b8                s7313f1098d358009fbf31a95bf894aeafd653c6330733aff2036ef76d46b24d9
                0x00024840                s1487e8a4227712aa5ba9b71335d58fd455da9a115571c82a43a2ab660e0284eb
                0x00024ad0                s99dc75304d471a50d48278a417a4b618a81e3c74037c1cb6444ff8527d830a74
                0x00024b4a                s1aa90271a08b20d46a27f6a7b9d3cb3f0f0f45c976a288d9f799eaed3a8885a6
                0x00024b64                s660204d0976a12fb73eceb2a8316c0f1496df2336ad250ca28dea50d5818062b
                0x00024b98                s9b4a16f451c16075c2dc89465b45a6b39de6d32e037fd168dc2f831375ffeb2d
                0x00024bb0                sce92c6117e55f1d83ea587692e2220a36a6bc5a86d2362fa5624ab6d3c5ce465.lto_priv.568
                0x00024c78                sfe3bc3084e2b2a1593446d7d0797b1d65d3704dd1fbbc643d0e635b68adb914d
                0x00024cf0                s5edf1417246043a6b343c5ac63c580d319237f98cc97e104a3cfd8d4b5a9d693
                0x00024de4                s606417dffcba22ee3471ce02c7f947bfe1667a9fdd66039fe4c2bd9aed0e73e2
                0x00024e32                s118d50f840732eb767ca81b7c77f2620263cfaa213b92aa3cf7094b57db69fee
                0x00024e94                se93dbd4d27e2513e2410a77425f7d2104b8e2dfad7c153774c5c6eac0592ec6b
                0x00024ef2                s240e97313efe110801fa169dbbb8fd9ec45af1caf9db019f89c19427331ef402.lto_priv.666
                0x000270f8                s65e6e8cb4e9aa995c6147fcc205de02cb3561aa4d4783a2c03af614f0809bbfb
                0x00027162                s8878651543336fa1145f8b71eddb56115b406beb5bed408ca435141243903d07.lto_priv.677
                0x0002768c                s07d0d60b80759ba5bfef6ae0a6e77471cc2039d167112c48b0dad127a56a7f01.lto_priv.573
                0x000276bc                sef8368169f3026584af3f56d801d17e982b031e738f3c443e33ade2a527e60ce
 .text.unlikely
                0x0002877c      0x544 C:\Users\sanka\AppData\Local\Temp\ccfyl6Xc.ltrans4.ltrans.o
                0x00028890                s29a650147ed900afd81d8677a294b6efec84df043f9b50b25ffecbeff40e62a8
 .text          0x00028cc0     0x4e6c C:\Users\sanka\AppData\Local\Temp\ccfyl6Xc.ltrans5.ltrans.o
                0x00028f64                sad65890ac49473d3ec66f16acf191233a03f7f21cee8ac53a213b1d160a0e606
                0x00028f68                s764c798ce9d65a98edc58937a29f7525dda2e846b9d91a64be055f42073d4e87
                0x0002903c                gecko_cmd_mesh_lpn_establish_friendship.constprop.386
                0x00029078                gecko_register_bgapi_library.constprop.379
                0x000290b4                bgbuf_alloc_size.constprop.371
                0x000290c8                USART_InitSync.constprop.319
                0x0002918c                mesh_lib_generic_client_publish.constprop.295
                0x00029404                I2C_Transfer.constprop.294
                0x00029758                I2C_TransferInit.constprop.292
                0x000297c0                i2c_read_proxy.constprop.291
                0x0002980c                write_data_1.constprop.290
                0x00029844                I2C_WRITE.constprop.252
                0x0002988c                I2C_WRITE_READ.constprop.251
                0x000298d0                s3ce653f168fe1a8c273a7766ae1e5e3bde8173e634ba371528bc3323bee070c5.constprop.247
                0x000299cc                ccm_auth_crypt.constprop.246
                0x00029c78                mbedtls_ccm_setkey.constprop.243
                0x00029cd0                s27e83e23843ae2b788db1fb197445cc9e47a807bc7351e21f0320197f08fe99f.constprop.242
                0x00029d7e                sace7cc2517b6e779d2525fdf3fc3e00bef8d2385b43bda0bae4205c3976f8f6c.constprop.238
                0x00029e18                sa6f04ebafc4f26bf78f8cc9b25fb956905f86b66c47dbd9c1967380f294bc212.constprop.229
                0x00029e74                s422e0eb265b84bc3369f6ff2639ac5c4039271703ebe6a1b7d32300956e1aef1.constprop.227
                0x00029eb8                gecko_cmd_le_gap_bt5_set_adv_data.constprop.224
                0x00029f18                bondingdb_find_by_data.part.2.constprop.208
                0x00029f68                ubt_message_call.constprop.205
                0x00029fb0                hci_command_init_shared_bgbuf.constprop.204
                0x0002a004                swap_endianess.constprop.201
                0x0002a020                gatt_set_enabled_caps.constprop.184
                0x0002a078                ll_randomGetData.constprop.160
                0x0002a0b8                s06f2390393a3029950a8e736c3a98f12d4cd0a4822f63a65a057e1f40c6db63a.constprop.146
                0x0002a0c6                _mesh_foundation_send_byte_array_impl.constprop.132
                0x0002a17a                s8f68d5bf5cfee900ce165f9d87ea959034d8fb13e81d4214af6a9112e94e8e3f.constprop.131
                0x0002a248                sec0548437a174f3d4d8bcc51083029fe9b4c2dae70287fa7fc14fa71ab3e627a.constprop.125
                0x0002a300                s5112f0b94e0fd6936eebce8f26c70de650d391f208dd130dfab248aa3facffde.part.5.constprop.116
                0x0002a384                s2a9aee7eec13ab6a4407898138b1cf95f68627323ca7273e76209e80bb70b031.constprop.93
                0x0002a3a0                ubt_gap_set_le_mode.constprop.92
                0x0002a3e8                sb590193b77980aa89e08a7733d7e8e180af3795d3b578780cead60719831e663.constprop.77
                0x0002a44c                mbedtls_mpi_write_binary.constprop.71
                0x0002a4b6                mbedtls_ecp_group_load.constprop.52
                0x0002a524                sb32f6b293da93fb92eeaafceaf6c7e0662b7dd0e49ebf74606de4345acef4e74.constprop.45
                0x0002a5f8                s6dc2cd70b9acccc5db0922954a0cb41c4b82a0d81a696646df6135d7988cb72d.constprop.23
                0x0002a6a8                s70cb8150a9da451ef1107901ffd71e42403ccb214904bfb891ee72b6683e97cf.constprop.21
                0x0002a79c                header_invalid
                0x0002a7ba                crc32_calc.lto_priv.715
                0x0002a7e8                find_obj
                0x0002a848                nvm3_readData.constprop.355
                0x0002a8ac                ecp_crypto_device_init.isra.0.lto_priv.504
                0x0002a8f0                mbedtls_internal_ecp_grp_capable
                0x0002a8fa                ecp_crypto_ddata_write.lto_priv.505
                0x0002a970                mpitobigint.lto_priv.503
                0x0002a9ae                CRYPTO_InstructionSequenceWait.lto_priv.400.lto_priv.507
                0x0002a9ae                CRYPTO_InstructionSequenceWait.lto_priv.399.lto_priv.513
                0x0002a9b6                CRYPTO_DDataRead.lto_priv.405.lto_priv.515
                0x0002a9b6                CRYPTO_DDataRead.lto_priv.406.lto_priv.508
                0x0002a9da                CRYPTO_DData0Read260.lto_priv.403.lto_priv.514
                0x0002a9f0                CRYPTO_DDataWrite.lto_priv.408.lto_priv.511
                0x0002a9f0                CRYPTO_DDataWrite.lto_priv.407.lto_priv.516
                0x0002a9f0                CRYPTO_DDataWrite.lto_priv.409.lto_priv.506
                0x0002aa14                CRYPTO_DData0Write260.lto_priv.401.lto_priv.512
                0x0002aa2c                s2086c55b51786c589c157ffac2e7c509f5b2e105f0845a69571f5100af85a8d3
                0x0002aa58                ll_linkGetWindowWidening
                0x0002aab4                ll_connEncDataToBuffer
                0x0002aadc                ll_connEncBufferToData
                0x0002ab08                ll_connValidateParams
                0x0002ab42                ll_connUpdatedChannelClassification
                0x0002abb0                ll_connUpdateMaxPacketLengths
                0x0002ac20                ll_connGetHandleByConn
                0x0002ac50                ll_connGetByHandle
                0x0002ac7c                ll_connSetMaxRuntime.lto_priv.728
                0x0002ac96                bg_bit_clr_exclusive.lto_priv.416.lto_priv.724
                0x0002ac96                bg_bit_clr_exclusive.lto_priv.414.lto_priv.729
                0x0002ac96                bg_bit_clr_exclusive.lto_priv.412.lto_priv.522
                0x0002ac96                bg_bit_clr_exclusive.lto_priv.413.lto_priv.726
                0x0002ac96                bg_bit_clr_exclusive.lto_priv.415.lto_priv.502
                0x0002aca8                bg_bit_set_exclusive.lto_priv.421.lto_priv.520
                0x0002aca8                bg_bit_set_exclusive.lto_priv.420.lto_priv.716
                0x0002aca8                bg_bit_set_exclusive.lto_priv.417.lto_priv.521
                0x0002aca8                bg_bit_set_exclusive.lto_priv.419.lto_priv.730
                0x0002aca8                bg_bit_set_exclusive.lto_priv.422.lto_priv.501
                0x0002aca8                bg_bit_set_exclusive.lto_priv.418.lto_priv.731
                0x0002aca8                bg_bit_set_exclusive.lto_priv.423.lto_priv.725
                0x0002acb8                ll_connEncryptionConnectionInit
                0x0002acee                ll_connRaiseEvents
                0x0002ad0c                ll_connInitNew
                0x0002b160                bg_bit_clr_atomic.lto_priv.425.lto_priv.714
                0x0002b160                bg_bit_clr_atomic.lto_priv.426.lto_priv.783
                0x0002b160                bg_bit_clr_atomic.lto_priv.424.lto_priv.718
                0x0002b178                bg_bit_set_atomic.lto_priv.428.lto_priv.523
                0x0002b178                bg_bit_set_atomic.lto_priv.430.lto_priv.519
                0x0002b178                bg_bit_set_atomic.lto_priv.429.lto_priv.713
                0x0002b634                nvm3_writeData.constprop.356
                0x0002b8c4                sab534f3a77a58bf6f26722b7d19155b3c1face143bb890dcfdd107444a526018.constprop.236
                0x0002ba90                store_delete.part.1.constprop.332
                0x0002bb2c                ecp_crypto_ddata_read.lto_priv.510
                0x0002bee8                crypto_mpi_div_mod.lto_priv.509
                0x0002c100                mbedtls_internal_ecp_normalize_jac
                0x0002c1e4                sl_free
                0x0002c1fa                sl_calloc
                0x0002c212                mbedtls_ecp_mul.constprop.58
                0x0002c64c                ll_connFree
                0x0002c6a8                ll_connAlloc
                0x0002c70c                gecko_stack_init.constprop.323
                0x0002d2bc                mbedtls_cipher_cmac_starts.constprop.346
                0x0002d308                se3d6193c1babf0d589d0f0014f0ae31b048d1d5813483c434c8366f3b97dbd1a.constprop.137
                0x0002d4f8                s4a7f6416e10a17e4b02f6925fb6f5235611ddfd0c20242122f1944084303872d.constprop.136
                0x0002d57c                ll_connEncryptionSetSessionKey
                0x0002d92c                ll_connSendData
                0x0002dafc                ll_connEnableDataFlow
                0x0002db14                ll_connEncryptionFail
 .text.unlikely
                0x0002db2c      0x304 C:\Users\sanka\AppData\Local\Temp\ccfyl6Xc.ltrans5.ltrans.o
                0x0002db96                l2cap_send_command_reject.constprop.180
                0x0002dbde                s81ed4c1d73d99fe1faa2461c6532474dd141f2c8f830772fd3ca33cea5a981c7.part.4.constprop.114
                0x0002dc4c                s2cb9803e3061f133a9c690d798942d936ca2d703e23fafaece9ee6af762dc19a.constprop.108
 .text          0x0002de30     0x3518 C:\Users\sanka\AppData\Local\Temp\ccfyl6Xc.ltrans6.ltrans.o
                0x0002de30                timer_get_counter
                0x0002de3c                s51e866c3b796c4208d0dbfff72b84810fb53d945b2ff058ea4ca41c80fa9c5a0
                0x0002de44                BG_PRORTC_IRQHandler
                0x0002de74                ll_task_default_callback.lto_priv.391
                0x0002deb4                s94899284f0a6eaabea4521ed9ff41637d8c539e38d4f84722576cebaa0457222
                0x0002ded4                ubt_event_free
                0x0002df22                sli_bt_cmd_mesh_lpn_configure
                0x0002e55c                sli_bt_cmd_mesh_lpn_init
                0x0002e5ec                sli_bt_cmd_mesh_lpn_establish_friendship
                0x0002e688                sc959a2ff22594f55517377356e36decdb326f55e8fcf94172a0121740930d968.lto_priv.759
                0x0002e720                sli_bt_cmd_mesh_generic_client_init
                0x0002e858                sli_bt_cmd_mesh_node_start_unprov_beaconing
                0x0002ed0c                ubt_message_process.lto_priv.394
                0x0002edcc                s3c1d4732e917bd089fdc37f78c2f773ddfe9dc62701892fc6b140fde0675f5c5
                0x0002ee00                s297d86ba7a862d1d1bb4d5f81e5828e28adf723b91ed21d7d5b06162c5354532.lto_priv.639
                0x0002ee4a                sbc1e4b906ee028f433a832aba975802fde4c597bd8b690e156d7948113c776e0.lto_priv.467
                0x0002ee64                sdbf4c0360e6215d47a6d8c6d7bbc89dd0f1802d998942d2ea7c6bb663127e44a.part.5
                0x0002eea4                sli_bt_cmd_mesh_lpn_deinit
                0x0002eee0                sdbf4c0360e6215d47a6d8c6d7bbc89dd0f1802d998942d2ea7c6bb663127e44a
                0x0002ef1c                sf8e4dcec56edc8f432e22515ac45714970d53de2b2ff1ae50418dd26887086a8
                0x0002ef3c                s970d3393953f0fa2908bf4bc7a6e9a735a62b329d7b30c42749761f3c07d3b63
                0x0002ef70                s633b138059d7a22d9cef30ec855fdfb8b52ac2201edecd58ad23f4ff6c587a22
                0x0002efdc                s4b7417202472b85b3f089ce3de37cdfc898a6a9b2f26736e634d159b347f3e4e.isra.2.lto_priv.643
                0x0002f018                mesh_lib_deserialize_request
                0x0002f1b0                sli_bt_cmd_mesh_generic_client_publish
                0x0002f298                uuid_to_handle
                0x0002f2fc                bgpacket_update_byte
                0x0002f31c                bgpacket_packetize
                0x0002f338                timer_get_time
                0x0002f360                smp_ah
                0x0002f3f0                usch_SendEvent
                0x0002f400                usch_RemoveTask
                0x0002f430                task_fail.lto_priv.727
                0x0002f438                add_task.lto_priv.481
                0x0002f498                nvm3_deleteObjects
                0x0002f538                ecode2bg
                0x0002f578                s92df2879f204b209d880cf89597ec85edb73c5347d097f02ca57f49ff6df22d6.lto_priv.465
                0x0002f658                sf1a456cfa751d96d96171f3d7615c8f99ca964c647b75236d2f97745b9108b5f.lto_priv.466
                0x0002f73a                sc9a531b154ff589c12ac7628668171efdebbb1b47fb5617f1ccdabc42c749510.lto_priv.649
                0x0002f870                s38dec662b22657678e0434a91cdad31a60cc5f6098a9b1f994d85222cefd8930
                0x0002f886                ubt_pskey_read_callback
                0x0002f89c                ubt_pskey_write_callback
                0x0002f8b2                BTLE_LL_EventRaise
                0x0002f8d0                BTLE_LLToHCIEventSAP
                0x0002f904                ll_to_hci_event_handler.lto_priv.393
                0x0002f9fc                sli_bt_cmd_mesh_node_init
                0x00031200                usch_Schedule
 .text.unlikely
                0x00031348       0x98 C:\Users\sanka\AppData\Local\Temp\ccfyl6Xc.ltrans6.ltrans.o
                0x00031348                s0575a63e4ffa25a11cdd533f4901749922cead34799438f363ee375212772ad9
                0x0003137c                sdf59f64a19171082d11bdec4ceabee6a355ab8574640833ec03fdc6b26a95c2a
 .text          0x000313e0     0x4248 C:\Users\sanka\AppData\Local\Temp\ccfyl6Xc.ltrans7.ltrans.o
                0x0003180c                ccm_ctx_alloc.lto_priv.439
                0x00031826                ccm_aes_setkey_wrap.lto_priv.438
                0x0003182a                bgapi_test_lib_msg_handler
                0x0003187c                sli_bt_cmd_le_gap_set_advertise_configuration
                0x00031944                sli_bt_cmd_le_gap_set_advertise_report_scan_request
                0x000319b0                sli_bt_cmd_le_gap_set_advertise_channel_map
                0x00031a10                sli_bt_cmd_le_gap_set_advertise_timing
                0x00031aa8                sli_bt_cmd_le_gap_set_discovery_type
                0x00031b00                sli_bt_cmd_le_gap_set_discovery_timing
                0x00031b7c                sli_bt_cmd_le_gap_start_discovery
                0x00031c08                sli_bt_cmd_le_gap_end_procedure
                0x00031c50                sli_bt_cmd_le_gap_stop_advertising
                0x00031c7c                sli_bt_cmd_le_gap_start_advertising
                0x00031cc4                sli_bt_cmd_le_gap_bt5_set_adv_data
                0x00031d38                ll_channelmapAlgorithm2
                0x00031db8                ll_channelmapUpdate
                0x00031e36                ll_channelmapUsedChannels
                0x00031e5e                ll_channelmapGetChannelMap
                0x00031e74                ll_advExtUpdateChannelMap
                0x00031e94                ll_advGetByHandle
                0x00031edc                set_change_awareness
                0x00031f14                set_client_features
                0x00031f74                mbedtls_zeroize.lto_priv.442
                0x00031f74                zeroize
                0x00031f74                mbedtls_zeroize.lto_priv.492.lto_priv.648
                0x00031f74                mbedtls_zeroize.lto_priv.493.lto_priv.567
                0x00031f84                crypto_management_release
                0x00031fb8                CRYPTO_DataReadUnaligned.lto_priv.478.lto_priv.487
                0x00031fb8                CRYPTO_DataReadUnaligned.lto_priv.479.lto_priv.480
                0x00031ff6                CRYPTO_DataWriteUnaligned.lto_priv.475.lto_priv.486
                0x00031ff6                CRYPTO_DataWriteUnaligned.lto_priv.476.lto_priv.477
                0x0003203a                mbedtls_aes_init.part.4
                0x00032042                aes_ctx_free.lto_priv.437
                0x00032056                aes_ctx_alloc.lto_priv.436
                0x0003206c                mbedtls_aes_setkey_enc
                0x000320a8                aes_setkey_enc_wrap.lto_priv.434
                0x000320aa                mbedtls_cipher_update
                0x0003214c                mbedtls_cipher_cmac_finish
                0x0003225c                mbedtls_cipher_cmac_update
                0x00032324                mbedtls_cipher_setup
                0x00032358                mbedtls_cipher_free
                0x00032386                mbedtls_ccm_free
                0x00032398                ccm_ctx_free.lto_priv.440
                0x000323aa                mbedtls_mpi_cmp_mpi
                0x0003242a                mbedtls_mpi_cmp_int
                0x00032444                mbedtls_mpi_bitlen
                0x00032484                mbedtls_mpi_grow
                0x000324d8                mbedtls_mpi_lset
                0x00032500                mbedtls_mpi_shift_r
                0x000325e2                mbedtls_mpi_free
                0x0003260e                mbedtls_ecp_point_free.part.8
                0x00032628                mbedtls_ecp_point_free
                0x0003262e                mbedtls_ecp_group_free
                0x0003268a                mbedtls_mpi_read_binary
                0x000326f6                mbedtls_mpi_copy
                0x0003274a                mbedtls_ecp_copy
                0x00032f04                mbedtls_mpi_sub_mpi
                0x000333bc                mbedtls_ecp_check_pubkey
                0x00033550                bgbuf_chain_add
                0x00033564                bgbuf_chain_len
                0x00033578                ll_advGetMaxEventLength
                0x000336a4                bgbuf_prepend_no_alloc
                0x000336e6                bgbuf_chain_pop_packet
                0x0003370c                bgbuf_append_data
                0x000339f4                bg_pool_free
                0x00033a44                bg_pool_alloc
                0x00033a60                bg_message_run
                0x00033aec                bg_message_call
                0x00033b1a                bg_message_remove_receivers
                0x00033b4c                bg_message_enqueue_free_callback.lto_priv.448
                0x00033c00                bg_message_send
                0x00033c14                bg_message_cancel_matching
                0x00033c6c                bg_malloc
                0x00033c8a                bg_message_add_receiver
                0x00033cae                bg_event_raise
                0x00033cdc                bg_event_allocate
                0x00033d04                att_send_execute_write_response
                0x00033d20                att_send_write_response
                0x00033d3c                att_send_error_response
                0x00033d64                ll_advUpdateMaxEventLength
                0x00033d98                bgbuf_free
                0x00033e10                bgbuf_get_data.part.1.lto_priv.781
                0x00033ef6                bgbuf_copy_to
                0x00033f0c                bgbuf_chain_defragment
                0x00033f98                bgbuf_chain_drop_end
                0x00033fda                bgbuf_chain_drop
                0x00034006                bgbuf_chain_free
                0x0003401a                ll_advTaskStopHandle
                0x000342c4                bgapi_gatt_listener
                0x00034560                bgbuf_alloc_int.lto_priv.441
                0x00034608                bgbuf_chain_append_data
                0x0003466c                bgbuf_clone_head
                0x000346be                bgbuf_clone
                0x00034730                bgbuf_alloc_copy_data
                0x0003475a                bgbuf_alloc
                0x00034766                bgbuf_chain_prepend_data
                0x000347f0                bgbuf_prepend
                0x0003481a                crypto_management_acquire_preemption
                0x00034988                crypto_management_release_preemption
                0x00034b4e                CRYPTO_KeyBufWriteUnaligned.lto_priv.472.lto_priv.485
                0x00034b4e                CRYPTO_KeyBufWriteUnaligned.lto_priv.473.lto_priv.474
                0x00034d40                aes_crypt_ctr_wrap.lto_priv.433
                0x00034ddc                bg_random_get_data
                0x00034e3c                mbedtls_aes_crypt_ecb
                0x00034ee0                aes_crypt_ecb_wrap.lto_priv.432
                0x00034ee2                aes_setkey_dec_wrap.lto_priv.435
                0x000350f4                ll_advExtTaskHandlerWaitTx
                0x000354c4                ll_advTaskHandlerWaitTx
                0x00035504                ll_advSetData
 .text.unlikely
                0x00035628      0x3b0 C:\Users\sanka\AppData\Local\Temp\ccfyl6Xc.ltrans7.ltrans.o
                0x000356b6                mbedtls_mpi_safe_cond_assign
                0x0003571e                ecp_safe_invert_jac.lto_priv.468
                0x00035766                ecp_normalize_jac_many.lto_priv.469
 .text.RAIL_InitTxPowerCurvesAlt
                0x000359d8       0x20 C:\Users\sanka\SimplicityStudio\v4_workspace\course-project-Sankalppund\platform\radio\rail_lib\autogen\librail_release\librail_efr32xg13_gcc_release.a(pa_conversions_efr32.o)
                0x000359d8                RAIL_InitTxPowerCurvesAlt
 .text.RAIL_ConvertDbmToRaw
                0x000359f8       0xbc C:\Users\sanka\SimplicityStudio\v4_workspace\course-project-Sankalppund\platform\radio\rail_lib\autogen\librail_release\librail_efr32xg13_gcc_release.a(pa_conversions_efr32.o)
                0x000359f8                RAIL_ConvertDbmToRaw
 .text.RAIL_ConvertRawToDbm
                0x00035ab4       0xb0 C:\Users\sanka\SimplicityStudio\v4_workspace\course-project-Sankalppund\platform\radio\rail_lib\autogen\librail_release\librail_efr32xg13_gcc_release.a(pa_conversions_efr32.o)
                0x00035ab4                RAIL_ConvertRawToDbm
 .text.setMultiTimer
                0x00035b64        0x4 C:\Users\sanka\SimplicityStudio\v4_workspace\course-project-Sankalppund\platform\radio\rail_lib\autogen\librail_release\librail_efr32xg13_gcc_release.a(rail_singleprotocol.o)
 .text.cancelMultiTimer
                0x00035b68        0x4 C:\Users\sanka\SimplicityStudio\v4_workspace\course-project-Sankalppund\platform\radio\rail_lib\autogen\librail_release\librail_efr32xg13_gcc_release.a(rail_singleprotocol.o)
 .text.isMultiTimerExpired
                0x00035b6c        0x4 C:\Users\sanka\SimplicityStudio\v4_workspace\course-project-Sankalppund\platform\radio\rail_lib\autogen\librail_release\librail_efr32xg13_gcc_release.a(rail_singleprotocol.o)
 .text.getMultiTimer
                0x00035b70        0x4 C:\Users\sanka\SimplicityStudio\v4_workspace\course-project-Sankalppund\platform\radio\rail_lib\autogen\librail_release\librail_efr32xg13_gcc_release.a(rail_singleprotocol.o)
 .text.getActiveTimerCb
                0x00035b74       0x18 C:\Users\sanka\SimplicityStudio\v4_workspace\course-project-Sankalppund\platform\radio\rail_lib\autogen\librail_release\librail_efr32xg13_gcc_release.a(rail_singleprotocol.o)
 .text.isMultiTimerRunning
                0x00035b8c        0x4 C:\Users\sanka\SimplicityStudio\v4_workspace\course-project-Sankalppund\platform\radio\rail_lib\autogen\librail_release\librail_efr32xg13_gcc_release.a(rail_singleprotocol.o)
 .text.RAIL_Init
                0x00035b90       0x2c C:\Users\sanka\SimplicityStudio\v4_workspace\course-project-Sankalppund\platform\radio\rail_lib\autogen\librail_release\librail_efr32xg13_gcc_release.a(rail_singleprotocol.o)
                0x00035b90                RAIL_Init
 .text.RAIL_GetSchedulerStatus
                0x00035bbc        0x4 C:\Users\sanka\SimplicityStudio\v4_workspace\course-project-Sankalppund\platform\radio\rail_lib\autogen\librail_release\librail_efr32xg13_gcc_release.a(rail_singleprotocol.o)
                0x00035bbc                RAIL_GetSchedulerStatus
 .text.RAIL_ConfigSleep
                0x00035bc0       0x14 C:\Users\sanka\SimplicityStudio\v4_workspace\course-project-Sankalppund\platform\radio\rail_lib\autogen\librail_release\librail_efr32xg13_gcc_release.a(rail_singleprotocol.o)
                0x00035bc0                RAIL_ConfigSleep
 .text.RAIL_Wake
                0x00035bd4        0x4 C:\Users\sanka\SimplicityStudio\v4_workspace\course-project-Sankalppund\platform\radio\rail_lib\autogen\librail_release\librail_efr32xg13_gcc_release.a(rail_singleprotocol.o)
                0x00035bd4                RAIL_Wake
 .text.RAIL_Sleep
                0x00035bd8       0x18 C:\Users\sanka\SimplicityStudio\v4_workspace\course-project-Sankalppund\platform\radio\rail_lib\autogen\librail_release\librail_efr32xg13_gcc_release.a(rail_singleprotocol.o)
                0x00035bd8                RAIL_Sleep
 .text.RAIL_Idle
                0x00035bf0        0x8 C:\Users\sanka\SimplicityStudio\v4_workspace\course-project-Sankalppund\platform\radio\rail_lib\autogen\librail_release\librail_efr32xg13_gcc_release.a(rail_singleprotocol.o)
                0x00035bf0                RAIL_Idle
 .text.RAIL_YieldRadio
                0x00035bf8        0x2 C:\Users\sanka\SimplicityStudio\v4_workspace\course-project-Sankalppund\platform\radio\rail_lib\autogen\librail_release\librail_efr32xg13_gcc_release.a(rail_singleprotocol.o)
                0x00035bf8                RAIL_YieldRadio
 .text.RAIL_GetRadioEntropy
                0x00035bfa        0x8 C:\Users\sanka\SimplicityStudio\v4_workspace\course-project-Sankalppund\platform\radio\rail_lib\autogen\librail_release\librail_efr32xg13_gcc_release.a(rail_singleprotocol.o)
                0x00035bfa                RAIL_GetRadioEntropy
 .text.RAIL_SetTimer
                0x00035c02       0x1c C:\Users\sanka\SimplicityStudio\v4_workspace\course-project-Sankalppund\platform\radio\rail_lib\autogen\librail_release\librail_efr32xg13_gcc_release.a(rail_singleprotocol.o)
                0x00035c02                RAIL_SetTimer
 .text.RAIL_CancelTimer
                0x00035c1e        0xe C:\Users\sanka\SimplicityStudio\v4_workspace\course-project-Sankalppund\platform\radio\rail_lib\autogen\librail_release\librail_efr32xg13_gcc_release.a(rail_singleprotocol.o)
                0x00035c1e                RAIL_CancelTimer
 .text.RAIL_StartTx
                0x00035c2c        0x8 C:\Users\sanka\SimplicityStudio\v4_workspace\course-project-Sankalppund\platform\radio\rail_lib\autogen\librail_release\librail_efr32xg13_gcc_release.a(rail_singleprotocol.o)
                0x00035c2c                RAIL_StartTx
 .text.RAIL_StartScheduledTx
                0x00035c34        0x8 C:\Users\sanka\SimplicityStudio\v4_workspace\course-project-Sankalppund\platform\radio\rail_lib\autogen\librail_release\librail_efr32xg13_gcc_release.a(rail_singleprotocol.o)
                0x00035c34                RAIL_StartScheduledTx
 .text.RAIL_ScheduleRx
                0x00035c3c        0x8 C:\Users\sanka\SimplicityStudio\v4_workspace\course-project-Sankalppund\platform\radio\rail_lib\autogen\librail_release\librail_efr32xg13_gcc_release.a(rail_singleprotocol.o)
                0x00035c3c                RAIL_ScheduleRx
 .text.radioConfigChangedDefault
                0x00035c44        0x2 C:\Users\sanka\SimplicityStudio\v4_workspace\course-project-Sankalppund\platform\radio\rail_lib\autogen\librail_release\librail_efr32xg13_gcc_release.a(rail_rf.o)
 .text.isTransitionState
                0x00035c46       0x12 C:\Users\sanka\SimplicityStudio\v4_workspace\course-project-Sankalppund\platform\radio\rail_lib\autogen\librail_release\librail_efr32xg13_gcc_release.a(rail_rf.o)
 .text.RAILCore_Idle.part.2
                0x00035c58        0xc C:\Users\sanka\SimplicityStudio\v4_workspace\course-project-Sankalppund\platform\radio\rail_lib\autogen\librail_release\librail_efr32xg13_gcc_release.a(rail_rf.o)
 .text.RAIL_UnlockModule
                0x00035c64        0x4 C:\Users\sanka\SimplicityStudio\v4_workspace\course-project-Sankalppund\platform\radio\rail_lib\autogen\librail_release\librail_efr32xg13_gcc_release.a(rail_rf.o)
                0x00035c64                RAIL_UnlockModule
 .text.RAILCore_Init
                0x00035c68       0x1e C:\Users\sanka\SimplicityStudio\v4_workspace\course-project-Sankalppund\platform\radio\rail_lib\autogen\librail_release\librail_efr32xg13_gcc_release.a(rail_rf.o)
                0x00035c68                RAILINT_59121321a1358ecc506fdb12a688e30c
 *fill*         0x00035c86        0x2 
 .text.RAILInt_SetCallbackConfig
                0x00035c88       0x28 C:\Users\sanka\SimplicityStudio\v4_workspace\course-project-Sankalppund\platform\radio\rail_lib\autogen\librail_release\librail_efr32xg13_gcc_release.a(rail_rf.o)
                0x00035c88                RAILINT_67b8f114888c610aba62f28a55421a70
 .text.RAILCore_Idle
                0x00035cb0       0x14 C:\Users\sanka\SimplicityStudio\v4_workspace\course-project-Sankalppund\platform\radio\rail_lib\autogen\librail_release\librail_efr32xg13_gcc_release.a(rail_rf.o)
                0x00035cb0                RAILINT_c5804fbffcb4bb00ba2d55e8180afacd
 .text.RAILCb_CalcSymbolRate
                0x00035cc4        0x8 C:\Users\sanka\SimplicityStudio\v4_workspace\course-project-Sankalppund\platform\radio\rail_lib\autogen\librail_release\librail_efr32xg13_gcc_release.a(rail_rf.o)
                0x00035cc4                RAILCb_CalcSymbolRate
 .text.RAILCb_CalcBitRate
                0x00035ccc        0x8 C:\Users\sanka\SimplicityStudio\v4_workspace\course-project-Sankalppund\platform\radio\rail_lib\autogen\librail_release\librail_efr32xg13_gcc_release.a(rail_rf.o)
                0x00035ccc                RAILCb_CalcBitRate
 .text.RAIL_SetStateTiming
                0x00035cd4        0x8 C:\Users\sanka\SimplicityStudio\v4_workspace\course-project-Sankalppund\platform\radio\rail_lib\autogen\librail_release\librail_efr32xg13_gcc_release.a(rail_rf.o)
                0x00035cd4                RAIL_SetStateTiming
 .text.RAILInt_ComputeSetChannel
                0x00035cdc       0xac C:\Users\sanka\SimplicityStudio\v4_workspace\course-project-Sankalppund\platform\radio\rail_lib\autogen\librail_release\librail_efr32xg13_gcc_release.a(rail_rf.o)
                0x00035cdc                RAILINT_72eb364d7718334eae17f88a79f3de40
 .text.RAILInt_SetChannelRaw
                0x00035d88      0x140 C:\Users\sanka\SimplicityStudio\v4_workspace\course-project-Sankalppund\platform\radio\rail_lib\autogen\librail_release\librail_efr32xg13_gcc_release.a(rail_rf.o)
                0x00035d88                RAILINT_a7edce70c9b1ddcd5d57d31ae701eb09
 .text.RAILInt_SetChannel
                0x00035ec8       0x30 C:\Users\sanka\SimplicityStudio\v4_workspace\course-project-Sankalppund\platform\radio\rail_lib\autogen\librail_release\librail_efr32xg13_gcc_release.a(rail_rf.o)
                0x00035ec8                RAILINT_e0dfaecc04939a24e643c7a83fed51fa
 .text.RAILCore_ConfigChannels
                0x00035ef8       0x70 C:\Users\sanka\SimplicityStudio\v4_workspace\course-project-Sankalppund\platform\radio\rail_lib\autogen\librail_release\librail_efr32xg13_gcc_release.a(rail_rf.o)
                0x00035ef8                RAILINT_4d8e913cc0a2a756e4017ab74ecff076
 .text.RAILInt_GetChannel
                0x00035f68        0x4 C:\Users\sanka\SimplicityStudio\v4_workspace\course-project-Sankalppund\platform\radio\rail_lib\autogen\librail_release\librail_efr32xg13_gcc_release.a(rail_rf.o)
                0x00035f68                RAILINT_aa7b882f5023851e2f6a935b3993ee64
 .text.RAILCore_SetTxTransitions
                0x00035f6c       0x3c C:\Users\sanka\SimplicityStudio\v4_workspace\course-project-Sankalppund\platform\radio\rail_lib\autogen\librail_release\librail_efr32xg13_gcc_release.a(rail_rf.o)
                0x00035f6c                RAILINT_60c29796d4368fee9b7d114bf204b331
 .text.RAIL_SetTxTransitions
                0x00035fa8        0x8 C:\Users\sanka\SimplicityStudio\v4_workspace\course-project-Sankalppund\platform\radio\rail_lib\autogen\librail_release\librail_efr32xg13_gcc_release.a(rail_rf.o)
                0x00035fa8                RAIL_SetTxTransitions
 .text.RAILCore_SetRxTransitions
                0x00035fb0       0x38 C:\Users\sanka\SimplicityStudio\v4_workspace\course-project-Sankalppund\platform\radio\rail_lib\autogen\librail_release\librail_efr32xg13_gcc_release.a(rail_rf.o)
                0x00035fb0                RAILINT_20405add256d5061bc482206e21c44d6
 .text.RAIL_SetRxTransitions
                0x00035fe8        0x8 C:\Users\sanka\SimplicityStudio\v4_workspace\course-project-Sankalppund\platform\radio\rail_lib\autogen\librail_release\librail_efr32xg13_gcc_release.a(rail_rf.o)
                0x00035fe8                RAIL_SetRxTransitions
 .text.RAIL_ConfigEvents
                0x00035ff0       0x14 C:\Users\sanka\SimplicityStudio\v4_workspace\course-project-Sankalppund\platform\radio\rail_lib\autogen\librail_release\librail_efr32xg13_gcc_release.a(rail_rf.o)
                0x00035ff0                RAIL_ConfigEvents
 .text.RAIL_ConfigRxOptions
                0x00036004        0x8 C:\Users\sanka\SimplicityStudio\v4_workspace\course-project-Sankalppund\platform\radio\rail_lib\autogen\librail_release\librail_efr32xg13_gcc_release.a(rail_rx.o)
                0x00036004                RAIL_ConfigRxOptions
 .text.RAILCore_ScheduleRx
                0x0003600c       0x2c C:\Users\sanka\SimplicityStudio\v4_workspace\course-project-Sankalppund\platform\radio\rail_lib\autogen\librail_release\librail_efr32xg13_gcc_release.a(rail_rx.o)
                0x0003600c                RAILINT_086017fdb374a998d21f5428f8f3accf
 .text.RAILCb_ConfigFrameTypeLength
                0x00036038        0x4 C:\Users\sanka\SimplicityStudio\v4_workspace\course-project-Sankalppund\platform\radio\rail_lib\autogen\librail_release\librail_efr32xg13_gcc_release.a(rail_rx.o)
                0x00036038                RAILCb_ConfigFrameTypeLength
 .text.RAIL_GetTxPower
                0x0003603c        0x8 C:\Users\sanka\SimplicityStudio\v4_workspace\course-project-Sankalppund\platform\radio\rail_lib\autogen\librail_release\librail_efr32xg13_gcc_release.a(rail_tx.o)
                0x0003603c                RAIL_GetTxPower
 .text.RAIL_ConfigTxPower
                0x00036044       0x20 C:\Users\sanka\SimplicityStudio\v4_workspace\course-project-Sankalppund\platform\radio\rail_lib\autogen\librail_release\librail_efr32xg13_gcc_release.a(rail_tx.o)
                0x00036044                RAIL_ConfigTxPower
 .text.RAIL_VerifyTxPowerCurves
                0x00036064        0x4 C:\Users\sanka\SimplicityStudio\v4_workspace\course-project-Sankalppund\platform\radio\rail_lib\autogen\librail_release\librail_efr32xg13_gcc_release.a(rail_tx.o)
                0x00036064                RAIL_VerifyTxPowerCurves
 .text.RAIL_GetTxPowerConfig
                0x00036068        0x8 C:\Users\sanka\SimplicityStudio\v4_workspace\course-project-Sankalppund\platform\radio\rail_lib\autogen\librail_release\librail_efr32xg13_gcc_release.a(rail_tx.o)
                0x00036068                RAIL_GetTxPowerConfig
 .text.RAIL_SetTxPowerDbm
                0x00036070       0x36 C:\Users\sanka\SimplicityStudio\v4_workspace\course-project-Sankalppund\platform\radio\rail_lib\autogen\librail_release\librail_efr32xg13_gcc_release.a(rail_tx.o)
                0x00036070                RAIL_SetTxPowerDbm
 .text.RAILInt_PendCal
                0x000360a6       0x24 C:\Users\sanka\SimplicityStudio\v4_workspace\course-project-Sankalppund\platform\radio\rail_lib\autogen\librail_release\librail_efr32xg13_gcc_release.a(rail_calibration.o)
                0x000360a6                RAILINT_3f0b6529856489702e1c986caf70e7aa
 .text.RAIL_WriteTxFifo
                0x000360ca        0x8 C:\Users\sanka\SimplicityStudio\v4_workspace\course-project-Sankalppund\platform\radio\rail_lib\autogen\librail_release\librail_efr32xg13_gcc_release.a(rail_data.o)
                0x000360ca                RAIL_WriteTxFifo
 .text.RAIL_SetTxFifo
                0x000360d2        0x8 C:\Users\sanka\SimplicityStudio\v4_workspace\course-project-Sankalppund\platform\radio\rail_lib\autogen\librail_release\librail_efr32xg13_gcc_release.a(rail_data.o)
                0x000360d2                RAIL_SetTxFifo
 .text.RAIL_SetRxFifo
                0x000360da        0x8 C:\Users\sanka\SimplicityStudio\v4_workspace\course-project-Sankalppund\platform\radio\rail_lib\autogen\librail_release\librail_efr32xg13_gcc_release.a(rail_data.o)
                0x000360da                RAIL_SetRxFifo
 *fill*         0x000360e2        0x2 
 .text.RAILCb_SetupRxFifo
                0x000360e4       0x30 C:\Users\sanka\SimplicityStudio\v4_workspace\course-project-Sankalppund\platform\radio\rail_lib\autogen\librail_release\librail_efr32xg13_gcc_release.a(rail_data.o)
                0x000360e4                RAILCb_SetupRxFifo
 .text.RAIL_GetRxPacketInfo
                0x00036114        0x8 C:\Users\sanka\SimplicityStudio\v4_workspace\course-project-Sankalppund\platform\radio\rail_lib\autogen\librail_release\librail_efr32xg13_gcc_release.a(rail_data.o)
                0x00036114                RAIL_GetRxPacketInfo
 .text.RAIL_GetRxPacketDetailsAlt
                0x0003611c        0x8 C:\Users\sanka\SimplicityStudio\v4_workspace\course-project-Sankalppund\platform\radio\rail_lib\autogen\librail_release\librail_efr32xg13_gcc_release.a(rail_data.o)
                0x0003611c                RAIL_GetRxPacketDetailsAlt
 .text.RAIL_GetRxTimePreambleStartAlt
                0x00036124        0x8 C:\Users\sanka\SimplicityStudio\v4_workspace\course-project-Sankalppund\platform\radio\rail_lib\autogen\librail_release\librail_efr32xg13_gcc_release.a(rail_data.o)
                0x00036124                RAIL_GetRxTimePreambleStartAlt
 .text.RAIL_ResetFifo
                0x0003612c       0x24 C:\Users\sanka\SimplicityStudio\v4_workspace\course-project-Sankalppund\platform\radio\rail_lib\autogen\librail_release\librail_efr32xg13_gcc_release.a(rail_data.o)
                0x0003612c                RAIL_ResetFifo
 .text.RAILCb_AssertFailed
                0x00036150       0x14 C:\Users\sanka\SimplicityStudio\v4_workspace\course-project-Sankalppund\platform\radio\rail_lib\autogen\librail_release\librail_efr32xg13_gcc_release.a(rail_assert.o)
                0x00036150                RAILCb_AssertFailed
 .text.RAILInt_Assert
                0x00036164       0x1c C:\Users\sanka\SimplicityStudio\v4_workspace\course-project-Sankalppund\platform\radio\rail_lib\autogen\librail_release\librail_efr32xg13_gcc_release.a(rail_assert.o)
                0x00036164                RAILINT_999bd22c50df2f99ce048cba68f11c3a
 .text.RAIL_ConfigPti
                0x00036180        0x6 C:\Users\sanka\SimplicityStudio\v4_workspace\course-project-Sankalppund\platform\radio\rail_lib\autogen\librail_release\librail_efr32xg13_gcc_release.a(rail_pti.o)
                0x00036180                RAIL_ConfigPti
 .text.RAIL_EnablePti
                0x00036186        0x6 C:\Users\sanka\SimplicityStudio\v4_workspace\course-project-Sankalppund\platform\radio\rail_lib\autogen\librail_release\librail_efr32xg13_gcc_release.a(rail_pti.o)
                0x00036186                RAIL_EnablePti
 .text.RAIL_GetTime
                0x0003618c        0x4 C:\Users\sanka\SimplicityStudio\v4_workspace\course-project-Sankalppund\platform\radio\rail_lib\autogen\librail_release\librail_efr32xg13_gcc_release.a(rail_timer.o)
                0x0003618c                RAIL_GetTime
 .text.RAILCore_BLE_Init
                0x00036190       0x14 C:\Users\sanka\SimplicityStudio\v4_workspace\course-project-Sankalppund\platform\radio\rail_lib\autogen\librail_release\librail_efr32xg13_gcc_release.a(rail_ble.o)
                0x00036190                RAILINT_5068bbb2b6fcc434fb14cc631c1d5448
 .text.RAIL_BLE_Init
                0x000361a4        0x8 C:\Users\sanka\SimplicityStudio\v4_workspace\course-project-Sankalppund\platform\radio\rail_lib\autogen\librail_release\librail_efr32xg13_gcc_release.a(rail_ble.o)
                0x000361a4                RAIL_BLE_Init
 .text.RAILCore_BLE_ConfigPhy1MbpsViterbi
                0x000361ac       0x1e C:\Users\sanka\SimplicityStudio\v4_workspace\course-project-Sankalppund\platform\radio\rail_lib\autogen\librail_release\librail_efr32xg13_gcc_release.a(rail_ble.o)
                0x000361ac                RAILINT_e88543c9b596792889571c0f7b731dba
 .text.RAIL_BLE_ConfigPhy1MbpsViterbi
                0x000361ca        0x8 C:\Users\sanka\SimplicityStudio\v4_workspace\course-project-Sankalppund\platform\radio\rail_lib\autogen\librail_release\librail_efr32xg13_gcc_release.a(rail_ble.o)
                0x000361ca                RAIL_BLE_ConfigPhy1MbpsViterbi
 .text.RAILCore_BLE_ConfigPhy2MbpsViterbi
                0x000361d2       0x1e C:\Users\sanka\SimplicityStudio\v4_workspace\course-project-Sankalppund\platform\radio\rail_lib\autogen\librail_release\librail_efr32xg13_gcc_release.a(rail_ble.o)
                0x000361d2                RAILINT_1bbb34915939a1132d22091036a46419
 .text.RAIL_BLE_ConfigPhy2MbpsViterbi
                0x000361f0        0x8 C:\Users\sanka\SimplicityStudio\v4_workspace\course-project-Sankalppund\platform\radio\rail_lib\autogen\librail_release\librail_efr32xg13_gcc_release.a(rail_ble.o)
                0x000361f0                RAIL_BLE_ConfigPhy2MbpsViterbi
 .text.RAILCore_BLE_ConfigPhyCoded
                0x000361f8       0x22 C:\Users\sanka\SimplicityStudio\v4_workspace\course-project-Sankalppund\platform\radio\rail_lib\autogen\librail_release\librail_efr32xg13_gcc_release.a(rail_ble.o)
                0x000361f8                RAILINT_2ee23e3f7dca1747f4df921175595919
 .text.RAIL_BLE_ConfigPhyCoded
                0x0003621a        0x8 C:\Users\sanka\SimplicityStudio\v4_workspace\course-project-Sankalppund\platform\radio\rail_lib\autogen\librail_release\librail_efr32xg13_gcc_release.a(rail_ble.o)
                0x0003621a                RAIL_BLE_ConfigPhyCoded
 .text.RAILCore_BLE_ConfigChannelRadioParams
                0x00036222       0x46 C:\Users\sanka\SimplicityStudio\v4_workspace\course-project-Sankalppund\platform\radio\rail_lib\autogen\librail_release\librail_efr32xg13_gcc_release.a(rail_ble.o)
                0x00036222                RAILINT_301fd6966b03cc938549fcaff8ed0b8e
 .text.RAIL_BLE_ConfigChannelRadioParams
                0x00036268       0x12 C:\Users\sanka\SimplicityStudio\v4_workspace\course-project-Sankalppund\platform\radio\rail_lib\autogen\librail_release\librail_efr32xg13_gcc_release.a(rail_ble.o)
                0x00036268                RAIL_BLE_ConfigChannelRadioParams
 .text.RAIL_BLE_PhySwitchToRx
                0x0003627a       0x20 C:\Users\sanka\SimplicityStudio\v4_workspace\course-project-Sankalppund\platform\radio\rail_lib\autogen\librail_release\librail_efr32xg13_gcc_release.a(rail_ble.o)
                0x0003627a                RAIL_BLE_PhySwitchToRx
 *fill*         0x0003629a        0x2 
 .text.IRCAL_Set
                0x0003629c       0x1c C:\Users\sanka\SimplicityStudio\v4_workspace\course-project-Sankalppund\platform\radio\rail_lib\autogen\librail_release\librail_efr32xg13_gcc_release.a(rfhal_ircal.o)
                0x0003629c                RAILINT_67aee7cfdf57d15f6ecf2affca3224a0
 .text.RFHAL_ApplyIrCalibration
                0x000362b8       0x20 C:\Users\sanka\SimplicityStudio\v4_workspace\course-project-Sankalppund\platform\radio\rail_lib\autogen\librail_release\librail_efr32xg13_gcc_release.a(rfhal_ircal.o)
                0x000362b8                RAILINT_cdd58a3e55e8dd8d2fbbb62166e06b9f
 .text.RFHAL_UnlockModule
                0x000362d8        0x2 C:\Users\sanka\SimplicityStudio\v4_workspace\course-project-Sankalppund\platform\radio\rail_lib\autogen\librail_release\librail_efr32xg13_gcc_release.a(rfhal_module.o)
                0x000362d8                RAILINT_9e5a39b656d2a45af0b472d761e7ae36